host: compute-p-17-175.o2.rc.hms.harvard.edu
Building DAG of jobs...
Using shell: /usr/bin/bash
Provided remote nodes: 1
Provided resources: mem_mb=1000, mem_mib=954, disk_mb=1000, disk_mib=954
Select jobs to execute...
Execute 1 jobs...

[Tue Mar  4 18:38:28 2025]
rule estimate_timing:
    input: output/multiplicities/Patient15_multiplicities.tsv
    output: output/timing_results/Patient15_timing.tsv, output/timing_plots/Patient15_timing_plot.pdf
    jobid: 0
    reason: Forced execution
    wildcards: sample=Patient15
    resources: mem_mb=1000, mem_mib=954, disk_mb=1000, disk_mib=954, tmpdir=<TBD>, slurm_account=park_contrib, slurm_partition=park, runtime=14400

host: compute-p-17-175.o2.rc.hms.harvard.edu
Building DAG of jobs...
Using shell: /usr/bin/bash
Provided cores: 1 (use --cores to define parallelism)
Rules claiming more threads will be scaled down.
Provided resources: mem_mb=1000, mem_mib=954, disk_mb=1000, disk_mib=954
Select jobs to execute...
Execute 1 jobs...

[Tue Mar  4 18:38:34 2025]
localrule estimate_timing:
    input: output/multiplicities/Patient15_multiplicities.tsv
    output: output/timing_results/Patient15_timing.tsv, output/timing_plots/Patient15_timing_plot.pdf
    jobid: 0
    reason: Forced execution
    wildcards: sample=Patient15
    resources: mem_mb=1000, mem_mib=954, disk_mb=1000, disk_mib=954, tmpdir=/tmp, slurm_account=park_contrib, slurm_partition=park, runtime=14400

/n/data1/hms/dbmi/park/jbrew/Tau/Tau_github/package/tau/timing_results.py:39: RuntimeWarning: divide by zero encountered in log
  return -np.sum(counts * np.log(lambdas) - lambdas)
/n/data1/hms/dbmi/park/jbrew/Tau/Tau_github/package/tau/timing_results.py:39: RuntimeWarning: invalid value encountered in multiply
  return -np.sum(counts * np.log(lambdas) - lambdas)
/n/data1/hms/dbmi/park/jbrew/Tau/Tau_github/package/tau/timing_results.py:39: RuntimeWarning: invalid value encountered in log
  return -np.sum(counts * np.log(lambdas) - lambdas)
Traceback (most recent call last):
  File "sage/symbolic/expression.pyx", line 1957, in sage.symbolic.expression.Expression.__float__ (build/cythonized/sage/symbolic/expression.cpp:52656)
  File "sage/symbolic/expression.pyx", line 1639, in sage.symbolic.expression.Expression._eval_self (build/cythonized/sage/symbolic/expression.cpp:49709)
TypeError: cannot evaluate symbolic expression to a numeric value

During handling of the above exception, another exception occurred:

Traceback (most recent call last):
  File "sage/symbolic/expression.pyx", line 1960, in sage.symbolic.expression.Expression.__float__ (build/cythonized/sage/symbolic/expression.cpp:52718)
  File "sage/symbolic/expression.pyx", line 1639, in sage.symbolic.expression.Expression._eval_self (build/cythonized/sage/symbolic/expression.cpp:49709)
TypeError: cannot evaluate symbolic expression to a numeric value

During handling of the above exception, another exception occurred:

Traceback (most recent call last):
  File "/n/data1/hms/dbmi/park/jbrew/Tau/Tau_github/examples/inform_run/snakemake/scripts/estimate_timing.py", line 36, in <module>
    sorted_segments, timing_df, breakpoints = tau.calculate_timing_solutions(sample,
                                              ^^^^^^^^^^^^^^^^^^^^^^^^^^^^^^^^^^^^^^
  File "/n/data1/hms/dbmi/park/jbrew/Tau/Tau_github/package/tau/timing_results.py", line 651, in calculate_timing_solutions
    breakpoints, all_segments, solutions_df = calculate_breakpoints(sorted_segments)
                                              ^^^^^^^^^^^^^^^^^^^^^^^^^^^^^^^^^^^^^^
  File "/n/data1/hms/dbmi/park/jbrew/Tau/Tau_github/package/tau/timing_results.py", line 91, in calculate_breakpoints
    x_vals = np.linspace(float(lower), float(upper), 3)
                                       ^^^^^^^^^^^^
  File "sage/symbolic/expression.pyx", line 1966, in sage.symbolic.expression.Expression.__float__ (build/cythonized/sage/symbolic/expression.cpp:52860)
TypeError: unable to simplify to float approximation
[Tue Mar  4 18:39:00 2025]
Error in rule estimate_timing:
    jobid: 0
    input: output/multiplicities/Patient15_multiplicities.tsv
    output: output/timing_results/Patient15_timing.tsv, output/timing_plots/Patient15_timing_plot.pdf
    shell:
        
        python scripts/estimate_timing.py             --sample Patient15             --multiplicities output/multiplicities/Patient15_multiplicities.tsv             --output_tsv output/timing_results/Patient15_timing.tsv             --output_plot output/timing_plots/Patient15_timing_plot.pdf
        
        (one of the commands exited with non-zero exit code; note that snakemake uses bash strict mode!)

Shutting down, this might take some time.
Exiting because a job execution failed. Look above for error message
Storing output in storage.
WorkflowError:
At least one job did not complete successfully.
srun: error: compute-p-17-175: task 0: Exited with exit code 1
[Tue Mar  4 18:39:00 2025]
Error in rule estimate_timing:
    jobid: 0
    input: output/multiplicities/Patient15_multiplicities.tsv
    output: output/timing_results/Patient15_timing.tsv, output/timing_plots/Patient15_timing_plot.pdf
    shell:
        
        python scripts/estimate_timing.py             --sample Patient15             --multiplicities output/multiplicities/Patient15_multiplicities.tsv             --output_tsv output/timing_results/Patient15_timing.tsv             --output_plot output/timing_plots/Patient15_timing_plot.pdf
        
        (one of the commands exited with non-zero exit code; note that snakemake uses bash strict mode!)

Shutting down, this might take some time.
Exiting because a job execution failed. Look above for error message
Storing output in storage.
WorkflowError:
At least one job did not complete successfully.
