host: compute-p-17-180.o2.rc.hms.harvard.edu
Building DAG of jobs...
You are running snakemake in a SLURM job context. This is not recommended, as it may lead to unexpected behavior. Please run Snakemake directly on the login node.
SLURM run ID: d0f8fcfa-2d5b-4726-8a8d-a613865b4c0a
Using shell: /usr/bin/bash
Provided remote nodes: 300
Job stats:
job                count
---------------  -------
all                    1
estimate_timing       33
total                 34

Select jobs to execute...
Execute 33 jobs...

[Fri Mar  7 16:25:12 2025]
rule estimate_timing:
    input: output/multiplicities/Patient43_multiplicities.tsv
    output: output/timing_results/Patient43_timing.tsv, output/timing_plots/Patient43_timing_plot.pdf
    jobid: 53
    reason: Missing output files: output/timing_plots/Patient43_timing_plot.pdf
    wildcards: sample=Patient43
    resources: mem_mb=1000, mem_mib=954, disk_mb=1000, disk_mib=954, tmpdir=<TBD>, slurm_account=park_contrib, slurm_partition=park, runtime=14400

Job 53 has been submitted with SLURM jobid 61325318 (log: /n/data1/hms/dbmi/park/jbrew/Tau/Tau_github/examples/inform_run/snakemake/.snakemake/slurm_logs/rule_estimate_timing/Patient43/61325318.log).

[Fri Mar  7 16:25:17 2025]
rule estimate_timing:
    input: output/multiplicities/Patient82_multiplicities.tsv
    output: output/timing_results/Patient82_timing.tsv, output/timing_plots/Patient82_timing_plot.pdf
    jobid: 113
    reason: Missing output files: output/timing_plots/Patient82_timing_plot.pdf
    wildcards: sample=Patient82
    resources: mem_mb=1000, mem_mib=954, disk_mb=1000, disk_mib=954, tmpdir=<TBD>, slurm_account=park_contrib, slurm_partition=park, runtime=14400

Job 113 has been submitted with SLURM jobid 61325319 (log: /n/data1/hms/dbmi/park/jbrew/Tau/Tau_github/examples/inform_run/snakemake/.snakemake/slurm_logs/rule_estimate_timing/Patient82/61325319.log).

[Fri Mar  7 16:25:17 2025]
rule estimate_timing:
    input: output/multiplicities/Patient86_multiplicities.tsv
    output: output/timing_results/Patient86_timing.tsv, output/timing_plots/Patient86_timing_plot.pdf
    jobid: 117
    reason: Missing output files: output/timing_plots/Patient86_timing_plot.pdf
    wildcards: sample=Patient86
    resources: mem_mb=1000, mem_mib=954, disk_mb=1000, disk_mib=954, tmpdir=<TBD>, slurm_account=park_contrib, slurm_partition=park, runtime=14400

Job 117 has been submitted with SLURM jobid 61325320 (log: /n/data1/hms/dbmi/park/jbrew/Tau/Tau_github/examples/inform_run/snakemake/.snakemake/slurm_logs/rule_estimate_timing/Patient86/61325320.log).

[Fri Mar  7 16:25:17 2025]
rule estimate_timing:
    input: output/multiplicities/Patient44_multiplicities.tsv
    output: output/timing_results/Patient44_timing.tsv, output/timing_plots/Patient44_timing_plot.pdf
    jobid: 57
    reason: Missing output files: output/timing_plots/Patient44_timing_plot.pdf
    wildcards: sample=Patient44
    resources: mem_mb=1000, mem_mib=954, disk_mb=1000, disk_mib=954, tmpdir=<TBD>, slurm_account=park_contrib, slurm_partition=park, runtime=14400

Job 57 has been submitted with SLURM jobid 61325321 (log: /n/data1/hms/dbmi/park/jbrew/Tau/Tau_github/examples/inform_run/snakemake/.snakemake/slurm_logs/rule_estimate_timing/Patient44/61325321.log).

[Fri Mar  7 16:25:18 2025]
rule estimate_timing:
    input: output/multiplicities/Patient101_multiplicities.tsv
    output: output/timing_results/Patient101_timing.tsv, output/timing_plots/Patient101_timing_plot.pdf
    jobid: 1
    reason: Missing output files: output/timing_plots/Patient101_timing_plot.pdf
    wildcards: sample=Patient101
    resources: mem_mb=1000, mem_mib=954, disk_mb=1000, disk_mib=954, tmpdir=<TBD>, slurm_account=park_contrib, slurm_partition=park, runtime=14400

Job 1 has been submitted with SLURM jobid 61325323 (log: /n/data1/hms/dbmi/park/jbrew/Tau/Tau_github/examples/inform_run/snakemake/.snakemake/slurm_logs/rule_estimate_timing/Patient101/61325323.log).

[Fri Mar  7 16:25:18 2025]
rule estimate_timing:
    input: output/multiplicities/Patient47_multiplicities.tsv
    output: output/timing_results/Patient47_timing.tsv, output/timing_plots/Patient47_timing_plot.pdf
    jobid: 61
    reason: Missing output files: output/timing_plots/Patient47_timing_plot.pdf
    wildcards: sample=Patient47
    resources: mem_mb=1000, mem_mib=954, disk_mb=1000, disk_mib=954, tmpdir=<TBD>, slurm_account=park_contrib, slurm_partition=park, runtime=14400

Job 61 has been submitted with SLURM jobid 61325324 (log: /n/data1/hms/dbmi/park/jbrew/Tau/Tau_github/examples/inform_run/snakemake/.snakemake/slurm_logs/rule_estimate_timing/Patient47/61325324.log).

[Fri Mar  7 16:25:18 2025]
rule estimate_timing:
    input: output/multiplicities/Patient87_multiplicities.tsv
    output: output/timing_results/Patient87_timing.tsv, output/timing_plots/Patient87_timing_plot.pdf
    jobid: 121
    reason: Missing output files: output/timing_plots/Patient87_timing_plot.pdf
    wildcards: sample=Patient87
    resources: mem_mb=1000, mem_mib=954, disk_mb=1000, disk_mib=954, tmpdir=<TBD>, slurm_account=park_contrib, slurm_partition=park, runtime=14400

Job 121 has been submitted with SLURM jobid 61325325 (log: /n/data1/hms/dbmi/park/jbrew/Tau/Tau_github/examples/inform_run/snakemake/.snakemake/slurm_logs/rule_estimate_timing/Patient87/61325325.log).

[Fri Mar  7 16:25:19 2025]
rule estimate_timing:
    input: output/multiplicities/Patient50_multiplicities.tsv
    output: output/timing_results/Patient50_timing.tsv, output/timing_plots/Patient50_timing_plot.pdf
    jobid: 65
    reason: Missing output files: output/timing_plots/Patient50_timing_plot.pdf
    wildcards: sample=Patient50
    resources: mem_mb=1000, mem_mib=954, disk_mb=1000, disk_mib=954, tmpdir=<TBD>, slurm_account=park_contrib, slurm_partition=park, runtime=14400

Job 65 has been submitted with SLURM jobid 61325327 (log: /n/data1/hms/dbmi/park/jbrew/Tau/Tau_github/examples/inform_run/snakemake/.snakemake/slurm_logs/rule_estimate_timing/Patient50/61325327.log).

[Fri Mar  7 16:25:19 2025]
rule estimate_timing:
    input: output/multiplicities/Patient109_multiplicities.tsv
    output: output/timing_results/Patient109_timing.tsv, output/timing_plots/Patient109_timing_plot.pdf
    jobid: 5
    reason: Missing output files: output/timing_plots/Patient109_timing_plot.pdf
    wildcards: sample=Patient109
    resources: mem_mb=1000, mem_mib=954, disk_mb=1000, disk_mib=954, tmpdir=<TBD>, slurm_account=park_contrib, slurm_partition=park, runtime=14400

Job 5 has been submitted with SLURM jobid 61325328 (log: /n/data1/hms/dbmi/park/jbrew/Tau/Tau_github/examples/inform_run/snakemake/.snakemake/slurm_logs/rule_estimate_timing/Patient109/61325328.log).

[Fri Mar  7 16:25:19 2025]
rule estimate_timing:
    input: output/multiplicities/Patient90_multiplicities.tsv
    output: output/timing_results/Patient90_timing.tsv, output/timing_plots/Patient90_timing_plot.pdf
    jobid: 125
    reason: Missing output files: output/timing_plots/Patient90_timing_plot.pdf
    wildcards: sample=Patient90
    resources: mem_mb=1000, mem_mib=954, disk_mb=1000, disk_mib=954, tmpdir=<TBD>, slurm_account=park_contrib, slurm_partition=park, runtime=14400

Job 125 has been submitted with SLURM jobid 61325329 (log: /n/data1/hms/dbmi/park/jbrew/Tau/Tau_github/examples/inform_run/snakemake/.snakemake/slurm_logs/rule_estimate_timing/Patient90/61325329.log).

[Fri Mar  7 16:25:20 2025]
rule estimate_timing:
    input: output/multiplicities/Patient113_multiplicities.tsv
    output: output/timing_results/Patient113_timing.tsv, output/timing_plots/Patient113_timing_plot.pdf
    jobid: 9
    reason: Missing output files: output/timing_plots/Patient113_timing_plot.pdf
    wildcards: sample=Patient113
    resources: mem_mb=1000, mem_mib=954, disk_mb=1000, disk_mib=954, tmpdir=<TBD>, slurm_account=park_contrib, slurm_partition=park, runtime=14400

Job 9 has been submitted with SLURM jobid 61325330 (log: /n/data1/hms/dbmi/park/jbrew/Tau/Tau_github/examples/inform_run/snakemake/.snakemake/slurm_logs/rule_estimate_timing/Patient113/61325330.log).

[Fri Mar  7 16:25:20 2025]
rule estimate_timing:
    input: output/multiplicities/Patient55_multiplicities.tsv
    output: output/timing_results/Patient55_timing.tsv, output/timing_plots/Patient55_timing_plot.pdf
    jobid: 69
    reason: Missing output files: output/timing_plots/Patient55_timing_plot.pdf
    wildcards: sample=Patient55
    resources: mem_mb=1000, mem_mib=954, disk_mb=1000, disk_mib=954, tmpdir=<TBD>, slurm_account=park_contrib, slurm_partition=park, runtime=14400

Job 69 has been submitted with SLURM jobid 61325332 (log: /n/data1/hms/dbmi/park/jbrew/Tau/Tau_github/examples/inform_run/snakemake/.snakemake/slurm_logs/rule_estimate_timing/Patient55/61325332.log).

[Fri Mar  7 16:25:20 2025]
rule estimate_timing:
    input: output/multiplicities/Patient94_multiplicities.tsv
    output: output/timing_results/Patient94_timing.tsv, output/timing_plots/Patient94_timing_plot.pdf
    jobid: 129
    reason: Missing output files: output/timing_plots/Patient94_timing_plot.pdf
    wildcards: sample=Patient94
    resources: mem_mb=1000, mem_mib=954, disk_mb=1000, disk_mib=954, tmpdir=<TBD>, slurm_account=park_contrib, slurm_partition=park, runtime=14400

Job 129 has been submitted with SLURM jobid 61325333 (log: /n/data1/hms/dbmi/park/jbrew/Tau/Tau_github/examples/inform_run/snakemake/.snakemake/slurm_logs/rule_estimate_timing/Patient94/61325333.log).

[Fri Mar  7 16:25:20 2025]
rule estimate_timing:
    input: output/multiplicities/Patient15_multiplicities.tsv
    output: output/timing_results/Patient15_timing.tsv, output/timing_plots/Patient15_timing_plot.pdf
    jobid: 13
    reason: Missing output files: output/timing_plots/Patient15_timing_plot.pdf
    wildcards: sample=Patient15
    resources: mem_mb=1000, mem_mib=954, disk_mb=1000, disk_mib=954, tmpdir=<TBD>, slurm_account=park_contrib, slurm_partition=park, runtime=14400

Job 13 has been submitted with SLURM jobid 61325334 (log: /n/data1/hms/dbmi/park/jbrew/Tau/Tau_github/examples/inform_run/snakemake/.snakemake/slurm_logs/rule_estimate_timing/Patient15/61325334.log).

[Fri Mar  7 16:25:21 2025]
rule estimate_timing:
    input: output/multiplicities/Patient57_multiplicities.tsv
    output: output/timing_results/Patient57_timing.tsv, output/timing_plots/Patient57_timing_plot.pdf
    jobid: 73
    reason: Missing output files: output/timing_plots/Patient57_timing_plot.pdf
    wildcards: sample=Patient57
    resources: mem_mb=1000, mem_mib=954, disk_mb=1000, disk_mib=954, tmpdir=<TBD>, slurm_account=park_contrib, slurm_partition=park, runtime=14400

Job 73 has been submitted with SLURM jobid 61325336 (log: /n/data1/hms/dbmi/park/jbrew/Tau/Tau_github/examples/inform_run/snakemake/.snakemake/slurm_logs/rule_estimate_timing/Patient57/61325336.log).

[Fri Mar  7 16:25:21 2025]
rule estimate_timing:
    input: output/multiplicities/Patient17_multiplicities.tsv
    output: output/timing_results/Patient17_timing.tsv, output/timing_plots/Patient17_timing_plot.pdf
    jobid: 17
    reason: Missing output files: output/timing_plots/Patient17_timing_plot.pdf
    wildcards: sample=Patient17
    resources: mem_mb=1000, mem_mib=954, disk_mb=1000, disk_mib=954, tmpdir=<TBD>, slurm_account=park_contrib, slurm_partition=park, runtime=14400

Job 17 has been submitted with SLURM jobid 61325337 (log: /n/data1/hms/dbmi/park/jbrew/Tau/Tau_github/examples/inform_run/snakemake/.snakemake/slurm_logs/rule_estimate_timing/Patient17/61325337.log).

[Fri Mar  7 16:25:21 2025]
rule estimate_timing:
    input: output/multiplicities/Patient58_multiplicities.tsv
    output: output/timing_results/Patient58_timing.tsv, output/timing_plots/Patient58_timing_plot.pdf
    jobid: 77
    reason: Missing output files: output/timing_plots/Patient58_timing_plot.pdf
    wildcards: sample=Patient58
    resources: mem_mb=1000, mem_mib=954, disk_mb=1000, disk_mib=954, tmpdir=<TBD>, slurm_account=park_contrib, slurm_partition=park, runtime=14400

Job 77 has been submitted with SLURM jobid 61325338 (log: /n/data1/hms/dbmi/park/jbrew/Tau/Tau_github/examples/inform_run/snakemake/.snakemake/slurm_logs/rule_estimate_timing/Patient58/61325338.log).

[Fri Mar  7 16:25:22 2025]
rule estimate_timing:
    input: output/multiplicities/Patient18_multiplicities.tsv
    output: output/timing_results/Patient18_timing.tsv, output/timing_plots/Patient18_timing_plot.pdf
    jobid: 21
    reason: Missing output files: output/timing_plots/Patient18_timing_plot.pdf
    wildcards: sample=Patient18
    resources: mem_mb=1000, mem_mib=954, disk_mb=1000, disk_mib=954, tmpdir=<TBD>, slurm_account=park_contrib, slurm_partition=park, runtime=14400

Job 21 has been submitted with SLURM jobid 61325340 (log: /n/data1/hms/dbmi/park/jbrew/Tau/Tau_github/examples/inform_run/snakemake/.snakemake/slurm_logs/rule_estimate_timing/Patient18/61325340.log).

[Fri Mar  7 16:25:22 2025]
rule estimate_timing:
    input: output/multiplicities/Patient64_multiplicities.tsv
    output: output/timing_results/Patient64_timing.tsv, output/timing_plots/Patient64_timing_plot.pdf
    jobid: 81
    reason: Missing output files: output/timing_plots/Patient64_timing_plot.pdf
    wildcards: sample=Patient64
    resources: mem_mb=1000, mem_mib=954, disk_mb=1000, disk_mib=954, tmpdir=<TBD>, slurm_account=park_contrib, slurm_partition=park, runtime=14400

Job 81 has been submitted with SLURM jobid 61325341 (log: /n/data1/hms/dbmi/park/jbrew/Tau/Tau_github/examples/inform_run/snakemake/.snakemake/slurm_logs/rule_estimate_timing/Patient64/61325341.log).

[Fri Mar  7 16:25:22 2025]
rule estimate_timing:
    input: output/multiplicities/Patient1_multiplicities.tsv
    output: output/timing_results/Patient1_timing.tsv, output/timing_plots/Patient1_timing_plot.pdf
    jobid: 25
    reason: Missing output files: output/timing_plots/Patient1_timing_plot.pdf
    wildcards: sample=Patient1
    resources: mem_mb=1000, mem_mib=954, disk_mb=1000, disk_mib=954, tmpdir=<TBD>, slurm_account=park_contrib, slurm_partition=park, runtime=14400

Job 25 has been submitted with SLURM jobid 61325342 (log: /n/data1/hms/dbmi/park/jbrew/Tau/Tau_github/examples/inform_run/snakemake/.snakemake/slurm_logs/rule_estimate_timing/Patient1/61325342.log).

[Fri Mar  7 16:25:22 2025]
rule estimate_timing:
    input: output/multiplicities/Patient65_multiplicities.tsv
    output: output/timing_results/Patient65_timing.tsv, output/timing_plots/Patient65_timing_plot.pdf
    jobid: 85
    reason: Missing output files: output/timing_plots/Patient65_timing_plot.pdf
    wildcards: sample=Patient65
    resources: mem_mb=1000, mem_mib=954, disk_mb=1000, disk_mib=954, tmpdir=<TBD>, slurm_account=park_contrib, slurm_partition=park, runtime=14400

Job 85 has been submitted with SLURM jobid 61325343 (log: /n/data1/hms/dbmi/park/jbrew/Tau/Tau_github/examples/inform_run/snakemake/.snakemake/slurm_logs/rule_estimate_timing/Patient65/61325343.log).

[Fri Mar  7 16:25:23 2025]
rule estimate_timing:
    input: output/multiplicities/Patient20_multiplicities.tsv
    output: output/timing_results/Patient20_timing.tsv, output/timing_plots/Patient20_timing_plot.pdf
    jobid: 29
    reason: Missing output files: output/timing_plots/Patient20_timing_plot.pdf
    wildcards: sample=Patient20
    resources: mem_mb=1000, mem_mib=954, disk_mb=1000, disk_mib=954, tmpdir=<TBD>, slurm_account=park_contrib, slurm_partition=park, runtime=14400

Job 29 has been submitted with SLURM jobid 61325345 (log: /n/data1/hms/dbmi/park/jbrew/Tau/Tau_github/examples/inform_run/snakemake/.snakemake/slurm_logs/rule_estimate_timing/Patient20/61325345.log).

[Fri Mar  7 16:25:23 2025]
rule estimate_timing:
    input: output/multiplicities/Patient68_multiplicities.tsv
    output: output/timing_results/Patient68_timing.tsv, output/timing_plots/Patient68_timing_plot.pdf
    jobid: 89
    reason: Missing output files: output/timing_plots/Patient68_timing_plot.pdf
    wildcards: sample=Patient68
    resources: mem_mb=1000, mem_mib=954, disk_mb=1000, disk_mib=954, tmpdir=<TBD>, slurm_account=park_contrib, slurm_partition=park, runtime=14400

Job 89 has been submitted with SLURM jobid 61325346 (log: /n/data1/hms/dbmi/park/jbrew/Tau/Tau_github/examples/inform_run/snakemake/.snakemake/slurm_logs/rule_estimate_timing/Patient68/61325346.log).

[Fri Mar  7 16:25:23 2025]
rule estimate_timing:
    input: output/multiplicities/Patient37_multiplicities.tsv
    output: output/timing_results/Patient37_timing.tsv, output/timing_plots/Patient37_timing_plot.pdf
    jobid: 49
    reason: Missing output files: output/timing_plots/Patient37_timing_plot.pdf
    wildcards: sample=Patient37
    resources: mem_mb=1000, mem_mib=954, disk_mb=1000, disk_mib=954, tmpdir=<TBD>, slurm_account=park_contrib, slurm_partition=park, runtime=14400

Job 49 has been submitted with SLURM jobid 61325347 (log: /n/data1/hms/dbmi/park/jbrew/Tau/Tau_github/examples/inform_run/snakemake/.snakemake/slurm_logs/rule_estimate_timing/Patient37/61325347.log).

[Fri Mar  7 16:25:24 2025]
rule estimate_timing:
    input: output/multiplicities/Patient25_multiplicities.tsv
    output: output/timing_results/Patient25_timing.tsv, output/timing_plots/Patient25_timing_plot.pdf
    jobid: 33
    reason: Missing output files: output/timing_plots/Patient25_timing_plot.pdf
    wildcards: sample=Patient25
    resources: mem_mb=1000, mem_mib=954, disk_mb=1000, disk_mib=954, tmpdir=<TBD>, slurm_account=park_contrib, slurm_partition=park, runtime=14400

Job 33 has been submitted with SLURM jobid 61325349 (log: /n/data1/hms/dbmi/park/jbrew/Tau/Tau_github/examples/inform_run/snakemake/.snakemake/slurm_logs/rule_estimate_timing/Patient25/61325349.log).

[Fri Mar  7 16:25:24 2025]
rule estimate_timing:
    input: output/multiplicities/Patient76_multiplicities.tsv
    output: output/timing_results/Patient76_timing.tsv, output/timing_plots/Patient76_timing_plot.pdf
    jobid: 93
    reason: Missing output files: output/timing_plots/Patient76_timing_plot.pdf
    wildcards: sample=Patient76
    resources: mem_mb=1000, mem_mib=954, disk_mb=1000, disk_mib=954, tmpdir=<TBD>, slurm_account=park_contrib, slurm_partition=park, runtime=14400

Job 93 has been submitted with SLURM jobid 61325350 (log: /n/data1/hms/dbmi/park/jbrew/Tau/Tau_github/examples/inform_run/snakemake/.snakemake/slurm_logs/rule_estimate_timing/Patient76/61325350.log).

[Fri Mar  7 16:25:24 2025]
rule estimate_timing:
    input: output/multiplicities/Patient26_multiplicities.tsv
    output: output/timing_results/Patient26_timing.tsv, output/timing_plots/Patient26_timing_plot.pdf
    jobid: 37
    reason: Missing output files: output/timing_plots/Patient26_timing_plot.pdf
    wildcards: sample=Patient26
    resources: mem_mb=1000, mem_mib=954, disk_mb=1000, disk_mib=954, tmpdir=<TBD>, slurm_account=park_contrib, slurm_partition=park, runtime=14400

Job 37 has been submitted with SLURM jobid 61325351 (log: /n/data1/hms/dbmi/park/jbrew/Tau/Tau_github/examples/inform_run/snakemake/.snakemake/slurm_logs/rule_estimate_timing/Patient26/61325351.log).

[Fri Mar  7 16:25:25 2025]
rule estimate_timing:
    input: output/multiplicities/Patient77_multiplicities.tsv
    output: output/timing_results/Patient77_timing.tsv, output/timing_plots/Patient77_timing_plot.pdf
    jobid: 97
    reason: Missing output files: output/timing_plots/Patient77_timing_plot.pdf
    wildcards: sample=Patient77
    resources: mem_mb=1000, mem_mib=954, disk_mb=1000, disk_mib=954, tmpdir=<TBD>, slurm_account=park_contrib, slurm_partition=park, runtime=14400

Job 97 has been submitted with SLURM jobid 61325352 (log: /n/data1/hms/dbmi/park/jbrew/Tau/Tau_github/examples/inform_run/snakemake/.snakemake/slurm_logs/rule_estimate_timing/Patient77/61325352.log).

[Fri Mar  7 16:25:25 2025]
rule estimate_timing:
    input: output/multiplicities/Patient33_multiplicities.tsv
    output: output/timing_results/Patient33_timing.tsv, output/timing_plots/Patient33_timing_plot.pdf
    jobid: 41
    reason: Missing output files: output/timing_plots/Patient33_timing_plot.pdf
    wildcards: sample=Patient33
    resources: mem_mb=1000, mem_mib=954, disk_mb=1000, disk_mib=954, tmpdir=<TBD>, slurm_account=park_contrib, slurm_partition=park, runtime=14400

Job 41 has been submitted with SLURM jobid 61325354 (log: /n/data1/hms/dbmi/park/jbrew/Tau/Tau_github/examples/inform_run/snakemake/.snakemake/slurm_logs/rule_estimate_timing/Patient33/61325354.log).

[Fri Mar  7 16:25:25 2025]
rule estimate_timing:
    input: output/multiplicities/Patient7_multiplicities.tsv
    output: output/timing_results/Patient7_timing.tsv, output/timing_plots/Patient7_timing_plot.pdf
    jobid: 101
    reason: Missing output files: output/timing_plots/Patient7_timing_plot.pdf
    wildcards: sample=Patient7
    resources: mem_mb=1000, mem_mib=954, disk_mb=1000, disk_mib=954, tmpdir=<TBD>, slurm_account=park_contrib, slurm_partition=park, runtime=14400

Job 101 has been submitted with SLURM jobid 61325355 (log: /n/data1/hms/dbmi/park/jbrew/Tau/Tau_github/examples/inform_run/snakemake/.snakemake/slurm_logs/rule_estimate_timing/Patient7/61325355.log).

[Fri Mar  7 16:25:25 2025]
rule estimate_timing:
    input: output/multiplicities/Patient34_multiplicities.tsv
    output: output/timing_results/Patient34_timing.tsv, output/timing_plots/Patient34_timing_plot.pdf
    jobid: 45
    reason: Missing output files: output/timing_plots/Patient34_timing_plot.pdf
    wildcards: sample=Patient34
    resources: mem_mb=1000, mem_mib=954, disk_mb=1000, disk_mib=954, tmpdir=<TBD>, slurm_account=park_contrib, slurm_partition=park, runtime=14400

Job 45 has been submitted with SLURM jobid 61325356 (log: /n/data1/hms/dbmi/park/jbrew/Tau/Tau_github/examples/inform_run/snakemake/.snakemake/slurm_logs/rule_estimate_timing/Patient34/61325356.log).

[Fri Mar  7 16:25:26 2025]
rule estimate_timing:
    input: output/multiplicities/Patient80_multiplicities.tsv
    output: output/timing_results/Patient80_timing.tsv, output/timing_plots/Patient80_timing_plot.pdf
    jobid: 105
    reason: Missing output files: output/timing_plots/Patient80_timing_plot.pdf
    wildcards: sample=Patient80
    resources: mem_mb=1000, mem_mib=954, disk_mb=1000, disk_mib=954, tmpdir=<TBD>, slurm_account=park_contrib, slurm_partition=park, runtime=14400

Job 105 has been submitted with SLURM jobid 61325358 (log: /n/data1/hms/dbmi/park/jbrew/Tau/Tau_github/examples/inform_run/snakemake/.snakemake/slurm_logs/rule_estimate_timing/Patient80/61325358.log).

[Fri Mar  7 16:25:26 2025]
rule estimate_timing:
    input: output/multiplicities/Patient81_multiplicities.tsv
    output: output/timing_results/Patient81_timing.tsv, output/timing_plots/Patient81_timing_plot.pdf
    jobid: 109
    reason: Missing output files: output/timing_plots/Patient81_timing_plot.pdf
    wildcards: sample=Patient81
    resources: mem_mb=1000, mem_mib=954, disk_mb=1000, disk_mib=954, tmpdir=<TBD>, slurm_account=park_contrib, slurm_partition=park, runtime=14400

Job 109 has been submitted with SLURM jobid 61325359 (log: /n/data1/hms/dbmi/park/jbrew/Tau/Tau_github/examples/inform_run/snakemake/.snakemake/slurm_logs/rule_estimate_timing/Patient81/61325359.log).
[Fri Mar  7 16:26:37 2025]
Finished job 117.
1 of 34 steps (3%) done
[Fri Mar  7 16:26:37 2025]
Finished job 61.
2 of 34 steps (6%) done
[Fri Mar  7 16:26:47 2025]
Finished job 57.
3 of 34 steps (9%) done
[Fri Mar  7 16:26:47 2025]
Finished job 1.
4 of 34 steps (12%) done
[Fri Mar  7 16:26:47 2025]
Finished job 121.
5 of 34 steps (15%) done
[Fri Mar  7 16:26:47 2025]
Finished job 65.
6 of 34 steps (18%) done
[Fri Mar  7 16:26:47 2025]
Finished job 5.
7 of 34 steps (21%) done
[Fri Mar  7 16:26:47 2025]
Finished job 125.
8 of 34 steps (24%) done
[Fri Mar  7 16:27:17 2025]
Finished job 113.
9 of 34 steps (26%) done
[Fri Mar  7 16:27:17 2025]
Finished job 9.
10 of 34 steps (29%) done
[Fri Mar  7 16:27:27 2025]
Finished job 13.
11 of 34 steps (32%) done
[Fri Mar  7 16:27:27 2025]
Finished job 77.
12 of 34 steps (35%) done
[Fri Mar  7 16:27:28 2025]
Finished job 81.
13 of 34 steps (38%) done
[Fri Mar  7 16:27:28 2025]
Finished job 25.
14 of 34 steps (41%) done
[Fri Mar  7 16:27:28 2025]
Finished job 85.
15 of 34 steps (44%) done
[Fri Mar  7 16:27:28 2025]
Finished job 89.
16 of 34 steps (47%) done
[Fri Mar  7 16:27:28 2025]
Finished job 49.
17 of 34 steps (50%) done
[Fri Mar  7 16:27:38 2025]
Finished job 69.
18 of 34 steps (53%) done
[Fri Mar  7 16:27:38 2025]
Finished job 129.
19 of 34 steps (56%) done
[Fri Mar  7 16:27:38 2025]
Finished job 73.
20 of 34 steps (59%) done
[Fri Mar  7 16:27:38 2025]
Finished job 17.
21 of 34 steps (62%) done
[Fri Mar  7 16:27:48 2025]
Finished job 33.
22 of 34 steps (65%) done
[Fri Mar  7 16:27:58 2025]
Finished job 53.
23 of 34 steps (68%) done
[Fri Mar  7 16:28:28 2025]
Finished job 21.
24 of 34 steps (71%) done
[Fri Mar  7 16:29:29 2025]
Finished job 41.
25 of 34 steps (74%) done
[Fri Mar  7 16:29:29 2025]
Finished job 101.
26 of 34 steps (76%) done
[Fri Mar  7 16:29:29 2025]
Finished job 45.
27 of 34 steps (79%) done
[Fri Mar  7 16:29:29 2025]
Finished job 105.
28 of 34 steps (82%) done
[Fri Mar  7 16:29:29 2025]
Finished job 109.
29 of 34 steps (85%) done
[Fri Mar  7 16:29:39 2025]
Finished job 97.
30 of 34 steps (88%) done
[Fri Mar  7 16:29:49 2025]
Finished job 93.
31 of 34 steps (91%) done
[Fri Mar  7 16:30:19 2025]
Finished job 37.
32 of 34 steps (94%) done
[Fri Mar  7 16:33:50 2025]
Finished job 29.
33 of 34 steps (97%) done
Select jobs to execute...
Execute 1 jobs...

[Fri Mar  7 16:33:50 2025]
localrule all:
    input: output/timing_plots/Patient101_timing_plot.pdf, output/timing_plots/Patient109_timing_plot.pdf, output/timing_plots/Patient113_timing_plot.pdf, output/timing_plots/Patient15_timing_plot.pdf, output/timing_plots/Patient17_timing_plot.pdf, output/timing_plots/Patient18_timing_plot.pdf, output/timing_plots/Patient1_timing_plot.pdf, output/timing_plots/Patient20_timing_plot.pdf, output/timing_plots/Patient25_timing_plot.pdf, output/timing_plots/Patient26_timing_plot.pdf, output/timing_plots/Patient33_timing_plot.pdf, output/timing_plots/Patient34_timing_plot.pdf, output/timing_plots/Patient37_timing_plot.pdf, output/timing_plots/Patient43_timing_plot.pdf, output/timing_plots/Patient44_timing_plot.pdf, output/timing_plots/Patient47_timing_plot.pdf, output/timing_plots/Patient50_timing_plot.pdf, output/timing_plots/Patient55_timing_plot.pdf, output/timing_plots/Patient57_timing_plot.pdf, output/timing_plots/Patient58_timing_plot.pdf, output/timing_plots/Patient64_timing_plot.pdf, output/timing_plots/Patient65_timing_plot.pdf, output/timing_plots/Patient68_timing_plot.pdf, output/timing_plots/Patient76_timing_plot.pdf, output/timing_plots/Patient77_timing_plot.pdf, output/timing_plots/Patient7_timing_plot.pdf, output/timing_plots/Patient80_timing_plot.pdf, output/timing_plots/Patient81_timing_plot.pdf, output/timing_plots/Patient82_timing_plot.pdf, output/timing_plots/Patient86_timing_plot.pdf, output/timing_plots/Patient87_timing_plot.pdf, output/timing_plots/Patient90_timing_plot.pdf, output/timing_plots/Patient94_timing_plot.pdf
    jobid: 0
    reason: Input files updated by another job: output/timing_plots/Patient68_timing_plot.pdf, output/timing_plots/Patient113_timing_plot.pdf, output/timing_plots/Patient77_timing_plot.pdf, output/timing_plots/Patient82_timing_plot.pdf, output/timing_plots/Patient57_timing_plot.pdf, output/timing_plots/Patient25_timing_plot.pdf, output/timing_plots/Patient87_timing_plot.pdf, output/timing_plots/Patient7_timing_plot.pdf, output/timing_plots/Patient1_timing_plot.pdf, output/timing_plots/Patient50_timing_plot.pdf, output/timing_plots/Patient94_timing_plot.pdf, output/timing_plots/Patient18_timing_plot.pdf, output/timing_plots/Patient26_timing_plot.pdf, output/timing_plots/Patient81_timing_plot.pdf, output/timing_plots/Patient65_timing_plot.pdf, output/timing_plots/Patient76_timing_plot.pdf, output/timing_plots/Patient109_timing_plot.pdf, output/timing_plots/Patient80_timing_plot.pdf, output/timing_plots/Patient55_timing_plot.pdf, output/timing_plots/Patient58_timing_plot.pdf, output/timing_plots/Patient34_timing_plot.pdf, output/timing_plots/Patient37_timing_plot.pdf, output/timing_plots/Patient17_timing_plot.pdf, output/timing_plots/Patient43_timing_plot.pdf, output/timing_plots/Patient33_timing_plot.pdf, output/timing_plots/Patient47_timing_plot.pdf, output/timing_plots/Patient20_timing_plot.pdf, output/timing_plots/Patient86_timing_plot.pdf, output/timing_plots/Patient64_timing_plot.pdf, output/timing_plots/Patient44_timing_plot.pdf, output/timing_plots/Patient90_timing_plot.pdf, output/timing_plots/Patient101_timing_plot.pdf, output/timing_plots/Patient15_timing_plot.pdf
    resources: mem_mb=1000, mem_mib=954, disk_mb=1000, disk_mib=954, tmpdir=/tmp, slurm_account=park_contrib, slurm_partition=park, runtime=14400

[Fri Mar  7 16:33:50 2025]
Finished job 0.
34 of 34 steps (100%) done
Complete log: .snakemake/log/2025-03-07T162505.809223.snakemake.log
Cleaning up log files older than 10 day(s)
