host: compute-p-17-179.o2.rc.hms.harvard.edu
Building DAG of jobs...
Using shell: /usr/bin/bash
Provided remote nodes: 1
Provided resources: mem_mb=1000, mem_mib=954, disk_mb=1000, disk_mib=954
Select jobs to execute...
Execute 1 jobs...

[Thu Feb 27 13:16:19 2025]
rule preprocess:
    input: /n/data1/hms/dbmi/park/jbrew/Tau/Tau_github/examples/inform_run/inform_data/INFORM_snv/Patient77.vcf, /n/data1/hms/dbmi/park/jbrew/Tau/Tau_github/examples/inform_run/inform_data/INFORM_cn/Patient77.tsv, ../inform_data/purity_ploidy_inform.txt
    output: output/preprocessed/Patient77_preprocessed.tsv
    jobid: 0
    reason: Forced execution
    wildcards: sample=Patient77
    resources: mem_mb=1000, mem_mib=954, disk_mb=1000, disk_mib=954, tmpdir=<TBD>, slurm_account=park_contrib, slurm_partition=park, runtime=14400, time=5:00

host: compute-p-17-179.o2.rc.hms.harvard.edu
Building DAG of jobs...
Using shell: /usr/bin/bash
Provided cores: 1 (use --cores to define parallelism)
Rules claiming more threads will be scaled down.
Provided resources: mem_mb=1000, mem_mib=954, disk_mb=1000, disk_mib=954
Select jobs to execute...
Execute 1 jobs...

[Thu Feb 27 13:16:22 2025]
localrule preprocess:
    input: /n/data1/hms/dbmi/park/jbrew/Tau/Tau_github/examples/inform_run/inform_data/INFORM_snv/Patient77.vcf, /n/data1/hms/dbmi/park/jbrew/Tau/Tau_github/examples/inform_run/inform_data/INFORM_cn/Patient77.tsv, ../inform_data/purity_ploidy_inform.txt
    output: output/preprocessed/Patient77_preprocessed.tsv
    jobid: 0
    reason: Forced execution
    wildcards: sample=Patient77
    resources: mem_mb=1000, mem_mib=954, disk_mb=1000, disk_mib=954, tmpdir=/tmp, slurm_account=park_contrib, slurm_partition=park, runtime=14400, time=5:00

Processing sample: Patient77
SNV file: /n/data1/hms/dbmi/park/jbrew/Tau/Tau_github/examples/inform_run/inform_data/INFORM_snv/Patient77.vcf
CNV file: /n/data1/hms/dbmi/park/jbrew/Tau/Tau_github/examples/inform_run/inform_data/INFORM_cn/Patient77.tsv
Purity file: ../inform_data/purity_ploidy_inform.txt
Output file: None
Traceback (most recent call last):
  File "/n/data1/hms/dbmi/park/jbrew/Tau/Tau_github/examples/inform_run/snakemake/scripts/preprocess.py", line 24, in <module>
    revise_df, subclonal_CCF_df = tau.revise(sample, df=categorize_df)
                                  ^^^^^^^^^^^^^^^^^^^^^^^^^^^^^^^^^^^^
  File "/n/data1/hms/dbmi/park/jbrew/Tau/Tau_github/package/tau/revise.py", line 139, in revise
    return df, df_subclonal_CCF
               ^^^^^^^^^^^^^^^^
UnboundLocalError: cannot access local variable 'df_subclonal_CCF' where it is not associated with a value
[Thu Feb 27 13:16:32 2025]
Error in rule preprocess:
    jobid: 0
    input: /n/data1/hms/dbmi/park/jbrew/Tau/Tau_github/examples/inform_run/inform_data/INFORM_snv/Patient77.vcf, /n/data1/hms/dbmi/park/jbrew/Tau/Tau_github/examples/inform_run/inform_data/INFORM_cn/Patient77.tsv, ../inform_data/purity_ploidy_inform.txt
    output: output/preprocessed/Patient77_preprocessed.tsv
    shell:
        
        python scripts/preprocess.py             --sample Patient77             --snv /n/data1/hms/dbmi/park/jbrew/Tau/Tau_github/examples/inform_run/inform_data/INFORM_snv/Patient77.vcf             --cnv /n/data1/hms/dbmi/park/jbrew/Tau/Tau_github/examples/inform_run/inform_data/INFORM_cn/Patient77.tsv             --purity ../inform_data/purity_ploidy_inform.txt             --output output/preprocessed/Patient77_preprocessed.tsv
        
        (one of the commands exited with non-zero exit code; note that snakemake uses bash strict mode!)

Shutting down, this might take some time.
Exiting because a job execution failed. Look above for error message
Storing output in storage.
WorkflowError:
At least one job did not complete successfully.
srun: error: compute-p-17-179: task 0: Exited with exit code 1
[Thu Feb 27 13:16:33 2025]
Error in rule preprocess:
    jobid: 0
    input: /n/data1/hms/dbmi/park/jbrew/Tau/Tau_github/examples/inform_run/inform_data/INFORM_snv/Patient77.vcf, /n/data1/hms/dbmi/park/jbrew/Tau/Tau_github/examples/inform_run/inform_data/INFORM_cn/Patient77.tsv, ../inform_data/purity_ploidy_inform.txt
    output: output/preprocessed/Patient77_preprocessed.tsv
    shell:
        
        python scripts/preprocess.py             --sample Patient77             --snv /n/data1/hms/dbmi/park/jbrew/Tau/Tau_github/examples/inform_run/inform_data/INFORM_snv/Patient77.vcf             --cnv /n/data1/hms/dbmi/park/jbrew/Tau/Tau_github/examples/inform_run/inform_data/INFORM_cn/Patient77.tsv             --purity ../inform_data/purity_ploidy_inform.txt             --output output/preprocessed/Patient77_preprocessed.tsv
        
        (one of the commands exited with non-zero exit code; note that snakemake uses bash strict mode!)

Shutting down, this might take some time.
Exiting because a job execution failed. Look above for error message
Storing output in storage.
WorkflowError:
At least one job did not complete successfully.
