host: compute-p-17-174.o2.rc.hms.harvard.edu
Building DAG of jobs...
Using shell: /usr/bin/bash
Provided remote nodes: 1
Provided resources: mem_mb=3000, mem_mib=2862, disk_mb=1000, disk_mib=954
Select jobs to execute...
Execute 1 jobs...

[Wed Feb 26 16:52:43 2025]
rule count_multiplicities:
    input: output/likelihoods/Patient109_likelihoods.tsv
    output: output/multiplicities/Patient109_multiplicities.tsv
    jobid: 0
    reason: Forced execution
    wildcards: sample=Patient109
    resources: mem_mb=3000, mem_mib=2862, disk_mb=1000, disk_mib=954, tmpdir=<TBD>, slurm_account=park_contrib, slurm_partition=park, runtime=14400, time=5:00

host: compute-p-17-174.o2.rc.hms.harvard.edu
Building DAG of jobs...
Using shell: /usr/bin/bash
Provided cores: 1 (use --cores to define parallelism)
Rules claiming more threads will be scaled down.
Provided resources: mem_mb=3000, mem_mib=2862, disk_mb=1000, disk_mib=954
Select jobs to execute...
Execute 1 jobs...

[Wed Feb 26 16:52:45 2025]
localrule count_multiplicities:
    input: output/likelihoods/Patient109_likelihoods.tsv
    output: output/multiplicities/Patient109_multiplicities.tsv
    jobid: 0
    reason: Forced execution
    wildcards: sample=Patient109
    resources: mem_mb=3000, mem_mib=2862, disk_mb=1000, disk_mib=954, tmpdir=/tmp, slurm_account=park_contrib, slurm_partition=park, runtime=14400, time=5:00

Traceback (most recent call last):
  File "/n/data1/hms/dbmi/park/jbrew/Tau/Tau_github/examples/inform_run/snakemake/scripts/count_multiplicities.py", line 18, in <module>
    multiplicities_df.to_csv(output_file, sep='\t')
                             ^^^^^^^^^^^
NameError: name 'output_file' is not defined
[Wed Feb 26 16:52:49 2025]
Error in rule count_multiplicities:
    jobid: 0
    input: output/likelihoods/Patient109_likelihoods.tsv
    output: output/multiplicities/Patient109_multiplicities.tsv
    shell:
        
        python scripts/count_multiplicities.py             --likelihood_file output/likelihoods/Patient109_likelihoods.tsv             --output output/multiplicities/Patient109_multiplicities.tsv
        
        (one of the commands exited with non-zero exit code; note that snakemake uses bash strict mode!)

Shutting down, this might take some time.
Exiting because a job execution failed. Look above for error message
Storing output in storage.
WorkflowError:
At least one job did not complete successfully.
srun: error: compute-p-17-174: task 0: Exited with exit code 1
[Wed Feb 26 16:52:49 2025]
Error in rule count_multiplicities:
    jobid: 0
    input: output/likelihoods/Patient109_likelihoods.tsv
    output: output/multiplicities/Patient109_multiplicities.tsv
    shell:
        
        python scripts/count_multiplicities.py             --likelihood_file output/likelihoods/Patient109_likelihoods.tsv             --output output/multiplicities/Patient109_multiplicities.tsv
        
        (one of the commands exited with non-zero exit code; note that snakemake uses bash strict mode!)

Shutting down, this might take some time.
Exiting because a job execution failed. Look above for error message
Storing output in storage.
WorkflowError:
At least one job did not complete successfully.
