host: compute-p-17-183.o2.rc.hms.harvard.edu
Building DAG of jobs...
Using shell: /usr/bin/bash
Provided remote nodes: 1
Provided resources: mem_mb=1000, mem_mib=954, disk_mb=1000, disk_mib=954
Select jobs to execute...
Execute 1 jobs...

[Tue Mar  4 18:21:50 2025]
rule estimate_timing:
    input: output/multiplicities/Patient20_multiplicities.tsv
    output: output/timing_results/Patient20_timing.tsv, output/timing_plots/Patient20_timing_plot.pdf
    jobid: 0
    reason: Forced execution
    wildcards: sample=Patient20
    resources: mem_mb=1000, mem_mib=954, disk_mb=1000, disk_mib=954, tmpdir=<TBD>, slurm_account=park_contrib, slurm_partition=park, runtime=14400

host: compute-p-17-183.o2.rc.hms.harvard.edu
Building DAG of jobs...
Using shell: /usr/bin/bash
Provided cores: 1 (use --cores to define parallelism)
Rules claiming more threads will be scaled down.
Provided resources: mem_mb=1000, mem_mib=954, disk_mb=1000, disk_mib=954
Select jobs to execute...
Execute 1 jobs...

[Tue Mar  4 18:22:01 2025]
localrule estimate_timing:
    input: output/multiplicities/Patient20_multiplicities.tsv
    output: output/timing_results/Patient20_timing.tsv, output/timing_plots/Patient20_timing_plot.pdf
    jobid: 0
    reason: Forced execution
    wildcards: sample=Patient20
    resources: mem_mb=1000, mem_mib=954, disk_mb=1000, disk_mib=954, tmpdir=/tmp, slurm_account=park_contrib, slurm_partition=park, runtime=14400

/n/data1/hms/dbmi/park/jbrew/Tau/Tau_github/package/tau/timing_results.py:39: RuntimeWarning: divide by zero encountered in log
  return -np.sum(counts * np.log(lambdas) - lambdas)
/n/data1/hms/dbmi/park/jbrew/Tau/Tau_github/package/tau/timing_results.py:39: RuntimeWarning: invalid value encountered in multiply
  return -np.sum(counts * np.log(lambdas) - lambdas)
/n/data1/hms/dbmi/park/jbrew/Tau/Tau_github/package/tau/timing_results.py:39: RuntimeWarning: invalid value encountered in log
  return -np.sum(counts * np.log(lambdas) - lambdas)
[Tue Mar  4 18:31:48 2025]
Error in rule estimate_timing:
    jobid: 0
    input: output/multiplicities/Patient20_multiplicities.tsv
    output: output/timing_results/Patient20_timing.tsv, output/timing_plots/Patient20_timing_plot.pdf
    shell:
        
        python scripts/estimate_timing.py             --sample Patient20             --multiplicities output/multiplicities/Patient20_multiplicities.tsv             --output_tsv output/timing_results/Patient20_timing.tsv             --output_plot output/timing_plots/Patient20_timing_plot.pdf
        
        (one of the commands exited with non-zero exit code; note that snakemake uses bash strict mode!)

Shutting down, this might take some time.
Exiting because a job execution failed. Look above for error message
Storing output in storage.
WorkflowError:
At least one job did not complete successfully.
slurmstepd: error: Detected 1 oom_kill event in StepId=61113893.0. Some of the step tasks have been OOM Killed.
srun: error: compute-p-17-183: task 0: Out Of Memory
[Tue Mar  4 18:31:49 2025]
Error in rule estimate_timing:
    jobid: 0
    input: output/multiplicities/Patient20_multiplicities.tsv
    output: output/timing_results/Patient20_timing.tsv, output/timing_plots/Patient20_timing_plot.pdf
    shell:
        
        python scripts/estimate_timing.py             --sample Patient20             --multiplicities output/multiplicities/Patient20_multiplicities.tsv             --output_tsv output/timing_results/Patient20_timing.tsv             --output_plot output/timing_plots/Patient20_timing_plot.pdf
        
        (one of the commands exited with non-zero exit code; note that snakemake uses bash strict mode!)

Shutting down, this might take some time.
Exiting because a job execution failed. Look above for error message
Storing output in storage.
WorkflowError:
At least one job did not complete successfully.
slurmstepd: error: Detected 1 oom_kill event in StepId=61113893.batch. Some of the step tasks have been OOM Killed.
