host: compute-p-17-179.o2.rc.hms.harvard.edu
Building DAG of jobs...
Using shell: /usr/bin/bash
Provided remote nodes: 1
Provided resources: mem_mb=2000, mem_mib=1908, disk_mb=6094, disk_mib=5812
Select jobs to execute...
Execute 1 jobs...

[Wed Feb 26 15:28:31 2025]
rule calculate_likelihoods:
    input: output/preprocessed/Patient76_preprocessed.tsv, ../inform_data/all_exposures_aligned_0.01_0.05_0.05_0.001_0.001_0.001_0.001_0.001_sub0.005.txt, ../inform_data/COSMIC_v3p2_SBS_WGS_MuSiCal.csv, /n/data1/hms/dbmi/park/jbrew/ref/hg19_decoy/human_g1k_v37_decoy.fasta
    output: output/likelihoods/Patient76_likelihoods.tsv
    jobid: 0
    reason: Forced execution
    wildcards: sample=Patient76
    resources: mem_mb=2000, mem_mib=1908, disk_mb=6094, disk_mib=5812, tmpdir=<TBD>, slurm_account=park_contrib, slurm_partition=park, runtime=14400, time=5:00

host: compute-p-17-179.o2.rc.hms.harvard.edu
Building DAG of jobs...
Using shell: /usr/bin/bash
Provided cores: 1 (use --cores to define parallelism)
Rules claiming more threads will be scaled down.
Provided resources: mem_mb=2000, mem_mib=1908, disk_mb=6094, disk_mib=5812
Select jobs to execute...
Execute 1 jobs...

[Wed Feb 26 15:28:35 2025]
localrule calculate_likelihoods:
    input: output/preprocessed/Patient76_preprocessed.tsv, ../inform_data/all_exposures_aligned_0.01_0.05_0.05_0.001_0.001_0.001_0.001_0.001_sub0.005.txt, ../inform_data/COSMIC_v3p2_SBS_WGS_MuSiCal.csv, /n/data1/hms/dbmi/park/jbrew/ref/hg19_decoy/human_g1k_v37_decoy.fasta
    output: output/likelihoods/Patient76_likelihoods.tsv
    jobid: 0
    reason: Forced execution
    wildcards: sample=Patient76
    resources: mem_mb=2000, mem_mib=1908, disk_mb=6094, disk_mib=5812, tmpdir=/tmp, slurm_account=park_contrib, slurm_partition=park, runtime=14400, time=5:00

sample: Patient76
Traceback (most recent call last):
  File "/n/data1/hms/dbmi/park/jbrew/tools/miniforge3/envs/tau_new/lib/python3.12/site-packages/pandas/core/computation/scope.py", line 231, in resolve
    return self.resolvers[key]
           ~~~~~~~~~~~~~~^^^^^
  File "/n/data1/hms/dbmi/park/jbrew/tools/miniforge3/envs/tau_new/lib/python3.12/collections/__init__.py", line 1015, in __getitem__
    return self.__missing__(key)            # support subclasses that define __missing__
           ^^^^^^^^^^^^^^^^^^^^^
  File "/n/data1/hms/dbmi/park/jbrew/tools/miniforge3/envs/tau_new/lib/python3.12/collections/__init__.py", line 1007, in __missing__
    raise KeyError(key)
KeyError: 'sample_id'

During handling of the above exception, another exception occurred:

Traceback (most recent call last):
  File "/n/data1/hms/dbmi/park/jbrew/tools/miniforge3/envs/tau_new/lib/python3.12/site-packages/pandas/core/computation/scope.py", line 242, in resolve
    return self.temps[key]
           ~~~~~~~~~~^^^^^
KeyError: 'sample_id'

The above exception was the direct cause of the following exception:

Traceback (most recent call last):
  File "/n/data1/hms/dbmi/park/jbrew/Tau/Tau_github/examples/inform_run/snakemake/scripts/calculate_likelihoods.py", line 23, in <module>
    signature_df = tau.sig_likelihoods(sample, 
                   ^^^^^^^^^^^^^^^^^^^^^^^^^^^
  File "/n/data1/hms/dbmi/park/jbrew/Tau/Tau_github/package/tau/calculate_likelihoods.py", line 136, in sig_likelihoods
    exposures = df_exposure.query('sample_id == @sample_id')[signames]
                ^^^^^^^^^^^^^^^^^^^^^^^^^^^^^^^^^^^^^^^^^^^^
  File "/n/data1/hms/dbmi/park/jbrew/tools/miniforge3/envs/tau_new/lib/python3.12/site-packages/pandas/core/frame.py", line 4823, in query
    res = self.eval(expr, **kwargs)
          ^^^^^^^^^^^^^^^^^^^^^^^^^
  File "/n/data1/hms/dbmi/park/jbrew/tools/miniforge3/envs/tau_new/lib/python3.12/site-packages/pandas/core/frame.py", line 4949, in eval
    return _eval(expr, inplace=inplace, **kwargs)
           ^^^^^^^^^^^^^^^^^^^^^^^^^^^^^^^^^^^^^^
  File "/n/data1/hms/dbmi/park/jbrew/tools/miniforge3/envs/tau_new/lib/python3.12/site-packages/pandas/core/computation/eval.py", line 336, in eval
    parsed_expr = Expr(expr, engine=engine, parser=parser, env=env)
                  ^^^^^^^^^^^^^^^^^^^^^^^^^^^^^^^^^^^^^^^^^^^^^^^^^
  File "/n/data1/hms/dbmi/park/jbrew/tools/miniforge3/envs/tau_new/lib/python3.12/site-packages/pandas/core/computation/expr.py", line 805, in __init__
    self.terms = self.parse()
                 ^^^^^^^^^^^^
  File "/n/data1/hms/dbmi/park/jbrew/tools/miniforge3/envs/tau_new/lib/python3.12/site-packages/pandas/core/computation/expr.py", line 824, in parse
    return self._visitor.visit(self.expr)
           ^^^^^^^^^^^^^^^^^^^^^^^^^^^^^^
  File "/n/data1/hms/dbmi/park/jbrew/tools/miniforge3/envs/tau_new/lib/python3.12/site-packages/pandas/core/computation/expr.py", line 411, in visit
    return visitor(node, **kwargs)
           ^^^^^^^^^^^^^^^^^^^^^^^
  File "/n/data1/hms/dbmi/park/jbrew/tools/miniforge3/envs/tau_new/lib/python3.12/site-packages/pandas/core/computation/expr.py", line 417, in visit_Module
    return self.visit(expr, **kwargs)
           ^^^^^^^^^^^^^^^^^^^^^^^^^^
  File "/n/data1/hms/dbmi/park/jbrew/tools/miniforge3/envs/tau_new/lib/python3.12/site-packages/pandas/core/computation/expr.py", line 411, in visit
    return visitor(node, **kwargs)
           ^^^^^^^^^^^^^^^^^^^^^^^
  File "/n/data1/hms/dbmi/park/jbrew/tools/miniforge3/envs/tau_new/lib/python3.12/site-packages/pandas/core/computation/expr.py", line 420, in visit_Expr
    return self.visit(node.value, **kwargs)
           ^^^^^^^^^^^^^^^^^^^^^^^^^^^^^^^^
  File "/n/data1/hms/dbmi/park/jbrew/tools/miniforge3/envs/tau_new/lib/python3.12/site-packages/pandas/core/computation/expr.py", line 411, in visit
    return visitor(node, **kwargs)
           ^^^^^^^^^^^^^^^^^^^^^^^
  File "/n/data1/hms/dbmi/park/jbrew/tools/miniforge3/envs/tau_new/lib/python3.12/site-packages/pandas/core/computation/expr.py", line 715, in visit_Compare
    return self.visit(binop)
           ^^^^^^^^^^^^^^^^^
  File "/n/data1/hms/dbmi/park/jbrew/tools/miniforge3/envs/tau_new/lib/python3.12/site-packages/pandas/core/computation/expr.py", line 411, in visit
    return visitor(node, **kwargs)
           ^^^^^^^^^^^^^^^^^^^^^^^
  File "/n/data1/hms/dbmi/park/jbrew/tools/miniforge3/envs/tau_new/lib/python3.12/site-packages/pandas/core/computation/expr.py", line 531, in visit_BinOp
    op, op_class, left, right = self._maybe_transform_eq_ne(node)
                                ^^^^^^^^^^^^^^^^^^^^^^^^^^^^^^^^^
  File "/n/data1/hms/dbmi/park/jbrew/tools/miniforge3/envs/tau_new/lib/python3.12/site-packages/pandas/core/computation/expr.py", line 451, in _maybe_transform_eq_ne
    left = self.visit(node.left, side="left")
           ^^^^^^^^^^^^^^^^^^^^^^^^^^^^^^^^^^
  File "/n/data1/hms/dbmi/park/jbrew/tools/miniforge3/envs/tau_new/lib/python3.12/site-packages/pandas/core/computation/expr.py", line 411, in visit
    return visitor(node, **kwargs)
           ^^^^^^^^^^^^^^^^^^^^^^^
  File "/n/data1/hms/dbmi/park/jbrew/tools/miniforge3/envs/tau_new/lib/python3.12/site-packages/pandas/core/computation/expr.py", line 541, in visit_Name
    return self.term_type(node.id, self.env, **kwargs)
           ^^^^^^^^^^^^^^^^^^^^^^^^^^^^^^^^^^^^^^^^^^^
  File "/n/data1/hms/dbmi/park/jbrew/tools/miniforge3/envs/tau_new/lib/python3.12/site-packages/pandas/core/computation/ops.py", line 91, in __init__
    self._value = self._resolve_name()
                  ^^^^^^^^^^^^^^^^^^^^
  File "/n/data1/hms/dbmi/park/jbrew/tools/miniforge3/envs/tau_new/lib/python3.12/site-packages/pandas/core/computation/ops.py", line 115, in _resolve_name
    res = self.env.resolve(local_name, is_local=is_local)
          ^^^^^^^^^^^^^^^^^^^^^^^^^^^^^^^^^^^^^^^^^^^^^^^
  File "/n/data1/hms/dbmi/park/jbrew/tools/miniforge3/envs/tau_new/lib/python3.12/site-packages/pandas/core/computation/scope.py", line 244, in resolve
    raise UndefinedVariableError(key, is_local) from err
pandas.errors.UndefinedVariableError: name 'sample_id' is not defined
[Wed Feb 26 15:28:41 2025]
Error in rule calculate_likelihoods:
    jobid: 0
    input: output/preprocessed/Patient76_preprocessed.tsv, ../inform_data/all_exposures_aligned_0.01_0.05_0.05_0.001_0.001_0.001_0.001_0.001_sub0.005.txt, ../inform_data/COSMIC_v3p2_SBS_WGS_MuSiCal.csv, /n/data1/hms/dbmi/park/jbrew/ref/hg19_decoy/human_g1k_v37_decoy.fasta
    output: output/likelihoods/Patient76_likelihoods.tsv
    shell:
        
        python scripts/calculate_likelihoods.py             --sample Patient76             --preprocessed_file output/preprocessed/Patient76_preprocessed.tsv             --exposure ../inform_data/all_exposures_aligned_0.01_0.05_0.05_0.001_0.001_0.001_0.001_0.001_sub0.005.txt             --signature ../inform_data/COSMIC_v3p2_SBS_WGS_MuSiCal.csv             --output output/likelihoods/Patient76_likelihoods.tsv             --ref_genome /n/data1/hms/dbmi/park/jbrew/ref/hg19_decoy/human_g1k_v37_decoy.fasta
        
        (one of the commands exited with non-zero exit code; note that snakemake uses bash strict mode!)

Shutting down, this might take some time.
Exiting because a job execution failed. Look above for error message
Storing output in storage.
WorkflowError:
At least one job did not complete successfully.
srun: error: compute-p-17-179: task 0: Exited with exit code 1
[Wed Feb 26 15:28:41 2025]
Error in rule calculate_likelihoods:
    jobid: 0
    input: output/preprocessed/Patient76_preprocessed.tsv, ../inform_data/all_exposures_aligned_0.01_0.05_0.05_0.001_0.001_0.001_0.001_0.001_sub0.005.txt, ../inform_data/COSMIC_v3p2_SBS_WGS_MuSiCal.csv, /n/data1/hms/dbmi/park/jbrew/ref/hg19_decoy/human_g1k_v37_decoy.fasta
    output: output/likelihoods/Patient76_likelihoods.tsv
    shell:
        
        python scripts/calculate_likelihoods.py             --sample Patient76             --preprocessed_file output/preprocessed/Patient76_preprocessed.tsv             --exposure ../inform_data/all_exposures_aligned_0.01_0.05_0.05_0.001_0.001_0.001_0.001_0.001_sub0.005.txt             --signature ../inform_data/COSMIC_v3p2_SBS_WGS_MuSiCal.csv             --output output/likelihoods/Patient76_likelihoods.tsv             --ref_genome /n/data1/hms/dbmi/park/jbrew/ref/hg19_decoy/human_g1k_v37_decoy.fasta
        
        (one of the commands exited with non-zero exit code; note that snakemake uses bash strict mode!)

Shutting down, this might take some time.
Exiting because a job execution failed. Look above for error message
Storing output in storage.
WorkflowError:
At least one job did not complete successfully.
