host: compute-a-16-162.o2.rc.hms.harvard.edu
Building DAG of jobs...
Using shell: /usr/bin/bash
Provided cores: 1 (use --cores to define parallelism)
Rules claiming more threads will be scaled down.
Conda environments: ignored
Job stats:
job                                count
-------------------------------  -------
all                                    1
calculate_clonal_multiplicities       10
calculate_likelihoods                 10
categorize                            10
normalize                             10
revise                                10
trim                                  10
total                                 61

Select jobs to execute...
Execute 1 jobs...

[Thu Feb 13 14:51:24 2025]
localrule trim:
    input: /n/data1/hms/dbmi/park/DATA/ICGC/PCAWG_Final_Datasets_DCC/consensus_snv_indel/merged_snv_mnv/00508f2b-36bf-44fc-b66b-97e1f3e40bfa.consensus.20160830.somatic.snv_mnv.vcf.gz, /n/data1/hms/dbmi/park/DATA/ICGC/PCAWG_Final_Datasets_DCC/consensus_cnv/segmented_cn/00508f2b-36bf-44fc-b66b-97e1f3e40bfa.consensus.20170119.somatic.cna.txt, consensus.20170217.purity.ploidy.txt
    output: output/trim/00508f2b-36bf-44fc-b66b-97e1f3e40bfa_trim.txt
    jobid: 30
    reason: Missing output files: output/trim/00508f2b-36bf-44fc-b66b-97e1f3e40bfa_trim.txt
    wildcards: sample=00508f2b-36bf-44fc-b66b-97e1f3e40bfa
    resources: tmpdir=/tmp, mem_mb=2000, mem_mib=1908, time=15:00

[Thu Feb 13 14:51:36 2025]
Finished job 30.
1 of 61 steps (2%) done
Select jobs to execute...
Execute 1 jobs...

[Thu Feb 13 14:51:36 2025]
localrule trim:
    input: /n/data1/hms/dbmi/park/DATA/ICGC/PCAWG_Final_Datasets_DCC/consensus_snv_indel/merged_snv_mnv/008bad10-d41b-4bbb-86fa-9976ecea46b1.consensus.20160830.somatic.snv_mnv.vcf.gz, /n/data1/hms/dbmi/park/DATA/ICGC/PCAWG_Final_Datasets_DCC/consensus_cnv/segmented_cn/008bad10-d41b-4bbb-86fa-9976ecea46b1.consensus.20170119.somatic.cna.txt, consensus.20170217.purity.ploidy.txt
    output: output/trim/008bad10-d41b-4bbb-86fa-9976ecea46b1_trim.txt
    jobid: 60
    reason: Missing output files: output/trim/008bad10-d41b-4bbb-86fa-9976ecea46b1_trim.txt
    wildcards: sample=008bad10-d41b-4bbb-86fa-9976ecea46b1
    resources: tmpdir=/tmp, mem_mb=2000, mem_mib=1908, time=15:00

[Thu Feb 13 14:51:43 2025]
Finished job 60.
2 of 61 steps (3%) done
Select jobs to execute...
Execute 1 jobs...

[Thu Feb 13 14:51:43 2025]
localrule trim:
    input: /n/data1/hms/dbmi/park/DATA/ICGC/PCAWG_Final_Datasets_DCC/consensus_snv_indel/merged_snv_mnv/005794f1-5a87-45b5-9811-83ddf6924568.consensus.20160830.somatic.snv_mnv.vcf.gz, /n/data1/hms/dbmi/park/DATA/ICGC/PCAWG_Final_Datasets_DCC/consensus_cnv/segmented_cn/005794f1-5a87-45b5-9811-83ddf6924568.consensus.20170119.somatic.cna.txt, consensus.20170217.purity.ploidy.txt
    output: output/trim/005794f1-5a87-45b5-9811-83ddf6924568_trim.txt
    jobid: 36
    reason: Missing output files: output/trim/005794f1-5a87-45b5-9811-83ddf6924568_trim.txt
    wildcards: sample=005794f1-5a87-45b5-9811-83ddf6924568
    resources: tmpdir=/tmp, mem_mb=2000, mem_mib=1908, time=15:00

[Thu Feb 13 14:51:50 2025]
Finished job 36.
3 of 61 steps (5%) done
Select jobs to execute...
Execute 1 jobs...

[Thu Feb 13 14:51:50 2025]
localrule trim:
    input: /n/data1/hms/dbmi/park/DATA/ICGC/PCAWG_Final_Datasets_DCC/consensus_snv_indel/merged_snv_mnv/0009b464-b376-4fbc-8a56-da538269a02f.consensus.20160830.somatic.snv_mnv.vcf.gz, /n/data1/hms/dbmi/park/DATA/ICGC/PCAWG_Final_Datasets_DCC/consensus_cnv/segmented_cn/0009b464-b376-4fbc-8a56-da538269a02f.consensus.20170119.somatic.cna.txt, consensus.20170217.purity.ploidy.txt
    output: output/trim/0009b464-b376-4fbc-8a56-da538269a02f_trim.txt
    jobid: 6
    reason: Missing output files: output/trim/0009b464-b376-4fbc-8a56-da538269a02f_trim.txt
    wildcards: sample=0009b464-b376-4fbc-8a56-da538269a02f
    resources: tmpdir=/tmp, mem_mb=2000, mem_mib=1908, time=15:00

[Thu Feb 13 14:52:09 2025]
Finished job 6.
4 of 61 steps (7%) done
Select jobs to execute...
Execute 1 jobs...

[Thu Feb 13 14:52:10 2025]
localrule categorize:
    input: output/trim/0009b464-b376-4fbc-8a56-da538269a02f_trim.txt
    output: output/categorize/0009b464-b376-4fbc-8a56-da538269a02f_categorize.txt
    jobid: 5
    reason: Missing output files: output/categorize/0009b464-b376-4fbc-8a56-da538269a02f_categorize.txt; Input files updated by another job: output/trim/0009b464-b376-4fbc-8a56-da538269a02f_trim.txt
    wildcards: sample=0009b464-b376-4fbc-8a56-da538269a02f
    resources: tmpdir=/tmp, mem_mb=3000, mem_mib=2862, time=30:00

[Thu Feb 13 14:52:19 2025]
Finished job 5.
5 of 61 steps (8%) done
Select jobs to execute...
Execute 1 jobs...

[Thu Feb 13 14:52:19 2025]
localrule trim:
    input: /n/data1/hms/dbmi/park/DATA/ICGC/PCAWG_Final_Datasets_DCC/consensus_snv_indel/merged_snv_mnv/003819bc-c415-4e76-887c-931d60ed39e7.consensus.20160830.somatic.snv_mnv.vcf.gz, /n/data1/hms/dbmi/park/DATA/ICGC/PCAWG_Final_Datasets_DCC/consensus_cnv/segmented_cn/003819bc-c415-4e76-887c-931d60ed39e7.consensus.20170119.somatic.cna.txt, consensus.20170217.purity.ploidy.txt
    output: output/trim/003819bc-c415-4e76-887c-931d60ed39e7_trim.txt
    jobid: 12
    reason: Missing output files: output/trim/003819bc-c415-4e76-887c-931d60ed39e7_trim.txt
    wildcards: sample=003819bc-c415-4e76-887c-931d60ed39e7
    resources: tmpdir=/tmp, mem_mb=2000, mem_mib=1908, time=15:00

[Thu Feb 13 14:52:21 2025]
Finished job 12.
6 of 61 steps (10%) done
Select jobs to execute...
Execute 1 jobs...

[Thu Feb 13 14:52:21 2025]
localrule categorize:
    input: output/trim/003819bc-c415-4e76-887c-931d60ed39e7_trim.txt
    output: output/categorize/003819bc-c415-4e76-887c-931d60ed39e7_categorize.txt
    jobid: 11
    reason: Missing output files: output/categorize/003819bc-c415-4e76-887c-931d60ed39e7_categorize.txt; Input files updated by another job: output/trim/003819bc-c415-4e76-887c-931d60ed39e7_trim.txt
    wildcards: sample=003819bc-c415-4e76-887c-931d60ed39e7
    resources: tmpdir=/tmp, mem_mb=3000, mem_mib=2862, time=30:00

[Thu Feb 13 14:52:23 2025]
Finished job 11.
7 of 61 steps (11%) done
Select jobs to execute...
Execute 1 jobs...

[Thu Feb 13 14:52:23 2025]
localrule trim:
    input: /n/data1/hms/dbmi/park/DATA/ICGC/PCAWG_Final_Datasets_DCC/consensus_snv_indel/merged_snv_mnv/005e85a3-3571-462d-8dc9-2babfc7ace21.consensus.20160830.somatic.snv_mnv.vcf.gz, /n/data1/hms/dbmi/park/DATA/ICGC/PCAWG_Final_Datasets_DCC/consensus_cnv/segmented_cn/005e85a3-3571-462d-8dc9-2babfc7ace21.consensus.20170119.somatic.cna.txt, consensus.20170217.purity.ploidy.txt
    output: output/trim/005e85a3-3571-462d-8dc9-2babfc7ace21_trim.txt
    jobid: 42
    reason: Missing output files: output/trim/005e85a3-3571-462d-8dc9-2babfc7ace21_trim.txt
    wildcards: sample=005e85a3-3571-462d-8dc9-2babfc7ace21
    resources: tmpdir=/tmp, mem_mb=2000, mem_mib=1908, time=15:00

[Thu Feb 13 14:52:26 2025]
Finished job 42.
8 of 61 steps (13%) done
Select jobs to execute...
Execute 1 jobs...

[Thu Feb 13 14:52:26 2025]
localrule categorize:
    input: output/trim/005e85a3-3571-462d-8dc9-2babfc7ace21_trim.txt
    output: output/categorize/005e85a3-3571-462d-8dc9-2babfc7ace21_categorize.txt
    jobid: 41
    reason: Missing output files: output/categorize/005e85a3-3571-462d-8dc9-2babfc7ace21_categorize.txt; Input files updated by another job: output/trim/005e85a3-3571-462d-8dc9-2babfc7ace21_trim.txt
    wildcards: sample=005e85a3-3571-462d-8dc9-2babfc7ace21
    resources: tmpdir=/tmp, mem_mb=3000, mem_mib=2862, time=30:00

[Thu Feb 13 14:52:28 2025]
Finished job 41.
9 of 61 steps (15%) done
Select jobs to execute...
Execute 1 jobs...

[Thu Feb 13 14:52:28 2025]
localrule trim:
    input: /n/data1/hms/dbmi/park/DATA/ICGC/PCAWG_Final_Datasets_DCC/consensus_snv_indel/merged_snv_mnv/0040b1b6-b07a-4b6e-90ef-133523eaf412.consensus.20160830.somatic.snv_mnv.vcf.gz, /n/data1/hms/dbmi/park/DATA/ICGC/PCAWG_Final_Datasets_DCC/consensus_cnv/segmented_cn/0040b1b6-b07a-4b6e-90ef-133523eaf412.consensus.20170119.somatic.cna.txt, consensus.20170217.purity.ploidy.txt
    output: output/trim/0040b1b6-b07a-4b6e-90ef-133523eaf412_trim.txt
    jobid: 18
    reason: Missing output files: output/trim/0040b1b6-b07a-4b6e-90ef-133523eaf412_trim.txt
    wildcards: sample=0040b1b6-b07a-4b6e-90ef-133523eaf412
    resources: tmpdir=/tmp, mem_mb=2000, mem_mib=1908, time=15:00

[Thu Feb 13 14:52:49 2025]
Finished job 18.
10 of 61 steps (16%) done
Select jobs to execute...
Execute 1 jobs...

[Thu Feb 13 14:52:49 2025]
localrule categorize:
    input: output/trim/0040b1b6-b07a-4b6e-90ef-133523eaf412_trim.txt
    output: output/categorize/0040b1b6-b07a-4b6e-90ef-133523eaf412_categorize.txt
    jobid: 17
    reason: Missing output files: output/categorize/0040b1b6-b07a-4b6e-90ef-133523eaf412_categorize.txt; Input files updated by another job: output/trim/0040b1b6-b07a-4b6e-90ef-133523eaf412_trim.txt
    wildcards: sample=0040b1b6-b07a-4b6e-90ef-133523eaf412
    resources: tmpdir=/tmp, mem_mb=3000, mem_mib=2862, time=30:00

[Thu Feb 13 14:52:57 2025]
Finished job 17.
11 of 61 steps (18%) done
Select jobs to execute...
Execute 1 jobs...

[Thu Feb 13 14:52:57 2025]
localrule revise:
    input: output/categorize/0040b1b6-b07a-4b6e-90ef-133523eaf412_categorize.txt
    output: output/revise/0040b1b6-b07a-4b6e-90ef-133523eaf412_revise.txt
    jobid: 16
    reason: Missing output files: output/revise/0040b1b6-b07a-4b6e-90ef-133523eaf412_revise.txt; Input files updated by another job: output/categorize/0040b1b6-b07a-4b6e-90ef-133523eaf412_categorize.txt
    wildcards: sample=0040b1b6-b07a-4b6e-90ef-133523eaf412
    resources: tmpdir=/tmp, mem_mb=30000, mem_mib=28611, time=30:00

[Thu Feb 13 14:53:08 2025]
Finished job 16.
12 of 61 steps (20%) done
Select jobs to execute...
Execute 1 jobs...

[Thu Feb 13 14:53:08 2025]
localrule trim:
    input: /n/data1/hms/dbmi/park/DATA/ICGC/PCAWG_Final_Datasets_DCC/consensus_snv_indel/merged_snv_mnv/007aab66-2f07-459d-8952-3041d6ea24a8.consensus.20160830.somatic.snv_mnv.vcf.gz, /n/data1/hms/dbmi/park/DATA/ICGC/PCAWG_Final_Datasets_DCC/consensus_cnv/segmented_cn/007aab66-2f07-459d-8952-3041d6ea24a8.consensus.20170119.somatic.cna.txt, consensus.20170217.purity.ploidy.txt
    output: output/trim/007aab66-2f07-459d-8952-3041d6ea24a8_trim.txt
    jobid: 48
    reason: Missing output files: output/trim/007aab66-2f07-459d-8952-3041d6ea24a8_trim.txt
    wildcards: sample=007aab66-2f07-459d-8952-3041d6ea24a8
    resources: tmpdir=/tmp, mem_mb=2000, mem_mib=1908, time=15:00

[Thu Feb 13 14:53:11 2025]
Finished job 48.
13 of 61 steps (21%) done
Select jobs to execute...
Execute 1 jobs...

[Thu Feb 13 14:53:11 2025]
localrule categorize:
    input: output/trim/007aab66-2f07-459d-8952-3041d6ea24a8_trim.txt
    output: output/categorize/007aab66-2f07-459d-8952-3041d6ea24a8_categorize.txt
    jobid: 47
    reason: Missing output files: output/categorize/007aab66-2f07-459d-8952-3041d6ea24a8_categorize.txt; Input files updated by another job: output/trim/007aab66-2f07-459d-8952-3041d6ea24a8_trim.txt
    wildcards: sample=007aab66-2f07-459d-8952-3041d6ea24a8
    resources: tmpdir=/tmp, mem_mb=3000, mem_mib=2862, time=30:00

[Thu Feb 13 14:53:13 2025]
Finished job 47.
14 of 61 steps (23%) done
Select jobs to execute...
Execute 1 jobs...

[Thu Feb 13 14:53:13 2025]
localrule revise:
    input: output/categorize/007aab66-2f07-459d-8952-3041d6ea24a8_categorize.txt
    output: output/revise/007aab66-2f07-459d-8952-3041d6ea24a8_revise.txt
    jobid: 46
    reason: Missing output files: output/revise/007aab66-2f07-459d-8952-3041d6ea24a8_revise.txt; Input files updated by another job: output/categorize/007aab66-2f07-459d-8952-3041d6ea24a8_categorize.txt
    wildcards: sample=007aab66-2f07-459d-8952-3041d6ea24a8
    resources: tmpdir=/tmp, mem_mb=30000, mem_mib=28611, time=30:00

[Thu Feb 13 14:53:21 2025]
Finished job 46.
15 of 61 steps (25%) done
Select jobs to execute...
Execute 1 jobs...

[Thu Feb 13 14:53:21 2025]
localrule revise:
    input: output/categorize/0009b464-b376-4fbc-8a56-da538269a02f_categorize.txt
    output: output/revise/0009b464-b376-4fbc-8a56-da538269a02f_revise.txt
    jobid: 4
    reason: Missing output files: output/revise/0009b464-b376-4fbc-8a56-da538269a02f_revise.txt; Input files updated by another job: output/categorize/0009b464-b376-4fbc-8a56-da538269a02f_categorize.txt
    wildcards: sample=0009b464-b376-4fbc-8a56-da538269a02f
    resources: tmpdir=/tmp, mem_mb=30000, mem_mib=28611, time=30:00

[Thu Feb 13 14:53:49 2025]
Finished job 4.
16 of 61 steps (26%) done
Select jobs to execute...
Execute 1 jobs...

[Thu Feb 13 14:53:49 2025]
localrule normalize:
    input: output/revise/0009b464-b376-4fbc-8a56-da538269a02f_revise.txt
    output: output/normalize/0009b464-b376-4fbc-8a56-da538269a02f_normalize.txt
    jobid: 3
    reason: Missing output files: output/normalize/0009b464-b376-4fbc-8a56-da538269a02f_normalize.txt; Input files updated by another job: output/revise/0009b464-b376-4fbc-8a56-da538269a02f_revise.txt
    wildcards: sample=0009b464-b376-4fbc-8a56-da538269a02f
    resources: tmpdir=/tmp, mem_mb=1000, mem_mib=954, time=30:00

[Thu Feb 13 14:53:50 2025]
Finished job 3.
17 of 61 steps (28%) done
Select jobs to execute...
Execute 1 jobs...

[Thu Feb 13 14:53:50 2025]
localrule calculate_likelihoods:
    input: output/normalize/0009b464-b376-4fbc-8a56-da538269a02f_normalize.txt, MuSiCal_assignment_PCAWG.txt, COSMIC_v3p2_SBS_WGS_MuSiCal.csv
    output: output/sig_likelihood_sample/0009b464-b376-4fbc-8a56-da538269a02f_likelihood.txt
    jobid: 2
    reason: Missing output files: output/sig_likelihood_sample/0009b464-b376-4fbc-8a56-da538269a02f_likelihood.txt; Input files updated by another job: output/normalize/0009b464-b376-4fbc-8a56-da538269a02f_normalize.txt
    wildcards: sample=0009b464-b376-4fbc-8a56-da538269a02f
    resources: tmpdir=/tmp, mem_mb=2000, mem_mib=1908, time=20:00

[Thu Feb 13 14:53:58 2025]
Finished job 2.
18 of 61 steps (30%) done
Select jobs to execute...
Execute 1 jobs...

[Thu Feb 13 14:53:58 2025]
localrule calculate_clonal_multiplicities:
    input: output/sig_likelihood_sample/0009b464-b376-4fbc-8a56-da538269a02f_likelihood.txt
    output: output/clonal_multiplicities/0009b464-b376-4fbc-8a56-da538269a02f_multiplicities.txt
    jobid: 1
    reason: Missing output files: output/clonal_multiplicities/0009b464-b376-4fbc-8a56-da538269a02f_multiplicities.txt; Input files updated by another job: output/sig_likelihood_sample/0009b464-b376-4fbc-8a56-da538269a02f_likelihood.txt
    wildcards: sample=0009b464-b376-4fbc-8a56-da538269a02f
    resources: tmpdir=/tmp

[Thu Feb 13 14:54:00 2025]
Finished job 1.
19 of 61 steps (31%) done
Select jobs to execute...
Execute 1 jobs...

[Thu Feb 13 14:54:00 2025]
localrule categorize:
    input: output/trim/00508f2b-36bf-44fc-b66b-97e1f3e40bfa_trim.txt
    output: output/categorize/00508f2b-36bf-44fc-b66b-97e1f3e40bfa_categorize.txt
    jobid: 29
    reason: Missing output files: output/categorize/00508f2b-36bf-44fc-b66b-97e1f3e40bfa_categorize.txt; Input files updated by another job: output/trim/00508f2b-36bf-44fc-b66b-97e1f3e40bfa_trim.txt
    wildcards: sample=00508f2b-36bf-44fc-b66b-97e1f3e40bfa
    resources: tmpdir=/tmp, mem_mb=3000, mem_mib=2862, time=30:00

[Thu Feb 13 14:54:03 2025]
Finished job 29.
20 of 61 steps (33%) done
Select jobs to execute...
Execute 1 jobs...

[Thu Feb 13 14:54:03 2025]
localrule revise:
    input: output/categorize/00508f2b-36bf-44fc-b66b-97e1f3e40bfa_categorize.txt
    output: output/revise/00508f2b-36bf-44fc-b66b-97e1f3e40bfa_revise.txt
    jobid: 28
    reason: Missing output files: output/revise/00508f2b-36bf-44fc-b66b-97e1f3e40bfa_revise.txt; Input files updated by another job: output/categorize/00508f2b-36bf-44fc-b66b-97e1f3e40bfa_categorize.txt
    wildcards: sample=00508f2b-36bf-44fc-b66b-97e1f3e40bfa
    resources: tmpdir=/tmp, mem_mb=30000, mem_mib=28611, time=30:00

[Thu Feb 13 14:55:12 2025]
Finished job 28.
21 of 61 steps (34%) done
Select jobs to execute...
Execute 1 jobs...

[Thu Feb 13 14:55:12 2025]
localrule normalize:
    input: output/revise/00508f2b-36bf-44fc-b66b-97e1f3e40bfa_revise.txt
    output: output/normalize/00508f2b-36bf-44fc-b66b-97e1f3e40bfa_normalize.txt
    jobid: 27
    reason: Missing output files: output/normalize/00508f2b-36bf-44fc-b66b-97e1f3e40bfa_normalize.txt; Input files updated by another job: output/revise/00508f2b-36bf-44fc-b66b-97e1f3e40bfa_revise.txt
    wildcards: sample=00508f2b-36bf-44fc-b66b-97e1f3e40bfa
    resources: tmpdir=/tmp, mem_mb=1000, mem_mib=954, time=30:00

[Thu Feb 13 14:55:35 2025]
Finished job 27.
22 of 61 steps (36%) done
Select jobs to execute...
Execute 1 jobs...

[Thu Feb 13 14:55:35 2025]
localrule calculate_likelihoods:
    input: output/normalize/00508f2b-36bf-44fc-b66b-97e1f3e40bfa_normalize.txt, MuSiCal_assignment_PCAWG.txt, COSMIC_v3p2_SBS_WGS_MuSiCal.csv
    output: output/sig_likelihood_sample/00508f2b-36bf-44fc-b66b-97e1f3e40bfa_likelihood.txt
    jobid: 26
    reason: Missing output files: output/sig_likelihood_sample/00508f2b-36bf-44fc-b66b-97e1f3e40bfa_likelihood.txt; Input files updated by another job: output/normalize/00508f2b-36bf-44fc-b66b-97e1f3e40bfa_normalize.txt
    wildcards: sample=00508f2b-36bf-44fc-b66b-97e1f3e40bfa
    resources: tmpdir=/tmp, mem_mb=2000, mem_mib=1908, time=20:00

[Thu Feb 13 14:55:38 2025]
Finished job 26.
23 of 61 steps (38%) done
Select jobs to execute...
Execute 1 jobs...

[Thu Feb 13 14:55:38 2025]
localrule categorize:
    input: output/trim/008bad10-d41b-4bbb-86fa-9976ecea46b1_trim.txt
    output: output/categorize/008bad10-d41b-4bbb-86fa-9976ecea46b1_categorize.txt
    jobid: 59
    reason: Missing output files: output/categorize/008bad10-d41b-4bbb-86fa-9976ecea46b1_categorize.txt; Input files updated by another job: output/trim/008bad10-d41b-4bbb-86fa-9976ecea46b1_trim.txt
    wildcards: sample=008bad10-d41b-4bbb-86fa-9976ecea46b1
    resources: tmpdir=/tmp, mem_mb=3000, mem_mib=2862, time=30:00

[Thu Feb 13 14:55:41 2025]
Finished job 59.
24 of 61 steps (39%) done
Select jobs to execute...
Execute 1 jobs...

[Thu Feb 13 14:55:41 2025]
localrule revise:
    input: output/categorize/008bad10-d41b-4bbb-86fa-9976ecea46b1_categorize.txt
    output: output/revise/008bad10-d41b-4bbb-86fa-9976ecea46b1_revise.txt
    jobid: 58
    reason: Missing output files: output/revise/008bad10-d41b-4bbb-86fa-9976ecea46b1_revise.txt; Input files updated by another job: output/categorize/008bad10-d41b-4bbb-86fa-9976ecea46b1_categorize.txt
    wildcards: sample=008bad10-d41b-4bbb-86fa-9976ecea46b1
    resources: tmpdir=/tmp, mem_mb=30000, mem_mib=28611, time=30:00

[Thu Feb 13 14:56:06 2025]
Finished job 58.
25 of 61 steps (41%) done
Select jobs to execute...
Execute 1 jobs...

[Thu Feb 13 14:56:06 2025]
localrule normalize:
    input: output/revise/008bad10-d41b-4bbb-86fa-9976ecea46b1_revise.txt
    output: output/normalize/008bad10-d41b-4bbb-86fa-9976ecea46b1_normalize.txt
    jobid: 57
    reason: Missing output files: output/normalize/008bad10-d41b-4bbb-86fa-9976ecea46b1_normalize.txt; Input files updated by another job: output/revise/008bad10-d41b-4bbb-86fa-9976ecea46b1_revise.txt
    wildcards: sample=008bad10-d41b-4bbb-86fa-9976ecea46b1
    resources: tmpdir=/tmp, mem_mb=1000, mem_mib=954, time=30:00

[Thu Feb 13 14:56:07 2025]
Finished job 57.
26 of 61 steps (43%) done
Select jobs to execute...
Execute 1 jobs...

[Thu Feb 13 14:56:07 2025]
localrule calculate_likelihoods:
    input: output/normalize/008bad10-d41b-4bbb-86fa-9976ecea46b1_normalize.txt, MuSiCal_assignment_PCAWG.txt, COSMIC_v3p2_SBS_WGS_MuSiCal.csv
    output: output/sig_likelihood_sample/008bad10-d41b-4bbb-86fa-9976ecea46b1_likelihood.txt
    jobid: 56
    reason: Missing output files: output/sig_likelihood_sample/008bad10-d41b-4bbb-86fa-9976ecea46b1_likelihood.txt; Input files updated by another job: output/normalize/008bad10-d41b-4bbb-86fa-9976ecea46b1_normalize.txt
    wildcards: sample=008bad10-d41b-4bbb-86fa-9976ecea46b1
    resources: tmpdir=/tmp, mem_mb=2000, mem_mib=1908, time=20:00

[Thu Feb 13 14:56:09 2025]
Finished job 56.
27 of 61 steps (44%) done
Select jobs to execute...
Execute 1 jobs...

[Thu Feb 13 14:56:09 2025]
localrule calculate_clonal_multiplicities:
    input: output/sig_likelihood_sample/008bad10-d41b-4bbb-86fa-9976ecea46b1_likelihood.txt
    output: output/clonal_multiplicities/008bad10-d41b-4bbb-86fa-9976ecea46b1_multiplicities.txt
    jobid: 55
    reason: Missing output files: output/clonal_multiplicities/008bad10-d41b-4bbb-86fa-9976ecea46b1_multiplicities.txt; Input files updated by another job: output/sig_likelihood_sample/008bad10-d41b-4bbb-86fa-9976ecea46b1_likelihood.txt
    wildcards: sample=008bad10-d41b-4bbb-86fa-9976ecea46b1
    resources: tmpdir=/tmp

[Thu Feb 13 14:56:10 2025]
Finished job 55.
28 of 61 steps (46%) done
Select jobs to execute...
Execute 1 jobs...

[Thu Feb 13 14:56:10 2025]
localrule calculate_clonal_multiplicities:
    input: output/sig_likelihood_sample/00508f2b-36bf-44fc-b66b-97e1f3e40bfa_likelihood.txt
    output: output/clonal_multiplicities/00508f2b-36bf-44fc-b66b-97e1f3e40bfa_multiplicities.txt
    jobid: 25
    reason: Missing output files: output/clonal_multiplicities/00508f2b-36bf-44fc-b66b-97e1f3e40bfa_multiplicities.txt; Input files updated by another job: output/sig_likelihood_sample/00508f2b-36bf-44fc-b66b-97e1f3e40bfa_likelihood.txt
    wildcards: sample=00508f2b-36bf-44fc-b66b-97e1f3e40bfa
    resources: tmpdir=/tmp

[Thu Feb 13 14:56:11 2025]
Finished job 25.
29 of 61 steps (48%) done
Select jobs to execute...
Execute 1 jobs...

[Thu Feb 13 14:56:11 2025]
localrule trim:
    input: /n/data1/hms/dbmi/park/DATA/ICGC/PCAWG_Final_Datasets_DCC/consensus_snv_indel/merged_snv_mnv/00493087-9d9d-40ca-86d5-936f1b951c93.consensus.20160830.somatic.snv_mnv.vcf.gz, /n/data1/hms/dbmi/park/DATA/ICGC/PCAWG_Final_Datasets_DCC/consensus_cnv/segmented_cn/00493087-9d9d-40ca-86d5-936f1b951c93.consensus.20170119.somatic.cna.txt, consensus.20170217.purity.ploidy.txt
    output: output/trim/00493087-9d9d-40ca-86d5-936f1b951c93_trim.txt
    jobid: 24
    reason: Missing output files: output/trim/00493087-9d9d-40ca-86d5-936f1b951c93_trim.txt
    wildcards: sample=00493087-9d9d-40ca-86d5-936f1b951c93
    resources: tmpdir=/tmp, mem_mb=2000, mem_mib=1908, time=15:00

[Thu Feb 13 14:56:15 2025]
Finished job 24.
30 of 61 steps (49%) done
Select jobs to execute...
Execute 1 jobs...

[Thu Feb 13 14:56:15 2025]
localrule categorize:
    input: output/trim/00493087-9d9d-40ca-86d5-936f1b951c93_trim.txt
    output: output/categorize/00493087-9d9d-40ca-86d5-936f1b951c93_categorize.txt
    jobid: 23
    reason: Missing output files: output/categorize/00493087-9d9d-40ca-86d5-936f1b951c93_categorize.txt; Input files updated by another job: output/trim/00493087-9d9d-40ca-86d5-936f1b951c93_trim.txt
    wildcards: sample=00493087-9d9d-40ca-86d5-936f1b951c93
    resources: tmpdir=/tmp, mem_mb=3000, mem_mib=2862, time=30:00

[Thu Feb 13 14:56:17 2025]
Finished job 23.
31 of 61 steps (51%) done
Select jobs to execute...
Execute 1 jobs...

[Thu Feb 13 14:56:17 2025]
localrule revise:
    input: output/categorize/00493087-9d9d-40ca-86d5-936f1b951c93_categorize.txt
    output: output/revise/00493087-9d9d-40ca-86d5-936f1b951c93_revise.txt
    jobid: 22
    reason: Missing output files: output/revise/00493087-9d9d-40ca-86d5-936f1b951c93_revise.txt; Input files updated by another job: output/categorize/00493087-9d9d-40ca-86d5-936f1b951c93_categorize.txt
    wildcards: sample=00493087-9d9d-40ca-86d5-936f1b951c93
    resources: tmpdir=/tmp, mem_mb=30000, mem_mib=28611, time=30:00

[Thu Feb 13 14:56:27 2025]
Finished job 22.
32 of 61 steps (52%) done
Select jobs to execute...
Execute 1 jobs...

[Thu Feb 13 14:56:27 2025]
localrule normalize:
    input: output/revise/00493087-9d9d-40ca-86d5-936f1b951c93_revise.txt
    output: output/normalize/00493087-9d9d-40ca-86d5-936f1b951c93_normalize.txt
    jobid: 21
    reason: Missing output files: output/normalize/00493087-9d9d-40ca-86d5-936f1b951c93_normalize.txt; Input files updated by another job: output/revise/00493087-9d9d-40ca-86d5-936f1b951c93_revise.txt
    wildcards: sample=00493087-9d9d-40ca-86d5-936f1b951c93
    resources: tmpdir=/tmp, mem_mb=1000, mem_mib=954, time=30:00

[Thu Feb 13 14:56:28 2025]
Finished job 21.
33 of 61 steps (54%) done
Select jobs to execute...
Execute 1 jobs...

[Thu Feb 13 14:56:28 2025]
localrule normalize:
    input: output/revise/0040b1b6-b07a-4b6e-90ef-133523eaf412_revise.txt
    output: output/normalize/0040b1b6-b07a-4b6e-90ef-133523eaf412_normalize.txt
    jobid: 15
    reason: Missing output files: output/normalize/0040b1b6-b07a-4b6e-90ef-133523eaf412_normalize.txt; Input files updated by another job: output/revise/0040b1b6-b07a-4b6e-90ef-133523eaf412_revise.txt
    wildcards: sample=0040b1b6-b07a-4b6e-90ef-133523eaf412
    resources: tmpdir=/tmp, mem_mb=1000, mem_mib=954, time=30:00

[Thu Feb 13 14:56:29 2025]
Finished job 15.
34 of 61 steps (56%) done
Select jobs to execute...
Execute 1 jobs...

[Thu Feb 13 14:56:29 2025]
localrule calculate_likelihoods:
    input: output/normalize/0040b1b6-b07a-4b6e-90ef-133523eaf412_normalize.txt, MuSiCal_assignment_PCAWG.txt, COSMIC_v3p2_SBS_WGS_MuSiCal.csv
    output: output/sig_likelihood_sample/0040b1b6-b07a-4b6e-90ef-133523eaf412_likelihood.txt
    jobid: 14
    reason: Missing output files: output/sig_likelihood_sample/0040b1b6-b07a-4b6e-90ef-133523eaf412_likelihood.txt; Input files updated by another job: output/normalize/0040b1b6-b07a-4b6e-90ef-133523eaf412_normalize.txt
    wildcards: sample=0040b1b6-b07a-4b6e-90ef-133523eaf412
    resources: tmpdir=/tmp, mem_mb=2000, mem_mib=1908, time=20:00

[Thu Feb 13 14:56:33 2025]
Finished job 14.
35 of 61 steps (57%) done
Select jobs to execute...
Execute 1 jobs...

[Thu Feb 13 14:56:33 2025]
localrule calculate_clonal_multiplicities:
    input: output/sig_likelihood_sample/0040b1b6-b07a-4b6e-90ef-133523eaf412_likelihood.txt
    output: output/clonal_multiplicities/0040b1b6-b07a-4b6e-90ef-133523eaf412_multiplicities.txt
    jobid: 13
    reason: Missing output files: output/clonal_multiplicities/0040b1b6-b07a-4b6e-90ef-133523eaf412_multiplicities.txt; Input files updated by another job: output/sig_likelihood_sample/0040b1b6-b07a-4b6e-90ef-133523eaf412_likelihood.txt
    wildcards: sample=0040b1b6-b07a-4b6e-90ef-133523eaf412
    resources: tmpdir=/tmp

[Thu Feb 13 14:56:34 2025]
Finished job 13.
36 of 61 steps (59%) done
Select jobs to execute...
Execute 1 jobs...

[Thu Feb 13 14:56:34 2025]
localrule normalize:
    input: output/revise/007aab66-2f07-459d-8952-3041d6ea24a8_revise.txt
    output: output/normalize/007aab66-2f07-459d-8952-3041d6ea24a8_normalize.txt
    jobid: 45
    reason: Missing output files: output/normalize/007aab66-2f07-459d-8952-3041d6ea24a8_normalize.txt; Input files updated by another job: output/revise/007aab66-2f07-459d-8952-3041d6ea24a8_revise.txt
    wildcards: sample=007aab66-2f07-459d-8952-3041d6ea24a8
    resources: tmpdir=/tmp, mem_mb=1000, mem_mib=954, time=30:00

[Thu Feb 13 14:56:35 2025]
Finished job 45.
37 of 61 steps (61%) done
Select jobs to execute...
Execute 1 jobs...

[Thu Feb 13 14:56:35 2025]
localrule calculate_likelihoods:
    input: output/normalize/007aab66-2f07-459d-8952-3041d6ea24a8_normalize.txt, MuSiCal_assignment_PCAWG.txt, COSMIC_v3p2_SBS_WGS_MuSiCal.csv
    output: output/sig_likelihood_sample/007aab66-2f07-459d-8952-3041d6ea24a8_likelihood.txt
    jobid: 44
    reason: Missing output files: output/sig_likelihood_sample/007aab66-2f07-459d-8952-3041d6ea24a8_likelihood.txt; Input files updated by another job: output/normalize/007aab66-2f07-459d-8952-3041d6ea24a8_normalize.txt
    wildcards: sample=007aab66-2f07-459d-8952-3041d6ea24a8
    resources: tmpdir=/tmp, mem_mb=2000, mem_mib=1908, time=20:00

[Thu Feb 13 14:56:36 2025]
Finished job 44.
38 of 61 steps (62%) done
Select jobs to execute...
Execute 1 jobs...

[Thu Feb 13 14:56:36 2025]
localrule calculate_clonal_multiplicities:
    input: output/sig_likelihood_sample/007aab66-2f07-459d-8952-3041d6ea24a8_likelihood.txt
    output: output/clonal_multiplicities/007aab66-2f07-459d-8952-3041d6ea24a8_multiplicities.txt
    jobid: 43
    reason: Missing output files: output/clonal_multiplicities/007aab66-2f07-459d-8952-3041d6ea24a8_multiplicities.txt; Input files updated by another job: output/sig_likelihood_sample/007aab66-2f07-459d-8952-3041d6ea24a8_likelihood.txt
    wildcards: sample=007aab66-2f07-459d-8952-3041d6ea24a8
    resources: tmpdir=/tmp

[Thu Feb 13 14:56:37 2025]
Finished job 43.
39 of 61 steps (64%) done
Select jobs to execute...
Execute 1 jobs...

[Thu Feb 13 14:56:37 2025]
localrule trim:
    input: /n/data1/hms/dbmi/park/DATA/ICGC/PCAWG_Final_Datasets_DCC/consensus_snv_indel/merged_snv_mnv/008aef39-0c97-48ce-9dfd-f12d67116c59.consensus.20160830.somatic.snv_mnv.vcf.gz, /n/data1/hms/dbmi/park/DATA/ICGC/PCAWG_Final_Datasets_DCC/consensus_cnv/segmented_cn/008aef39-0c97-48ce-9dfd-f12d67116c59.consensus.20170119.somatic.cna.txt, consensus.20170217.purity.ploidy.txt
    output: output/trim/008aef39-0c97-48ce-9dfd-f12d67116c59_trim.txt
    jobid: 54
    reason: Missing output files: output/trim/008aef39-0c97-48ce-9dfd-f12d67116c59_trim.txt
    wildcards: sample=008aef39-0c97-48ce-9dfd-f12d67116c59
    resources: tmpdir=/tmp, mem_mb=2000, mem_mib=1908, time=15:00

[Thu Feb 13 14:56:43 2025]
Finished job 54.
40 of 61 steps (66%) done
Select jobs to execute...
Execute 1 jobs...

[Thu Feb 13 14:56:43 2025]
localrule categorize:
    input: output/trim/008aef39-0c97-48ce-9dfd-f12d67116c59_trim.txt
    output: output/categorize/008aef39-0c97-48ce-9dfd-f12d67116c59_categorize.txt
    jobid: 53
    reason: Missing output files: output/categorize/008aef39-0c97-48ce-9dfd-f12d67116c59_categorize.txt; Input files updated by another job: output/trim/008aef39-0c97-48ce-9dfd-f12d67116c59_trim.txt
    wildcards: sample=008aef39-0c97-48ce-9dfd-f12d67116c59
    resources: tmpdir=/tmp, mem_mb=3000, mem_mib=2862, time=30:00

[Thu Feb 13 14:56:47 2025]
Finished job 53.
41 of 61 steps (67%) done
Select jobs to execute...
Execute 1 jobs...

[Thu Feb 13 14:56:47 2025]
localrule revise:
    input: output/categorize/008aef39-0c97-48ce-9dfd-f12d67116c59_categorize.txt
    output: output/revise/008aef39-0c97-48ce-9dfd-f12d67116c59_revise.txt
    jobid: 52
    reason: Missing output files: output/revise/008aef39-0c97-48ce-9dfd-f12d67116c59_revise.txt; Input files updated by another job: output/categorize/008aef39-0c97-48ce-9dfd-f12d67116c59_categorize.txt
    wildcards: sample=008aef39-0c97-48ce-9dfd-f12d67116c59
    resources: tmpdir=/tmp, mem_mb=30000, mem_mib=28611, time=30:00

[Thu Feb 13 14:57:41 2025]
Finished job 52.
42 of 61 steps (69%) done
Select jobs to execute...
Execute 1 jobs...

[Thu Feb 13 14:57:41 2025]
localrule normalize:
    input: output/revise/008aef39-0c97-48ce-9dfd-f12d67116c59_revise.txt
    output: output/normalize/008aef39-0c97-48ce-9dfd-f12d67116c59_normalize.txt
    jobid: 51
    reason: Missing output files: output/normalize/008aef39-0c97-48ce-9dfd-f12d67116c59_normalize.txt; Input files updated by another job: output/revise/008aef39-0c97-48ce-9dfd-f12d67116c59_revise.txt
    wildcards: sample=008aef39-0c97-48ce-9dfd-f12d67116c59
    resources: tmpdir=/tmp, mem_mb=1000, mem_mib=954, time=30:00

[Thu Feb 13 14:57:41 2025]
Finished job 51.
43 of 61 steps (70%) done
Select jobs to execute...
Execute 1 jobs...

[Thu Feb 13 14:57:41 2025]
localrule revise:
    input: output/categorize/005e85a3-3571-462d-8dc9-2babfc7ace21_categorize.txt
    output: output/revise/005e85a3-3571-462d-8dc9-2babfc7ace21_revise.txt
    jobid: 40
    reason: Missing output files: output/revise/005e85a3-3571-462d-8dc9-2babfc7ace21_revise.txt; Input files updated by another job: output/categorize/005e85a3-3571-462d-8dc9-2babfc7ace21_categorize.txt
    wildcards: sample=005e85a3-3571-462d-8dc9-2babfc7ace21
    resources: tmpdir=/tmp, mem_mb=30000, mem_mib=28611, time=30:00

[Thu Feb 13 14:57:42 2025]
Finished job 40.
44 of 61 steps (72%) done
Select jobs to execute...
Execute 1 jobs...

[Thu Feb 13 14:57:42 2025]
localrule normalize:
    input: output/revise/005e85a3-3571-462d-8dc9-2babfc7ace21_revise.txt
    output: output/normalize/005e85a3-3571-462d-8dc9-2babfc7ace21_normalize.txt
    jobid: 39
    reason: Missing output files: output/normalize/005e85a3-3571-462d-8dc9-2babfc7ace21_normalize.txt; Input files updated by another job: output/revise/005e85a3-3571-462d-8dc9-2babfc7ace21_revise.txt
    wildcards: sample=005e85a3-3571-462d-8dc9-2babfc7ace21
    resources: tmpdir=/tmp, mem_mb=1000, mem_mib=954, time=30:00

[Thu Feb 13 14:57:43 2025]
Finished job 39.
45 of 61 steps (74%) done
Select jobs to execute...
Execute 1 jobs...

[Thu Feb 13 14:57:43 2025]
localrule calculate_likelihoods:
    input: output/normalize/005e85a3-3571-462d-8dc9-2babfc7ace21_normalize.txt, MuSiCal_assignment_PCAWG.txt, COSMIC_v3p2_SBS_WGS_MuSiCal.csv
    output: output/sig_likelihood_sample/005e85a3-3571-462d-8dc9-2babfc7ace21_likelihood.txt
    jobid: 38
    reason: Missing output files: output/sig_likelihood_sample/005e85a3-3571-462d-8dc9-2babfc7ace21_likelihood.txt; Input files updated by another job: output/normalize/005e85a3-3571-462d-8dc9-2babfc7ace21_normalize.txt
    wildcards: sample=005e85a3-3571-462d-8dc9-2babfc7ace21
    resources: tmpdir=/tmp, mem_mb=2000, mem_mib=1908, time=20:00

[Thu Feb 13 14:57:45 2025]
Finished job 38.
46 of 61 steps (75%) done
Select jobs to execute...
Execute 1 jobs...

[Thu Feb 13 14:57:45 2025]
localrule calculate_clonal_multiplicities:
    input: output/sig_likelihood_sample/005e85a3-3571-462d-8dc9-2babfc7ace21_likelihood.txt
    output: output/clonal_multiplicities/005e85a3-3571-462d-8dc9-2babfc7ace21_multiplicities.txt
    jobid: 37
    reason: Missing output files: output/clonal_multiplicities/005e85a3-3571-462d-8dc9-2babfc7ace21_multiplicities.txt; Input files updated by another job: output/sig_likelihood_sample/005e85a3-3571-462d-8dc9-2babfc7ace21_likelihood.txt
    wildcards: sample=005e85a3-3571-462d-8dc9-2babfc7ace21
    resources: tmpdir=/tmp

[Thu Feb 13 14:57:46 2025]
Finished job 37.
47 of 61 steps (77%) done
Select jobs to execute...
Execute 1 jobs...

[Thu Feb 13 14:57:46 2025]
localrule calculate_likelihoods:
    input: output/normalize/00493087-9d9d-40ca-86d5-936f1b951c93_normalize.txt, MuSiCal_assignment_PCAWG.txt, COSMIC_v3p2_SBS_WGS_MuSiCal.csv
    output: output/sig_likelihood_sample/00493087-9d9d-40ca-86d5-936f1b951c93_likelihood.txt
    jobid: 20
    reason: Missing output files: output/sig_likelihood_sample/00493087-9d9d-40ca-86d5-936f1b951c93_likelihood.txt; Input files updated by another job: output/normalize/00493087-9d9d-40ca-86d5-936f1b951c93_normalize.txt
    wildcards: sample=00493087-9d9d-40ca-86d5-936f1b951c93
    resources: tmpdir=/tmp, mem_mb=2000, mem_mib=1908, time=20:00

[Thu Feb 13 14:57:48 2025]
Finished job 20.
48 of 61 steps (79%) done
Select jobs to execute...
Execute 1 jobs...

[Thu Feb 13 14:57:48 2025]
localrule calculate_clonal_multiplicities:
    input: output/sig_likelihood_sample/00493087-9d9d-40ca-86d5-936f1b951c93_likelihood.txt
    output: output/clonal_multiplicities/00493087-9d9d-40ca-86d5-936f1b951c93_multiplicities.txt
    jobid: 19
    reason: Missing output files: output/clonal_multiplicities/00493087-9d9d-40ca-86d5-936f1b951c93_multiplicities.txt; Input files updated by another job: output/sig_likelihood_sample/00493087-9d9d-40ca-86d5-936f1b951c93_likelihood.txt
    wildcards: sample=00493087-9d9d-40ca-86d5-936f1b951c93
    resources: tmpdir=/tmp

[Thu Feb 13 14:57:49 2025]
Finished job 19.
49 of 61 steps (80%) done
Select jobs to execute...
Execute 1 jobs...

[Thu Feb 13 14:57:49 2025]
localrule calculate_likelihoods:
    input: output/normalize/008aef39-0c97-48ce-9dfd-f12d67116c59_normalize.txt, MuSiCal_assignment_PCAWG.txt, COSMIC_v3p2_SBS_WGS_MuSiCal.csv
    output: output/sig_likelihood_sample/008aef39-0c97-48ce-9dfd-f12d67116c59_likelihood.txt
    jobid: 50
    reason: Missing output files: output/sig_likelihood_sample/008aef39-0c97-48ce-9dfd-f12d67116c59_likelihood.txt; Input files updated by another job: output/normalize/008aef39-0c97-48ce-9dfd-f12d67116c59_normalize.txt
    wildcards: sample=008aef39-0c97-48ce-9dfd-f12d67116c59
    resources: tmpdir=/tmp, mem_mb=2000, mem_mib=1908, time=20:00

[Thu Feb 13 14:57:51 2025]
Finished job 50.
50 of 61 steps (82%) done
Select jobs to execute...
Execute 1 jobs...

[Thu Feb 13 14:57:51 2025]
localrule calculate_clonal_multiplicities:
    input: output/sig_likelihood_sample/008aef39-0c97-48ce-9dfd-f12d67116c59_likelihood.txt
    output: output/clonal_multiplicities/008aef39-0c97-48ce-9dfd-f12d67116c59_multiplicities.txt
    jobid: 49
    reason: Missing output files: output/clonal_multiplicities/008aef39-0c97-48ce-9dfd-f12d67116c59_multiplicities.txt; Input files updated by another job: output/sig_likelihood_sample/008aef39-0c97-48ce-9dfd-f12d67116c59_likelihood.txt
    wildcards: sample=008aef39-0c97-48ce-9dfd-f12d67116c59
    resources: tmpdir=/tmp

[Thu Feb 13 14:57:52 2025]
Finished job 49.
51 of 61 steps (84%) done
Select jobs to execute...
Execute 1 jobs...

[Thu Feb 13 14:57:52 2025]
localrule categorize:
    input: output/trim/005794f1-5a87-45b5-9811-83ddf6924568_trim.txt
    output: output/categorize/005794f1-5a87-45b5-9811-83ddf6924568_categorize.txt
    jobid: 35
    reason: Missing output files: output/categorize/005794f1-5a87-45b5-9811-83ddf6924568_categorize.txt; Input files updated by another job: output/trim/005794f1-5a87-45b5-9811-83ddf6924568_trim.txt
    wildcards: sample=005794f1-5a87-45b5-9811-83ddf6924568
    resources: tmpdir=/tmp, mem_mb=3000, mem_mib=2862, time=30:00

[Thu Feb 13 14:57:55 2025]
Finished job 35.
52 of 61 steps (85%) done
Select jobs to execute...
Execute 1 jobs...

[Thu Feb 13 14:57:55 2025]
localrule revise:
    input: output/categorize/005794f1-5a87-45b5-9811-83ddf6924568_categorize.txt
    output: output/revise/005794f1-5a87-45b5-9811-83ddf6924568_revise.txt
    jobid: 34
    reason: Missing output files: output/revise/005794f1-5a87-45b5-9811-83ddf6924568_revise.txt; Input files updated by another job: output/categorize/005794f1-5a87-45b5-9811-83ddf6924568_categorize.txt
    wildcards: sample=005794f1-5a87-45b5-9811-83ddf6924568
    resources: tmpdir=/tmp, mem_mb=30000, mem_mib=28611, time=30:00

[Thu Feb 13 14:58:09 2025]
Finished job 34.
53 of 61 steps (87%) done
Select jobs to execute...
Execute 1 jobs...

[Thu Feb 13 14:58:09 2025]
localrule revise:
    input: output/categorize/003819bc-c415-4e76-887c-931d60ed39e7_categorize.txt
    output: output/revise/003819bc-c415-4e76-887c-931d60ed39e7_revise.txt
    jobid: 10
    reason: Missing output files: output/revise/003819bc-c415-4e76-887c-931d60ed39e7_revise.txt; Input files updated by another job: output/categorize/003819bc-c415-4e76-887c-931d60ed39e7_categorize.txt
    wildcards: sample=003819bc-c415-4e76-887c-931d60ed39e7
    resources: tmpdir=/tmp, mem_mb=30000, mem_mib=28611, time=30:00

[Thu Feb 13 14:58:12 2025]
Finished job 10.
54 of 61 steps (89%) done
Select jobs to execute...
Execute 1 jobs...

[Thu Feb 13 14:58:12 2025]
localrule normalize:
    input: output/revise/003819bc-c415-4e76-887c-931d60ed39e7_revise.txt
    output: output/normalize/003819bc-c415-4e76-887c-931d60ed39e7_normalize.txt
    jobid: 9
    reason: Missing output files: output/normalize/003819bc-c415-4e76-887c-931d60ed39e7_normalize.txt; Input files updated by another job: output/revise/003819bc-c415-4e76-887c-931d60ed39e7_revise.txt
    wildcards: sample=003819bc-c415-4e76-887c-931d60ed39e7
    resources: tmpdir=/tmp, mem_mb=1000, mem_mib=954, time=30:00

[Thu Feb 13 14:58:12 2025]
Finished job 9.
55 of 61 steps (90%) done
Select jobs to execute...
Execute 1 jobs...

[Thu Feb 13 14:58:12 2025]
localrule calculate_likelihoods:
    input: output/normalize/003819bc-c415-4e76-887c-931d60ed39e7_normalize.txt, MuSiCal_assignment_PCAWG.txt, COSMIC_v3p2_SBS_WGS_MuSiCal.csv
    output: output/sig_likelihood_sample/003819bc-c415-4e76-887c-931d60ed39e7_likelihood.txt
    jobid: 8
    reason: Missing output files: output/sig_likelihood_sample/003819bc-c415-4e76-887c-931d60ed39e7_likelihood.txt; Input files updated by another job: output/normalize/003819bc-c415-4e76-887c-931d60ed39e7_normalize.txt
    wildcards: sample=003819bc-c415-4e76-887c-931d60ed39e7
    resources: tmpdir=/tmp, mem_mb=2000, mem_mib=1908, time=20:00

[Thu Feb 13 14:58:13 2025]
Finished job 8.
56 of 61 steps (92%) done
Select jobs to execute...
Execute 1 jobs...

[Thu Feb 13 14:58:13 2025]
localrule calculate_clonal_multiplicities:
    input: output/sig_likelihood_sample/003819bc-c415-4e76-887c-931d60ed39e7_likelihood.txt
    output: output/clonal_multiplicities/003819bc-c415-4e76-887c-931d60ed39e7_multiplicities.txt
    jobid: 7
    reason: Missing output files: output/clonal_multiplicities/003819bc-c415-4e76-887c-931d60ed39e7_multiplicities.txt; Input files updated by another job: output/sig_likelihood_sample/003819bc-c415-4e76-887c-931d60ed39e7_likelihood.txt
    wildcards: sample=003819bc-c415-4e76-887c-931d60ed39e7
    resources: tmpdir=/tmp

[Thu Feb 13 14:58:14 2025]
Finished job 7.
57 of 61 steps (93%) done
Select jobs to execute...
Execute 1 jobs...

[Thu Feb 13 14:58:14 2025]
localrule normalize:
    input: output/revise/005794f1-5a87-45b5-9811-83ddf6924568_revise.txt
    output: output/normalize/005794f1-5a87-45b5-9811-83ddf6924568_normalize.txt
    jobid: 33
    reason: Missing output files: output/normalize/005794f1-5a87-45b5-9811-83ddf6924568_normalize.txt; Input files updated by another job: output/revise/005794f1-5a87-45b5-9811-83ddf6924568_revise.txt
    wildcards: sample=005794f1-5a87-45b5-9811-83ddf6924568
    resources: tmpdir=/tmp, mem_mb=1000, mem_mib=954, time=30:00

[Thu Feb 13 14:58:15 2025]
Finished job 33.
58 of 61 steps (95%) done
Select jobs to execute...
Execute 1 jobs...

[Thu Feb 13 14:58:15 2025]
localrule calculate_likelihoods:
    input: output/normalize/005794f1-5a87-45b5-9811-83ddf6924568_normalize.txt, MuSiCal_assignment_PCAWG.txt, COSMIC_v3p2_SBS_WGS_MuSiCal.csv
    output: output/sig_likelihood_sample/005794f1-5a87-45b5-9811-83ddf6924568_likelihood.txt
    jobid: 32
    reason: Missing output files: output/sig_likelihood_sample/005794f1-5a87-45b5-9811-83ddf6924568_likelihood.txt; Input files updated by another job: output/normalize/005794f1-5a87-45b5-9811-83ddf6924568_normalize.txt
    wildcards: sample=005794f1-5a87-45b5-9811-83ddf6924568
    resources: tmpdir=/tmp, mem_mb=2000, mem_mib=1908, time=20:00

[Thu Feb 13 14:58:17 2025]
Finished job 32.
59 of 61 steps (97%) done
Select jobs to execute...
Execute 1 jobs...

[Thu Feb 13 14:58:17 2025]
localrule calculate_clonal_multiplicities:
    input: output/sig_likelihood_sample/005794f1-5a87-45b5-9811-83ddf6924568_likelihood.txt
    output: output/clonal_multiplicities/005794f1-5a87-45b5-9811-83ddf6924568_multiplicities.txt
    jobid: 31
    reason: Missing output files: output/clonal_multiplicities/005794f1-5a87-45b5-9811-83ddf6924568_multiplicities.txt; Input files updated by another job: output/sig_likelihood_sample/005794f1-5a87-45b5-9811-83ddf6924568_likelihood.txt
    wildcards: sample=005794f1-5a87-45b5-9811-83ddf6924568
    resources: tmpdir=/tmp

[Thu Feb 13 14:58:18 2025]
Finished job 31.
60 of 61 steps (98%) done
Select jobs to execute...
Execute 1 jobs...

[Thu Feb 13 14:58:18 2025]
localrule all:
    input: output/clonal_multiplicities/0009b464-b376-4fbc-8a56-da538269a02f_multiplicities.txt, output/clonal_multiplicities/003819bc-c415-4e76-887c-931d60ed39e7_multiplicities.txt, output/clonal_multiplicities/0040b1b6-b07a-4b6e-90ef-133523eaf412_multiplicities.txt, output/clonal_multiplicities/00493087-9d9d-40ca-86d5-936f1b951c93_multiplicities.txt, output/clonal_multiplicities/00508f2b-36bf-44fc-b66b-97e1f3e40bfa_multiplicities.txt, output/clonal_multiplicities/005794f1-5a87-45b5-9811-83ddf6924568_multiplicities.txt, output/clonal_multiplicities/005e85a3-3571-462d-8dc9-2babfc7ace21_multiplicities.txt, output/clonal_multiplicities/007aab66-2f07-459d-8952-3041d6ea24a8_multiplicities.txt, output/clonal_multiplicities/008aef39-0c97-48ce-9dfd-f12d67116c59_multiplicities.txt, output/clonal_multiplicities/008bad10-d41b-4bbb-86fa-9976ecea46b1_multiplicities.txt
    jobid: 0
    reason: Input files updated by another job: output/clonal_multiplicities/0040b1b6-b07a-4b6e-90ef-133523eaf412_multiplicities.txt, output/clonal_multiplicities/00508f2b-36bf-44fc-b66b-97e1f3e40bfa_multiplicities.txt, output/clonal_multiplicities/00493087-9d9d-40ca-86d5-936f1b951c93_multiplicities.txt, output/clonal_multiplicities/005e85a3-3571-462d-8dc9-2babfc7ace21_multiplicities.txt, output/clonal_multiplicities/008bad10-d41b-4bbb-86fa-9976ecea46b1_multiplicities.txt, output/clonal_multiplicities/007aab66-2f07-459d-8952-3041d6ea24a8_multiplicities.txt, output/clonal_multiplicities/003819bc-c415-4e76-887c-931d60ed39e7_multiplicities.txt, output/clonal_multiplicities/008aef39-0c97-48ce-9dfd-f12d67116c59_multiplicities.txt, output/clonal_multiplicities/005794f1-5a87-45b5-9811-83ddf6924568_multiplicities.txt, output/clonal_multiplicities/0009b464-b376-4fbc-8a56-da538269a02f_multiplicities.txt
    resources: tmpdir=/tmp

[Thu Feb 13 14:58:18 2025]
Finished job 0.
61 of 61 steps (100%) done
Complete log: .snakemake/log/2025-02-13T145124.531891.snakemake.log
