host: compute-p-17-180.o2.rc.hms.harvard.edu
Building DAG of jobs...
Using shell: /usr/bin/bash
Provided remote nodes: 1
Provided resources: mem_mb=1000, mem_mib=954, disk_mb=1000, disk_mib=954
Select jobs to execute...
Execute 1 jobs...

[Thu Feb 27 13:18:23 2025]
rule estimate_timing:
    input: output/multiplicities/Patient20_multiplicities.tsv
    output: output/timing_results/Patient20_timing.tsv, output/timing_plots/Patient20_timing_plot.pdf
    jobid: 0
    reason: Forced execution
    wildcards: sample=Patient20
    resources: mem_mb=1000, mem_mib=954, disk_mb=1000, disk_mib=954, tmpdir=<TBD>, slurm_account=park_contrib, slurm_partition=park, runtime=14400

host: compute-p-17-180.o2.rc.hms.harvard.edu
Building DAG of jobs...
Using shell: /usr/bin/bash
Provided cores: 1 (use --cores to define parallelism)
Rules claiming more threads will be scaled down.
Provided resources: mem_mb=1000, mem_mib=954, disk_mb=1000, disk_mib=954
Select jobs to execute...
Execute 1 jobs...

[Thu Feb 27 13:18:26 2025]
localrule estimate_timing:
    input: output/multiplicities/Patient20_multiplicities.tsv
    output: output/timing_results/Patient20_timing.tsv, output/timing_plots/Patient20_timing_plot.pdf
    jobid: 0
    reason: Forced execution
    wildcards: sample=Patient20
    resources: mem_mb=1000, mem_mib=954, disk_mb=1000, disk_mib=954, tmpdir=/tmp, slurm_account=park_contrib, slurm_partition=park, runtime=14400

/n/data1/hms/dbmi/park/jbrew/Tau/Tau_github/package/tau/timing_results.py:33: RuntimeWarning: invalid value encountered in log
  return -np.sum(counts * np.log(lambdas) - lambdas)
/n/data1/hms/dbmi/park/jbrew/Tau/Tau_github/package/tau/timing_results.py:33: RuntimeWarning: divide by zero encountered in log
  return -np.sum(counts * np.log(lambdas) - lambdas)
/n/data1/hms/dbmi/park/jbrew/Tau/Tau_github/package/tau/timing_results.py:33: RuntimeWarning: invalid value encountered in multiply
  return -np.sum(counts * np.log(lambdas) - lambdas)
NO SOLUTION! Calculating MLE estimate
NO SOLUTION! Calculating MLE estimate
NO SOLUTION! Calculating MLE estimate
NO SOLUTION! Calculating MLE estimate
NO SOLUTION! Calculating MLE estimate
NO SOLUTION! Calculating MLE estimate
NO SOLUTION! Calculating MLE estimate
NO SOLUTION! Calculating MLE estimate
Traceback (most recent call last):
  File "/n/data1/hms/dbmi/park/jbrew/Tau/Tau_github/examples/inform_run/snakemake/scripts/estimate_timing.py", line 18, in <module>
    timing_results, copy_number_dict = tau.calculate_timing_solutions(multiplicities)
                                       ^^^^^^^^^^^^^^^^^^^^^^^^^^^^^^^^^^^^^^^^^^^^^^
  File "/n/data1/hms/dbmi/park/jbrew/Tau/Tau_github/package/tau/timing_results.py", line 225, in calculate_timing_solutions
    sol_file = max(unfit_likelihoods, key=unfit_likelihoods.get)
               ^^^^^^^^^^^^^^^^^^^^^^^^^^^^^^^^^^^^^^^^^^^^^^^^^
ValueError: max() iterable argument is empty
[Thu Feb 27 13:20:06 2025]
Error in rule estimate_timing:
    jobid: 0
    input: output/multiplicities/Patient20_multiplicities.tsv
    output: output/timing_results/Patient20_timing.tsv, output/timing_plots/Patient20_timing_plot.pdf
    shell:
        
        python scripts/estimate_timing.py             --multiplicities output/multiplicities/Patient20_multiplicities.tsv             --output_tsv output/timing_results/Patient20_timing.tsv             --output_plot output/timing_plots/Patient20_timing_plot.pdf
        
        (one of the commands exited with non-zero exit code; note that snakemake uses bash strict mode!)

Shutting down, this might take some time.
Exiting because a job execution failed. Look above for error message
Storing output in storage.
WorkflowError:
At least one job did not complete successfully.
srun: error: compute-p-17-180: task 0: Exited with exit code 1
[Thu Feb 27 13:20:07 2025]
Error in rule estimate_timing:
    jobid: 0
    input: output/multiplicities/Patient20_multiplicities.tsv
    output: output/timing_results/Patient20_timing.tsv, output/timing_plots/Patient20_timing_plot.pdf
    shell:
        
        python scripts/estimate_timing.py             --multiplicities output/multiplicities/Patient20_multiplicities.tsv             --output_tsv output/timing_results/Patient20_timing.tsv             --output_plot output/timing_plots/Patient20_timing_plot.pdf
        
        (one of the commands exited with non-zero exit code; note that snakemake uses bash strict mode!)

Shutting down, this might take some time.
Exiting because a job execution failed. Look above for error message
Storing output in storage.
WorkflowError:
At least one job did not complete successfully.
