Building DAG of jobs...
Using shell: /usr/bin/bash
Provided cores: 1 (use --cores to define parallelism)
Rules claiming more threads will be scaled down.
Conda environments: ignored
Job stats:
job                                count
-------------------------------  -------
all                                    1
calculate_clonal_multiplicities        1
calculate_likelihoods                  1
categorize                             1
normalize                              1
revise                                 1
trim                                   1
total                                  7

Select jobs to execute...
Execute 1 jobs...

[Tue Feb 18 11:41:54 2025]
localrule trim:
    input: /n/data1/hms/dbmi/park/DATA/ICGC/PCAWG_Final_Datasets_DCC/consensus_snv_indel/merged_snv_mnv/0009b464-b376-4fbc-8a56-da538269a02f.consensus.20160830.somatic.snv_mnv.vcf.gz, /n/data1/hms/dbmi/park/DATA/ICGC/PCAWG_Final_Datasets_DCC/consensus_cnv/segmented_cn/0009b464-b376-4fbc-8a56-da538269a02f.consensus.20170119.somatic.cna.txt, consensus.20170217.purity.ploidy.txt
    output: output/trim/0009b464-b376-4fbc-8a56-da538269a02f_trim.txt
    jobid: 6
    reason: Code has changed since last execution
    wildcards: sample=0009b464-b376-4fbc-8a56-da538269a02f
    resources: tmpdir=/tmp, mem_mb=2000, mem_mib=1908, time=15:00

[Tue Feb 18 11:42:13 2025]
Finished job 6.
1 of 7 steps (14%) done
Select jobs to execute...
Execute 1 jobs...

[Tue Feb 18 11:42:13 2025]
localrule categorize:
    input: output/trim/0009b464-b376-4fbc-8a56-da538269a02f_trim.txt
    output: output/categorize/0009b464-b376-4fbc-8a56-da538269a02f_categorize.txt
    jobid: 5
    reason: Input files updated by another job: output/trim/0009b464-b376-4fbc-8a56-da538269a02f_trim.txt
    wildcards: sample=0009b464-b376-4fbc-8a56-da538269a02f
    resources: tmpdir=/tmp, mem_mb=3000, mem_mib=2862, time=30:00

[Tue Feb 18 11:42:23 2025]
Finished job 5.
2 of 7 steps (29%) done
Select jobs to execute...
Execute 1 jobs...

[Tue Feb 18 11:42:23 2025]
localrule revise:
    input: output/categorize/0009b464-b376-4fbc-8a56-da538269a02f_categorize.txt
    output: output/revise/0009b464-b376-4fbc-8a56-da538269a02f_revise.txt
    jobid: 4
    reason: Input files updated by another job: output/categorize/0009b464-b376-4fbc-8a56-da538269a02f_categorize.txt
    wildcards: sample=0009b464-b376-4fbc-8a56-da538269a02f
    resources: tmpdir=/tmp, mem_mb=30000, mem_mib=28611, time=30:00

[Tue Feb 18 11:42:26 2025]
Finished job 4.
3 of 7 steps (43%) done
Select jobs to execute...
Execute 1 jobs...

[Tue Feb 18 11:42:26 2025]
localrule normalize:
    input: output/revise/0009b464-b376-4fbc-8a56-da538269a02f_revise.txt
    output: output/normalize/0009b464-b376-4fbc-8a56-da538269a02f_normalize.txt
    jobid: 3
    reason: Missing output files: output/normalize/0009b464-b376-4fbc-8a56-da538269a02f_normalize.txt; Input files updated by another job: output/revise/0009b464-b376-4fbc-8a56-da538269a02f_revise.txt
    wildcards: sample=0009b464-b376-4fbc-8a56-da538269a02f
    resources: tmpdir=/tmp, mem_mb=1000, mem_mib=954, time=30:00

[Tue Feb 18 11:42:26 2025]
Error in rule normalize:
    jobid: 3
    input: output/revise/0009b464-b376-4fbc-8a56-da538269a02f_revise.txt
    output: output/normalize/0009b464-b376-4fbc-8a56-da538269a02f_normalize.txt
    conda-env: tau
    shell:
        Rscript scripts/normalize.R output/revise/0009b464-b376-4fbc-8a56-da538269a02f_revise.txt output/normalize/0009b464-b376-4fbc-8a56-da538269a02f_normalize.txt
        (one of the commands exited with non-zero exit code; note that snakemake uses bash strict mode!)

Shutting down, this might take some time.
Exiting because a job execution failed. Look above for error message
Complete log: .snakemake/log/2025-02-18T114147.494948.snakemake.log
WorkflowError:
At least one job did not complete successfully.
