host: compute-a-16-168.o2.rc.hms.harvard.edu
Building DAG of jobs...
Using shell: /usr/bin/bash
Provided cores: 1 (use --cores to define parallelism)
Rules claiming more threads will be scaled down.
Conda environments: ignored
Job stats:
job                                count
-------------------------------  -------
all                                    1
calculate_clonal_multiplicities        1
calculate_likelihoods                  1
total                                  3

Select jobs to execute...
Execute 1 jobs...

[Tue Feb 18 11:46:07 2025]
localrule calculate_likelihoods:
    input: output/normalize/0009b464-b376-4fbc-8a56-da538269a02f_normalize.txt, MuSiCal_assignment_PCAWG.txt, COSMIC_v3p2_SBS_WGS_MuSiCal.csv
    output: output/sig_likelihood_sample/0009b464-b376-4fbc-8a56-da538269a02f_likelihood.txt
    jobid: 2
    reason: Missing output files: output/sig_likelihood_sample/0009b464-b376-4fbc-8a56-da538269a02f_likelihood.txt; Updated input files: output/normalize/0009b464-b376-4fbc-8a56-da538269a02f_normalize.txt
    wildcards: sample=0009b464-b376-4fbc-8a56-da538269a02f
    resources: tmpdir=/tmp, mem_mb=2000, mem_mib=1908, time=20:00

[Tue Feb 18 11:46:19 2025]
Finished job 2.
1 of 3 steps (33%) done
Select jobs to execute...
Execute 1 jobs...

[Tue Feb 18 11:46:19 2025]
localrule calculate_clonal_multiplicities:
    input: output/sig_likelihood_sample/0009b464-b376-4fbc-8a56-da538269a02f_likelihood.txt
    output: output/clonal_multiplicities/0009b464-b376-4fbc-8a56-da538269a02f_multiplicities.txt
    jobid: 1
    reason: Input files updated by another job: output/sig_likelihood_sample/0009b464-b376-4fbc-8a56-da538269a02f_likelihood.txt
    wildcards: sample=0009b464-b376-4fbc-8a56-da538269a02f
    resources: tmpdir=/tmp

[Tue Feb 18 11:46:21 2025]
Finished job 1.
2 of 3 steps (67%) done
Select jobs to execute...
Execute 1 jobs...

[Tue Feb 18 11:46:21 2025]
localrule all:
    input: output/clonal_multiplicities/0009b464-b376-4fbc-8a56-da538269a02f_multiplicities.txt
    jobid: 0
    reason: Input files updated by another job: output/clonal_multiplicities/0009b464-b376-4fbc-8a56-da538269a02f_multiplicities.txt
    resources: tmpdir=/tmp

[Tue Feb 18 11:46:21 2025]
Finished job 0.
3 of 3 steps (100%) done
Complete log: .snakemake/log/2025-02-18T114607.864710.snakemake.log
