Building DAG of jobs...
Using shell: /usr/bin/bash
Provided cores: 1 (use --cores to define parallelism)
Rules claiming more threads will be scaled down.
Conda environments: ignored
Job stats:
job                                count
-------------------------------  -------
all                                    1
calculate_clonal_multiplicities        1
calculate_likelihoods                  1
normalize                              1
total                                  4

Select jobs to execute...
Execute 1 jobs...

[Tue Feb 18 11:44:43 2025]
localrule normalize:
    input: output/revise/0009b464-b376-4fbc-8a56-da538269a02f_revise.txt
    output: output/normalize/0009b464-b376-4fbc-8a56-da538269a02f_normalize.txt
    jobid: 3
    reason: Missing output files: output/normalize/0009b464-b376-4fbc-8a56-da538269a02f_normalize.txt; Updated input files: output/revise/0009b464-b376-4fbc-8a56-da538269a02f_revise.txt
    wildcards: sample=0009b464-b376-4fbc-8a56-da538269a02f
    resources: tmpdir=/tmp, mem_mb=1000, mem_mib=954, time=30:00

[Tue Feb 18 11:44:44 2025]
Finished job 3.
1 of 4 steps (25%) done
Select jobs to execute...
Execute 1 jobs...

[Tue Feb 18 11:44:44 2025]
localrule calculate_likelihoods:
    input: output/normalize/0009b464-b376-4fbc-8a56-da538269a02f_normalize.txt, MuSiCal_assignment_PCAWG.txt, COSMIC_v3p2_SBS_WGS_MuSiCal.csv
    output: output/sig_likelihood_sample/0009b464-b376-4fbc-8a56-da538269a02f_likelihood.txt
    jobid: 2
    reason: Input files updated by another job: output/normalize/0009b464-b376-4fbc-8a56-da538269a02f_normalize.txt
    wildcards: sample=0009b464-b376-4fbc-8a56-da538269a02f
    resources: tmpdir=/tmp, mem_mb=2000, mem_mib=1908, time=20:00

[Tue Feb 18 11:44:45 2025]
Error in rule calculate_likelihoods:
    jobid: 2
    input: output/normalize/0009b464-b376-4fbc-8a56-da538269a02f_normalize.txt, MuSiCal_assignment_PCAWG.txt, COSMIC_v3p2_SBS_WGS_MuSiCal.csv
    output: output/sig_likelihood_sample/0009b464-b376-4fbc-8a56-da538269a02f_likelihood.txt
    conda-env: tau
    shell:
        
        python scripts/calculate_likelihoods.py             --normalize_file output/normalize/0009b464-b376-4fbc-8a56-da538269a02f_normalize.txt             --exposure MuSiCal_assignment_PCAWG.txt             --signature COSMIC_v3p2_SBS_WGS_MuSiCal.csv             --output output/sig_likelihood_sample/0009b464-b376-4fbc-8a56-da538269a02f_likelihood.txt
        
        (one of the commands exited with non-zero exit code; note that snakemake uses bash strict mode!)

Shutting down, this might take some time.
Exiting because a job execution failed. Look above for error message
Complete log: .snakemake/log/2025-02-18T114437.780025.snakemake.log
WorkflowError:
At least one job did not complete successfully.
