host: compute-p-17-174.o2.rc.hms.harvard.edu
Building DAG of jobs...
You are running snakemake in a SLURM job context. This is not recommended, as it may lead to unexpected behavior. Please run Snakemake directly on the login node.
SLURM run ID: 9510fd87-cd7d-444a-a806-61d3159dba19
Using shell: /usr/bin/bash
Provided remote nodes: 300
Job stats:
job                count
---------------  -------
all                    1
estimate_timing       31
total                 32

Select jobs to execute...
Execute 31 jobs...

[Thu Feb 27 13:59:38 2025]
rule estimate_timing:
    input: output/multiplicities/Patient43_multiplicities.tsv
    output: output/timing_results/Patient43_timing.tsv, output/timing_plots/Patient43_timing_plot.pdf
    jobid: 53
    reason: Missing output files: output/timing_plots/Patient43_timing_plot.pdf
    wildcards: sample=Patient43
    resources: mem_mb=1000, mem_mib=954, disk_mb=1000, disk_mib=954, tmpdir=<TBD>, slurm_account=park_contrib, slurm_partition=park, runtime=14400

Job 53 has been submitted with SLURM jobid 60684858 (log: /n/data1/hms/dbmi/park/jbrew/Tau/Tau_github/examples/inform_run/snakemake/.snakemake/slurm_logs/rule_estimate_timing/Patient43/60684858.log).

[Thu Feb 27 13:59:42 2025]
rule estimate_timing:
    input: output/multiplicities/Patient44_multiplicities.tsv
    output: output/timing_results/Patient44_timing.tsv, output/timing_plots/Patient44_timing_plot.pdf
    jobid: 57
    reason: Missing output files: output/timing_plots/Patient44_timing_plot.pdf
    wildcards: sample=Patient44
    resources: mem_mb=1000, mem_mib=954, disk_mb=1000, disk_mib=954, tmpdir=<TBD>, slurm_account=park_contrib, slurm_partition=park, runtime=14400

Job 57 has been submitted with SLURM jobid 60684859 (log: /n/data1/hms/dbmi/park/jbrew/Tau/Tau_github/examples/inform_run/snakemake/.snakemake/slurm_logs/rule_estimate_timing/Patient44/60684859.log).

[Thu Feb 27 13:59:42 2025]
rule estimate_timing:
    input: output/multiplicities/Patient86_multiplicities.tsv
    output: output/timing_results/Patient86_timing.tsv, output/timing_plots/Patient86_timing_plot.pdf
    jobid: 117
    reason: Missing output files: output/timing_plots/Patient86_timing_plot.pdf
    wildcards: sample=Patient86
    resources: mem_mb=1000, mem_mib=954, disk_mb=1000, disk_mib=954, tmpdir=<TBD>, slurm_account=park_contrib, slurm_partition=park, runtime=14400

Job 117 has been submitted with SLURM jobid 60684862 (log: /n/data1/hms/dbmi/park/jbrew/Tau/Tau_github/examples/inform_run/snakemake/.snakemake/slurm_logs/rule_estimate_timing/Patient86/60684862.log).

[Thu Feb 27 13:59:44 2025]
rule estimate_timing:
    input: output/multiplicities/Patient47_multiplicities.tsv
    output: output/timing_results/Patient47_timing.tsv, output/timing_plots/Patient47_timing_plot.pdf
    jobid: 61
    reason: Missing output files: output/timing_plots/Patient47_timing_plot.pdf
    wildcards: sample=Patient47
    resources: mem_mb=1000, mem_mib=954, disk_mb=1000, disk_mib=954, tmpdir=<TBD>, slurm_account=park_contrib, slurm_partition=park, runtime=14400

Job 61 has been submitted with SLURM jobid 60684863 (log: /n/data1/hms/dbmi/park/jbrew/Tau/Tau_github/examples/inform_run/snakemake/.snakemake/slurm_logs/rule_estimate_timing/Patient47/60684863.log).

[Thu Feb 27 13:59:46 2025]
rule estimate_timing:
    input: output/multiplicities/Patient101_multiplicities.tsv
    output: output/timing_results/Patient101_timing.tsv, output/timing_plots/Patient101_timing_plot.pdf
    jobid: 1
    reason: Missing output files: output/timing_plots/Patient101_timing_plot.pdf
    wildcards: sample=Patient101
    resources: mem_mb=1000, mem_mib=954, disk_mb=1000, disk_mib=954, tmpdir=<TBD>, slurm_account=park_contrib, slurm_partition=park, runtime=14400

Job 1 has been submitted with SLURM jobid 60684864 (log: /n/data1/hms/dbmi/park/jbrew/Tau/Tau_github/examples/inform_run/snakemake/.snakemake/slurm_logs/rule_estimate_timing/Patient101/60684864.log).

[Thu Feb 27 13:59:47 2025]
rule estimate_timing:
    input: output/multiplicities/Patient87_multiplicities.tsv
    output: output/timing_results/Patient87_timing.tsv, output/timing_plots/Patient87_timing_plot.pdf
    jobid: 121
    reason: Missing output files: output/timing_plots/Patient87_timing_plot.pdf
    wildcards: sample=Patient87
    resources: mem_mb=1000, mem_mib=954, disk_mb=1000, disk_mib=954, tmpdir=<TBD>, slurm_account=park_contrib, slurm_partition=park, runtime=14400

Job 121 has been submitted with SLURM jobid 60684865 (log: /n/data1/hms/dbmi/park/jbrew/Tau/Tau_github/examples/inform_run/snakemake/.snakemake/slurm_logs/rule_estimate_timing/Patient87/60684865.log).

[Thu Feb 27 13:59:49 2025]
rule estimate_timing:
    input: output/multiplicities/Patient50_multiplicities.tsv
    output: output/timing_results/Patient50_timing.tsv, output/timing_plots/Patient50_timing_plot.pdf
    jobid: 65
    reason: Missing output files: output/timing_plots/Patient50_timing_plot.pdf
    wildcards: sample=Patient50
    resources: mem_mb=1000, mem_mib=954, disk_mb=1000, disk_mib=954, tmpdir=<TBD>, slurm_account=park_contrib, slurm_partition=park, runtime=14400

Job 65 has been submitted with SLURM jobid 60684866 (log: /n/data1/hms/dbmi/park/jbrew/Tau/Tau_github/examples/inform_run/snakemake/.snakemake/slurm_logs/rule_estimate_timing/Patient50/60684866.log).

[Thu Feb 27 13:59:51 2025]
rule estimate_timing:
    input: output/multiplicities/Patient109_multiplicities.tsv
    output: output/timing_results/Patient109_timing.tsv, output/timing_plots/Patient109_timing_plot.pdf
    jobid: 5
    reason: Missing output files: output/timing_plots/Patient109_timing_plot.pdf
    wildcards: sample=Patient109
    resources: mem_mb=1000, mem_mib=954, disk_mb=1000, disk_mib=954, tmpdir=<TBD>, slurm_account=park_contrib, slurm_partition=park, runtime=14400

Job 5 has been submitted with SLURM jobid 60684867 (log: /n/data1/hms/dbmi/park/jbrew/Tau/Tau_github/examples/inform_run/snakemake/.snakemake/slurm_logs/rule_estimate_timing/Patient109/60684867.log).

[Thu Feb 27 13:59:52 2025]
rule estimate_timing:
    input: output/multiplicities/Patient90_multiplicities.tsv
    output: output/timing_results/Patient90_timing.tsv, output/timing_plots/Patient90_timing_plot.pdf
    jobid: 125
    reason: Missing output files: output/timing_plots/Patient90_timing_plot.pdf
    wildcards: sample=Patient90
    resources: mem_mb=1000, mem_mib=954, disk_mb=1000, disk_mib=954, tmpdir=<TBD>, slurm_account=park_contrib, slurm_partition=park, runtime=14400

Job 125 has been submitted with SLURM jobid 60684868 (log: /n/data1/hms/dbmi/park/jbrew/Tau/Tau_github/examples/inform_run/snakemake/.snakemake/slurm_logs/rule_estimate_timing/Patient90/60684868.log).

[Thu Feb 27 13:59:54 2025]
rule estimate_timing:
    input: output/multiplicities/Patient113_multiplicities.tsv
    output: output/timing_results/Patient113_timing.tsv, output/timing_plots/Patient113_timing_plot.pdf
    jobid: 9
    reason: Missing output files: output/timing_plots/Patient113_timing_plot.pdf
    wildcards: sample=Patient113
    resources: mem_mb=1000, mem_mib=954, disk_mb=1000, disk_mib=954, tmpdir=<TBD>, slurm_account=park_contrib, slurm_partition=park, runtime=14400

Job 9 has been submitted with SLURM jobid 60684869 (log: /n/data1/hms/dbmi/park/jbrew/Tau/Tau_github/examples/inform_run/snakemake/.snakemake/slurm_logs/rule_estimate_timing/Patient113/60684869.log).

[Thu Feb 27 13:59:55 2025]
rule estimate_timing:
    input: output/multiplicities/Patient55_multiplicities.tsv
    output: output/timing_results/Patient55_timing.tsv, output/timing_plots/Patient55_timing_plot.pdf
    jobid: 69
    reason: Missing output files: output/timing_plots/Patient55_timing_plot.pdf
    wildcards: sample=Patient55
    resources: mem_mb=1000, mem_mib=954, disk_mb=1000, disk_mib=954, tmpdir=<TBD>, slurm_account=park_contrib, slurm_partition=park, runtime=14400

Job 69 has been submitted with SLURM jobid 60684870 (log: /n/data1/hms/dbmi/park/jbrew/Tau/Tau_github/examples/inform_run/snakemake/.snakemake/slurm_logs/rule_estimate_timing/Patient55/60684870.log).

[Thu Feb 27 13:59:55 2025]
rule estimate_timing:
    input: output/multiplicities/Patient94_multiplicities.tsv
    output: output/timing_results/Patient94_timing.tsv, output/timing_plots/Patient94_timing_plot.pdf
    jobid: 129
    reason: Missing output files: output/timing_plots/Patient94_timing_plot.pdf
    wildcards: sample=Patient94
    resources: mem_mb=1000, mem_mib=954, disk_mb=1000, disk_mib=954, tmpdir=<TBD>, slurm_account=park_contrib, slurm_partition=park, runtime=14400

Job 129 has been submitted with SLURM jobid 60684871 (log: /n/data1/hms/dbmi/park/jbrew/Tau/Tau_github/examples/inform_run/snakemake/.snakemake/slurm_logs/rule_estimate_timing/Patient94/60684871.log).

[Thu Feb 27 13:59:57 2025]
rule estimate_timing:
    input: output/multiplicities/Patient15_multiplicities.tsv
    output: output/timing_results/Patient15_timing.tsv, output/timing_plots/Patient15_timing_plot.pdf
    jobid: 13
    reason: Missing output files: output/timing_plots/Patient15_timing_plot.pdf
    wildcards: sample=Patient15
    resources: mem_mb=1000, mem_mib=954, disk_mb=1000, disk_mib=954, tmpdir=<TBD>, slurm_account=park_contrib, slurm_partition=park, runtime=14400

Job 13 has been submitted with SLURM jobid 60684872 (log: /n/data1/hms/dbmi/park/jbrew/Tau/Tau_github/examples/inform_run/snakemake/.snakemake/slurm_logs/rule_estimate_timing/Patient15/60684872.log).

[Thu Feb 27 13:59:57 2025]
rule estimate_timing:
    input: output/multiplicities/Patient57_multiplicities.tsv
    output: output/timing_results/Patient57_timing.tsv, output/timing_plots/Patient57_timing_plot.pdf
    jobid: 73
    reason: Missing output files: output/timing_plots/Patient57_timing_plot.pdf
    wildcards: sample=Patient57
    resources: mem_mb=1000, mem_mib=954, disk_mb=1000, disk_mib=954, tmpdir=<TBD>, slurm_account=park_contrib, slurm_partition=park, runtime=14400

Job 73 has been submitted with SLURM jobid 60684873 (log: /n/data1/hms/dbmi/park/jbrew/Tau/Tau_github/examples/inform_run/snakemake/.snakemake/slurm_logs/rule_estimate_timing/Patient57/60684873.log).

[Thu Feb 27 13:59:59 2025]
rule estimate_timing:
    input: output/multiplicities/Patient17_multiplicities.tsv
    output: output/timing_results/Patient17_timing.tsv, output/timing_plots/Patient17_timing_plot.pdf
    jobid: 17
    reason: Missing output files: output/timing_plots/Patient17_timing_plot.pdf
    wildcards: sample=Patient17
    resources: mem_mb=1000, mem_mib=954, disk_mb=1000, disk_mib=954, tmpdir=<TBD>, slurm_account=park_contrib, slurm_partition=park, runtime=14400

Job 17 has been submitted with SLURM jobid 60684874 (log: /n/data1/hms/dbmi/park/jbrew/Tau/Tau_github/examples/inform_run/snakemake/.snakemake/slurm_logs/rule_estimate_timing/Patient17/60684874.log).

[Thu Feb 27 14:00:12 2025]
rule estimate_timing:
    input: output/multiplicities/Patient58_multiplicities.tsv
    output: output/timing_results/Patient58_timing.tsv, output/timing_plots/Patient58_timing_plot.pdf
    jobid: 77
    reason: Missing output files: output/timing_plots/Patient58_timing_plot.pdf
    wildcards: sample=Patient58
    resources: mem_mb=1000, mem_mib=954, disk_mb=1000, disk_mib=954, tmpdir=<TBD>, slurm_account=park_contrib, slurm_partition=park, runtime=14400

Job 77 has been submitted with SLURM jobid 60684875 (log: /n/data1/hms/dbmi/park/jbrew/Tau/Tau_github/examples/inform_run/snakemake/.snakemake/slurm_logs/rule_estimate_timing/Patient58/60684875.log).

[Thu Feb 27 14:00:13 2025]
rule estimate_timing:
    input: output/multiplicities/Patient18_multiplicities.tsv
    output: output/timing_results/Patient18_timing.tsv, output/timing_plots/Patient18_timing_plot.pdf
    jobid: 21
    reason: Missing output files: output/timing_plots/Patient18_timing_plot.pdf
    wildcards: sample=Patient18
    resources: mem_mb=1000, mem_mib=954, disk_mb=1000, disk_mib=954, tmpdir=<TBD>, slurm_account=park_contrib, slurm_partition=park, runtime=14400

Job 21 has been submitted with SLURM jobid 60684876 (log: /n/data1/hms/dbmi/park/jbrew/Tau/Tau_github/examples/inform_run/snakemake/.snakemake/slurm_logs/rule_estimate_timing/Patient18/60684876.log).

[Thu Feb 27 14:00:25 2025]
rule estimate_timing:
    input: output/multiplicities/Patient64_multiplicities.tsv
    output: output/timing_results/Patient64_timing.tsv, output/timing_plots/Patient64_timing_plot.pdf
    jobid: 81
    reason: Missing output files: output/timing_plots/Patient64_timing_plot.pdf
    wildcards: sample=Patient64
    resources: mem_mb=1000, mem_mib=954, disk_mb=1000, disk_mib=954, tmpdir=<TBD>, slurm_account=park_contrib, slurm_partition=park, runtime=14400

Job 81 has been submitted with SLURM jobid 60684877 (log: /n/data1/hms/dbmi/park/jbrew/Tau/Tau_github/examples/inform_run/snakemake/.snakemake/slurm_logs/rule_estimate_timing/Patient64/60684877.log).

[Thu Feb 27 14:00:25 2025]
rule estimate_timing:
    input: output/multiplicities/Patient1_multiplicities.tsv
    output: output/timing_results/Patient1_timing.tsv, output/timing_plots/Patient1_timing_plot.pdf
    jobid: 25
    reason: Missing output files: output/timing_plots/Patient1_timing_plot.pdf
    wildcards: sample=Patient1
    resources: mem_mb=1000, mem_mib=954, disk_mb=1000, disk_mib=954, tmpdir=<TBD>, slurm_account=park_contrib, slurm_partition=park, runtime=14400

Job 25 has been submitted with SLURM jobid 60684878 (log: /n/data1/hms/dbmi/park/jbrew/Tau/Tau_github/examples/inform_run/snakemake/.snakemake/slurm_logs/rule_estimate_timing/Patient1/60684878.log).

[Thu Feb 27 14:00:25 2025]
rule estimate_timing:
    input: output/multiplicities/Patient65_multiplicities.tsv
    output: output/timing_results/Patient65_timing.tsv, output/timing_plots/Patient65_timing_plot.pdf
    jobid: 85
    reason: Missing output files: output/timing_plots/Patient65_timing_plot.pdf
    wildcards: sample=Patient65
    resources: mem_mb=1000, mem_mib=954, disk_mb=1000, disk_mib=954, tmpdir=<TBD>, slurm_account=park_contrib, slurm_partition=park, runtime=14400

Job 85 has been submitted with SLURM jobid 60684879 (log: /n/data1/hms/dbmi/park/jbrew/Tau/Tau_github/examples/inform_run/snakemake/.snakemake/slurm_logs/rule_estimate_timing/Patient65/60684879.log).

[Thu Feb 27 14:00:26 2025]
rule estimate_timing:
    input: output/multiplicities/Patient20_multiplicities.tsv
    output: output/timing_results/Patient20_timing.tsv, output/timing_plots/Patient20_timing_plot.pdf
    jobid: 29
    reason: Missing output files: output/timing_plots/Patient20_timing_plot.pdf
    wildcards: sample=Patient20
    resources: mem_mb=1000, mem_mib=954, disk_mb=1000, disk_mib=954, tmpdir=<TBD>, slurm_account=park_contrib, slurm_partition=park, runtime=14400

Job 29 has been submitted with SLURM jobid 60684880 (log: /n/data1/hms/dbmi/park/jbrew/Tau/Tau_github/examples/inform_run/snakemake/.snakemake/slurm_logs/rule_estimate_timing/Patient20/60684880.log).

[Thu Feb 27 14:00:26 2025]
rule estimate_timing:
    input: output/multiplicities/Patient37_multiplicities.tsv
    output: output/timing_results/Patient37_timing.tsv, output/timing_plots/Patient37_timing_plot.pdf
    jobid: 49
    reason: Missing output files: output/timing_plots/Patient37_timing_plot.pdf
    wildcards: sample=Patient37
    resources: mem_mb=1000, mem_mib=954, disk_mb=1000, disk_mib=954, tmpdir=<TBD>, slurm_account=park_contrib, slurm_partition=park, runtime=14400

Job 49 has been submitted with SLURM jobid 60684881 (log: /n/data1/hms/dbmi/park/jbrew/Tau/Tau_github/examples/inform_run/snakemake/.snakemake/slurm_logs/rule_estimate_timing/Patient37/60684881.log).

[Thu Feb 27 14:00:26 2025]
rule estimate_timing:
    input: output/multiplicities/Patient25_multiplicities.tsv
    output: output/timing_results/Patient25_timing.tsv, output/timing_plots/Patient25_timing_plot.pdf
    jobid: 33
    reason: Missing output files: output/timing_plots/Patient25_timing_plot.pdf
    wildcards: sample=Patient25
    resources: mem_mb=1000, mem_mib=954, disk_mb=1000, disk_mib=954, tmpdir=<TBD>, slurm_account=park_contrib, slurm_partition=park, runtime=14400

Job 33 has been submitted with SLURM jobid 60684882 (log: /n/data1/hms/dbmi/park/jbrew/Tau/Tau_github/examples/inform_run/snakemake/.snakemake/slurm_logs/rule_estimate_timing/Patient25/60684882.log).

[Thu Feb 27 14:00:26 2025]
rule estimate_timing:
    input: output/multiplicities/Patient76_multiplicities.tsv
    output: output/timing_results/Patient76_timing.tsv, output/timing_plots/Patient76_timing_plot.pdf
    jobid: 93
    reason: Missing output files: output/timing_plots/Patient76_timing_plot.pdf
    wildcards: sample=Patient76
    resources: mem_mb=1000, mem_mib=954, disk_mb=1000, disk_mib=954, tmpdir=<TBD>, slurm_account=park_contrib, slurm_partition=park, runtime=14400

Job 93 has been submitted with SLURM jobid 60684883 (log: /n/data1/hms/dbmi/park/jbrew/Tau/Tau_github/examples/inform_run/snakemake/.snakemake/slurm_logs/rule_estimate_timing/Patient76/60684883.log).

[Thu Feb 27 14:00:27 2025]
rule estimate_timing:
    input: output/multiplicities/Patient26_multiplicities.tsv
    output: output/timing_results/Patient26_timing.tsv, output/timing_plots/Patient26_timing_plot.pdf
    jobid: 37
    reason: Missing output files: output/timing_plots/Patient26_timing_plot.pdf
    wildcards: sample=Patient26
    resources: mem_mb=1000, mem_mib=954, disk_mb=1000, disk_mib=954, tmpdir=<TBD>, slurm_account=park_contrib, slurm_partition=park, runtime=14400

Job 37 has been submitted with SLURM jobid 60684884 (log: /n/data1/hms/dbmi/park/jbrew/Tau/Tau_github/examples/inform_run/snakemake/.snakemake/slurm_logs/rule_estimate_timing/Patient26/60684884.log).

[Thu Feb 27 14:00:38 2025]
rule estimate_timing:
    input: output/multiplicities/Patient77_multiplicities.tsv
    output: output/timing_results/Patient77_timing.tsv, output/timing_plots/Patient77_timing_plot.pdf
    jobid: 97
    reason: Missing output files: output/timing_plots/Patient77_timing_plot.pdf
    wildcards: sample=Patient77
    resources: mem_mb=1000, mem_mib=954, disk_mb=1000, disk_mib=954, tmpdir=<TBD>, slurm_account=park_contrib, slurm_partition=park, runtime=14400

Job 97 has been submitted with SLURM jobid 60684886 (log: /n/data1/hms/dbmi/park/jbrew/Tau/Tau_github/examples/inform_run/snakemake/.snakemake/slurm_logs/rule_estimate_timing/Patient77/60684886.log).

[Thu Feb 27 14:00:38 2025]
rule estimate_timing:
    input: output/multiplicities/Patient33_multiplicities.tsv
    output: output/timing_results/Patient33_timing.tsv, output/timing_plots/Patient33_timing_plot.pdf
    jobid: 41
    reason: Missing output files: output/timing_plots/Patient33_timing_plot.pdf
    wildcards: sample=Patient33
    resources: mem_mb=1000, mem_mib=954, disk_mb=1000, disk_mib=954, tmpdir=<TBD>, slurm_account=park_contrib, slurm_partition=park, runtime=14400

Job 41 has been submitted with SLURM jobid 60684887 (log: /n/data1/hms/dbmi/park/jbrew/Tau/Tau_github/examples/inform_run/snakemake/.snakemake/slurm_logs/rule_estimate_timing/Patient33/60684887.log).

[Thu Feb 27 14:00:38 2025]
rule estimate_timing:
    input: output/multiplicities/Patient7_multiplicities.tsv
    output: output/timing_results/Patient7_timing.tsv, output/timing_plots/Patient7_timing_plot.pdf
    jobid: 101
    reason: Missing output files: output/timing_plots/Patient7_timing_plot.pdf
    wildcards: sample=Patient7
    resources: mem_mb=1000, mem_mib=954, disk_mb=1000, disk_mib=954, tmpdir=<TBD>, slurm_account=park_contrib, slurm_partition=park, runtime=14400

Job 101 has been submitted with SLURM jobid 60684888 (log: /n/data1/hms/dbmi/park/jbrew/Tau/Tau_github/examples/inform_run/snakemake/.snakemake/slurm_logs/rule_estimate_timing/Patient7/60684888.log).

[Thu Feb 27 14:00:39 2025]
rule estimate_timing:
    input: output/multiplicities/Patient34_multiplicities.tsv
    output: output/timing_results/Patient34_timing.tsv, output/timing_plots/Patient34_timing_plot.pdf
    jobid: 45
    reason: Missing output files: output/timing_plots/Patient34_timing_plot.pdf
    wildcards: sample=Patient34
    resources: mem_mb=1000, mem_mib=954, disk_mb=1000, disk_mib=954, tmpdir=<TBD>, slurm_account=park_contrib, slurm_partition=park, runtime=14400

Job 45 has been submitted with SLURM jobid 60684889 (log: /n/data1/hms/dbmi/park/jbrew/Tau/Tau_github/examples/inform_run/snakemake/.snakemake/slurm_logs/rule_estimate_timing/Patient34/60684889.log).

[Thu Feb 27 14:00:39 2025]
rule estimate_timing:
    input: output/multiplicities/Patient80_multiplicities.tsv
    output: output/timing_results/Patient80_timing.tsv, output/timing_plots/Patient80_timing_plot.pdf
    jobid: 105
    reason: Missing output files: output/timing_plots/Patient80_timing_plot.pdf
    wildcards: sample=Patient80
    resources: mem_mb=1000, mem_mib=954, disk_mb=1000, disk_mib=954, tmpdir=<TBD>, slurm_account=park_contrib, slurm_partition=park, runtime=14400

Job 105 has been submitted with SLURM jobid 60684890 (log: /n/data1/hms/dbmi/park/jbrew/Tau/Tau_github/examples/inform_run/snakemake/.snakemake/slurm_logs/rule_estimate_timing/Patient80/60684890.log).

[Thu Feb 27 14:00:39 2025]
rule estimate_timing:
    input: output/multiplicities/Patient81_multiplicities.tsv
    output: output/timing_results/Patient81_timing.tsv, output/timing_plots/Patient81_timing_plot.pdf
    jobid: 109
    reason: Missing output files: output/timing_plots/Patient81_timing_plot.pdf
    wildcards: sample=Patient81
    resources: mem_mb=1000, mem_mib=954, disk_mb=1000, disk_mib=954, tmpdir=<TBD>, slurm_account=park_contrib, slurm_partition=park, runtime=14400

Job 109 has been submitted with SLURM jobid 60684891 (log: /n/data1/hms/dbmi/park/jbrew/Tau/Tau_github/examples/inform_run/snakemake/.snakemake/slurm_logs/rule_estimate_timing/Patient81/60684891.log).
[Thu Feb 27 14:02:34 2025]
Error in rule estimate_timing:
    message: SLURM-job '60684859' failed, SLURM status is: 'FAILED'. For further error details see the cluster/cloud log and the log files of the involved rule(s).
    jobid: 57
    input: output/multiplicities/Patient44_multiplicities.tsv
    output: output/timing_results/Patient44_timing.tsv, output/timing_plots/Patient44_timing_plot.pdf
    log: /n/data1/hms/dbmi/park/jbrew/Tau/Tau_github/examples/inform_run/snakemake/.snakemake/slurm_logs/rule_estimate_timing/Patient44/60684859.log (check log file(s) for error details)
    shell:
        
        python scripts/estimate_timing.py             --multiplicities output/multiplicities/Patient44_multiplicities.tsv             --output_tsv output/timing_results/Patient44_timing.tsv             --output_plot output/timing_plots/Patient44_timing_plot.pdf
        
        (one of the commands exited with non-zero exit code; note that snakemake uses bash strict mode!)
    external_jobid: 60684859

[Thu Feb 27 14:02:34 2025]
Finished job 53.
1 of 32 steps (3%) done
[Thu Feb 27 14:02:34 2025]
Finished job 117.
2 of 32 steps (6%) done
Trying to restart job 57.
Select jobs to execute...
Execute 1 jobs...

[Thu Feb 27 14:02:34 2025]
rule estimate_timing:
    input: output/multiplicities/Patient44_multiplicities.tsv
    output: output/timing_results/Patient44_timing.tsv, output/timing_plots/Patient44_timing_plot.pdf
    jobid: 57
    reason: Missing output files: output/timing_plots/Patient44_timing_plot.pdf
    wildcards: sample=Patient44
    resources: mem_mb=1000, mem_mib=954, disk_mb=1000, disk_mib=954, tmpdir=<TBD>, slurm_account=park_contrib, slurm_partition=park, runtime=14400

Job 57 has been submitted with SLURM jobid 60685007 (log: /n/data1/hms/dbmi/park/jbrew/Tau/Tau_github/examples/inform_run/snakemake/.snakemake/slurm_logs/rule_estimate_timing/Patient44/60685007.log).
[Thu Feb 27 14:02:36 2025]
Finished job 61.
3 of 32 steps (9%) done
[Thu Feb 27 14:02:36 2025]
Finished job 1.
4 of 32 steps (12%) done
[Thu Feb 27 14:02:36 2025]
Finished job 121.
5 of 32 steps (16%) done
[Thu Feb 27 14:04:14 2025]
Finished job 5.
6 of 32 steps (19%) done
[Thu Feb 27 14:04:14 2025]
Finished job 125.
7 of 32 steps (22%) done
[Thu Feb 27 14:04:14 2025]
Finished job 9.
8 of 32 steps (25%) done
[Thu Feb 27 14:04:14 2025]
Finished job 69.
9 of 32 steps (28%) done
[Thu Feb 27 14:04:14 2025]
Finished job 129.
10 of 32 steps (31%) done
[Thu Feb 27 14:04:14 2025]
Finished job 13.
11 of 32 steps (34%) done
[Thu Feb 27 14:04:25 2025]
Finished job 65.
12 of 32 steps (38%) done
[Thu Feb 27 14:04:55 2025]
Finished job 73.
13 of 32 steps (41%) done
[Thu Feb 27 14:04:55 2025]
Finished job 17.
14 of 32 steps (44%) done
[Thu Feb 27 14:04:55 2025]
Finished job 77.
15 of 32 steps (47%) done
[Thu Feb 27 14:04:55 2025]
Finished job 21.
16 of 32 steps (50%) done
[Thu Feb 27 14:04:55 2025]
Finished job 81.
17 of 32 steps (53%) done
[Thu Feb 27 14:04:55 2025]
Finished job 25.
18 of 32 steps (56%) done
[Thu Feb 27 14:04:55 2025]
Finished job 85.
19 of 32 steps (59%) done
[Thu Feb 27 14:04:55 2025]
Error in rule estimate_timing:
    message: SLURM-job '60684882' failed, SLURM status is: 'FAILED'. For further error details see the cluster/cloud log and the log files of the involved rule(s).
    jobid: 33
    input: output/multiplicities/Patient25_multiplicities.tsv
    output: output/timing_results/Patient25_timing.tsv, output/timing_plots/Patient25_timing_plot.pdf
    log: /n/data1/hms/dbmi/park/jbrew/Tau/Tau_github/examples/inform_run/snakemake/.snakemake/slurm_logs/rule_estimate_timing/Patient25/60684882.log (check log file(s) for error details)
    shell:
        
        python scripts/estimate_timing.py             --multiplicities output/multiplicities/Patient25_multiplicities.tsv             --output_tsv output/timing_results/Patient25_timing.tsv             --output_plot output/timing_plots/Patient25_timing_plot.pdf
        
        (one of the commands exited with non-zero exit code; note that snakemake uses bash strict mode!)
    external_jobid: 60684882

[Thu Feb 27 14:04:55 2025]
Finished job 49.
20 of 32 steps (62%) done
[Thu Feb 27 14:04:55 2025]
Finished job 93.
21 of 32 steps (66%) done
Trying to restart job 33.
Select jobs to execute...
Execute 1 jobs...

[Thu Feb 27 14:04:55 2025]
rule estimate_timing:
    input: output/multiplicities/Patient25_multiplicities.tsv
    output: output/timing_results/Patient25_timing.tsv, output/timing_plots/Patient25_timing_plot.pdf
    jobid: 33
    reason: Missing output files: output/timing_plots/Patient25_timing_plot.pdf
    wildcards: sample=Patient25
    resources: mem_mb=1000, mem_mib=954, disk_mb=1000, disk_mib=954, tmpdir=<TBD>, slurm_account=park_contrib, slurm_partition=park, runtime=14400

[Thu Feb 27 14:04:55 2025]
Error in rule estimate_timing:
    message: SLURM-job '60685007' failed, SLURM status is: 'FAILED'. For further error details see the cluster/cloud log and the log files of the involved rule(s).
    jobid: 57
    input: output/multiplicities/Patient44_multiplicities.tsv
    output: output/timing_results/Patient44_timing.tsv, output/timing_plots/Patient44_timing_plot.pdf
    log: /n/data1/hms/dbmi/park/jbrew/Tau/Tau_github/examples/inform_run/snakemake/.snakemake/slurm_logs/rule_estimate_timing/Patient44/60685007.log (check log file(s) for error details)
    shell:
        
        python scripts/estimate_timing.py             --multiplicities output/multiplicities/Patient44_multiplicities.tsv             --output_tsv output/timing_results/Patient44_timing.tsv             --output_plot output/timing_plots/Patient44_timing_plot.pdf
        
        (one of the commands exited with non-zero exit code; note that snakemake uses bash strict mode!)
    external_jobid: 60685007

Job 33 has been submitted with SLURM jobid 60685116 (log: /n/data1/hms/dbmi/park/jbrew/Tau/Tau_github/examples/inform_run/snakemake/.snakemake/slurm_logs/rule_estimate_timing/Patient25/60685116.log).
[Thu Feb 27 14:04:55 2025]
Finished job 97.
22 of 32 steps (69%) done
[Thu Feb 27 14:04:55 2025]
Finished job 41.
23 of 32 steps (72%) done
[Thu Feb 27 14:04:55 2025]
Finished job 101.
24 of 32 steps (75%) done
[Thu Feb 27 14:04:55 2025]
Finished job 45.
25 of 32 steps (78%) done
[Thu Feb 27 14:04:55 2025]
Finished job 105.
26 of 32 steps (81%) done
[Thu Feb 27 14:04:56 2025]
Finished job 109.
27 of 32 steps (84%) done
Trying to restart job 57.
Select jobs to execute...
Execute 1 jobs...

[Thu Feb 27 14:04:56 2025]
rule estimate_timing:
    input: output/multiplicities/Patient44_multiplicities.tsv
    output: output/timing_results/Patient44_timing.tsv, output/timing_plots/Patient44_timing_plot.pdf
    jobid: 57
    reason: Missing output files: output/timing_plots/Patient44_timing_plot.pdf
    wildcards: sample=Patient44
    resources: mem_mb=1000, mem_mib=954, disk_mb=1000, disk_mib=954, tmpdir=<TBD>, slurm_account=park_contrib, slurm_partition=park, runtime=14400

Job 57 has been submitted with SLURM jobid 60685119 (log: /n/data1/hms/dbmi/park/jbrew/Tau/Tau_github/examples/inform_run/snakemake/.snakemake/slurm_logs/rule_estimate_timing/Patient44/60685119.log).
[Thu Feb 27 14:05:55 2025]
Finished job 37.
28 of 32 steps (88%) done
[Thu Feb 27 14:06:26 2025]
Error in rule estimate_timing:
    message: SLURM-job '60684880' failed, SLURM status is: 'FAILED'. For further error details see the cluster/cloud log and the log files of the involved rule(s).
    jobid: 29
    input: output/multiplicities/Patient20_multiplicities.tsv
    output: output/timing_results/Patient20_timing.tsv, output/timing_plots/Patient20_timing_plot.pdf
    log: /n/data1/hms/dbmi/park/jbrew/Tau/Tau_github/examples/inform_run/snakemake/.snakemake/slurm_logs/rule_estimate_timing/Patient20/60684880.log (check log file(s) for error details)
    shell:
        
        python scripts/estimate_timing.py             --multiplicities output/multiplicities/Patient20_multiplicities.tsv             --output_tsv output/timing_results/Patient20_timing.tsv             --output_plot output/timing_plots/Patient20_timing_plot.pdf
        
        (one of the commands exited with non-zero exit code; note that snakemake uses bash strict mode!)
    external_jobid: 60684880

Trying to restart job 29.
Select jobs to execute...
Execute 1 jobs...

[Thu Feb 27 14:06:26 2025]
rule estimate_timing:
    input: output/multiplicities/Patient20_multiplicities.tsv
    output: output/timing_results/Patient20_timing.tsv, output/timing_plots/Patient20_timing_plot.pdf
    jobid: 29
    reason: Missing output files: output/timing_plots/Patient20_timing_plot.pdf
    wildcards: sample=Patient20
    resources: mem_mb=1000, mem_mib=954, disk_mb=1000, disk_mib=954, tmpdir=<TBD>, slurm_account=park_contrib, slurm_partition=park, runtime=14400

Job 29 has been submitted with SLURM jobid 60685228 (log: /n/data1/hms/dbmi/park/jbrew/Tau/Tau_github/examples/inform_run/snakemake/.snakemake/slurm_logs/rule_estimate_timing/Patient20/60685228.log).
[Thu Feb 27 14:06:56 2025]
Error in rule estimate_timing:
    message: SLURM-job '60685116' failed, SLURM status is: 'FAILED'. For further error details see the cluster/cloud log and the log files of the involved rule(s).
    jobid: 33
    input: output/multiplicities/Patient25_multiplicities.tsv
    output: output/timing_results/Patient25_timing.tsv, output/timing_plots/Patient25_timing_plot.pdf
    log: /n/data1/hms/dbmi/park/jbrew/Tau/Tau_github/examples/inform_run/snakemake/.snakemake/slurm_logs/rule_estimate_timing/Patient25/60685116.log (check log file(s) for error details)
    shell:
        
        python scripts/estimate_timing.py             --multiplicities output/multiplicities/Patient25_multiplicities.tsv             --output_tsv output/timing_results/Patient25_timing.tsv             --output_plot output/timing_plots/Patient25_timing_plot.pdf
        
        (one of the commands exited with non-zero exit code; note that snakemake uses bash strict mode!)
    external_jobid: 60685116

[Thu Feb 27 14:06:56 2025]
Error in rule estimate_timing:
    message: SLURM-job '60685119' failed, SLURM status is: 'FAILED'. For further error details see the cluster/cloud log and the log files of the involved rule(s).
    jobid: 57
    input: output/multiplicities/Patient44_multiplicities.tsv
    output: output/timing_results/Patient44_timing.tsv, output/timing_plots/Patient44_timing_plot.pdf
    log: /n/data1/hms/dbmi/park/jbrew/Tau/Tau_github/examples/inform_run/snakemake/.snakemake/slurm_logs/rule_estimate_timing/Patient44/60685119.log (check log file(s) for error details)
    shell:
        
        python scripts/estimate_timing.py             --multiplicities output/multiplicities/Patient44_multiplicities.tsv             --output_tsv output/timing_results/Patient44_timing.tsv             --output_plot output/timing_plots/Patient44_timing_plot.pdf
        
        (one of the commands exited with non-zero exit code; note that snakemake uses bash strict mode!)
    external_jobid: 60685119

Trying to restart job 33.
Trying to restart job 57.
Select jobs to execute...
Execute 2 jobs...

[Thu Feb 27 14:06:56 2025]
rule estimate_timing:
    input: output/multiplicities/Patient25_multiplicities.tsv
    output: output/timing_results/Patient25_timing.tsv, output/timing_plots/Patient25_timing_plot.pdf
    jobid: 33
    reason: Missing output files: output/timing_plots/Patient25_timing_plot.pdf
    wildcards: sample=Patient25
    resources: mem_mb=1000, mem_mib=954, disk_mb=1000, disk_mib=954, tmpdir=<TBD>, slurm_account=park_contrib, slurm_partition=park, runtime=14400

Job 33 has been submitted with SLURM jobid 60685290 (log: /n/data1/hms/dbmi/park/jbrew/Tau/Tau_github/examples/inform_run/snakemake/.snakemake/slurm_logs/rule_estimate_timing/Patient25/60685290.log).

[Thu Feb 27 14:06:57 2025]
rule estimate_timing:
    input: output/multiplicities/Patient44_multiplicities.tsv
    output: output/timing_results/Patient44_timing.tsv, output/timing_plots/Patient44_timing_plot.pdf
    jobid: 57
    reason: Missing output files: output/timing_plots/Patient44_timing_plot.pdf
    wildcards: sample=Patient44
    resources: mem_mb=1000, mem_mib=954, disk_mb=1000, disk_mib=954, tmpdir=<TBD>, slurm_account=park_contrib, slurm_partition=park, runtime=14400

Job 57 has been submitted with SLURM jobid 60685291 (log: /n/data1/hms/dbmi/park/jbrew/Tau/Tau_github/examples/inform_run/snakemake/.snakemake/slurm_logs/rule_estimate_timing/Patient44/60685291.log).
[Thu Feb 27 14:10:36 2025]
Error in rule estimate_timing:
    message: SLURM-job '60685290' failed, SLURM status is: 'FAILED'. For further error details see the cluster/cloud log and the log files of the involved rule(s).
    jobid: 33
    input: output/multiplicities/Patient25_multiplicities.tsv
    output: output/timing_results/Patient25_timing.tsv, output/timing_plots/Patient25_timing_plot.pdf
    log: /n/data1/hms/dbmi/park/jbrew/Tau/Tau_github/examples/inform_run/snakemake/.snakemake/slurm_logs/rule_estimate_timing/Patient25/60685290.log (check log file(s) for error details)
    shell:
        
        python scripts/estimate_timing.py             --multiplicities output/multiplicities/Patient25_multiplicities.tsv             --output_tsv output/timing_results/Patient25_timing.tsv             --output_plot output/timing_plots/Patient25_timing_plot.pdf
        
        (one of the commands exited with non-zero exit code; note that snakemake uses bash strict mode!)
    external_jobid: 60685290

[Thu Feb 27 14:10:36 2025]
Error in rule estimate_timing:
    message: SLURM-job '60685291' failed, SLURM status is: 'FAILED'. For further error details see the cluster/cloud log and the log files of the involved rule(s).
    jobid: 57
    input: output/multiplicities/Patient44_multiplicities.tsv
    output: output/timing_results/Patient44_timing.tsv, output/timing_plots/Patient44_timing_plot.pdf
    log: /n/data1/hms/dbmi/park/jbrew/Tau/Tau_github/examples/inform_run/snakemake/.snakemake/slurm_logs/rule_estimate_timing/Patient44/60685291.log (check log file(s) for error details)
    shell:
        
        python scripts/estimate_timing.py             --multiplicities output/multiplicities/Patient44_multiplicities.tsv             --output_tsv output/timing_results/Patient44_timing.tsv             --output_plot output/timing_plots/Patient44_timing_plot.pdf
        
        (one of the commands exited with non-zero exit code; note that snakemake uses bash strict mode!)
    external_jobid: 60685291

Trying to restart job 33.
[Thu Feb 27 14:11:56 2025]
Error in rule estimate_timing:
    message: SLURM-job '60685228' failed, SLURM status is: 'FAILED'. For further error details see the cluster/cloud log and the log files of the involved rule(s).
    jobid: 29
    input: output/multiplicities/Patient20_multiplicities.tsv
    output: output/timing_results/Patient20_timing.tsv, output/timing_plots/Patient20_timing_plot.pdf
    log: /n/data1/hms/dbmi/park/jbrew/Tau/Tau_github/examples/inform_run/snakemake/.snakemake/slurm_logs/rule_estimate_timing/Patient20/60685228.log (check log file(s) for error details)
    shell:
        
        python scripts/estimate_timing.py             --multiplicities output/multiplicities/Patient20_multiplicities.tsv             --output_tsv output/timing_results/Patient20_timing.tsv             --output_plot output/timing_plots/Patient20_timing_plot.pdf
        
        (one of the commands exited with non-zero exit code; note that snakemake uses bash strict mode!)
    external_jobid: 60685228

Trying to restart job 29.
Shutting down, this might take some time.
Exiting because a job execution failed. Look above for error message
Complete log: .snakemake/log/2025-02-27T135933.198003.snakemake.log
WorkflowError:
At least one job did not complete successfully.
