host: compute-p-17-179.o2.rc.hms.harvard.edu
Building DAG of jobs...
You are running snakemake in a SLURM job context. This is not recommended, as it may lead to unexpected behavior. Please run Snakemake directly on the login node.
SLURM run ID: 6cf11112-52e1-4eed-9b2a-a19678bc1265
Using shell: /usr/bin/bash
Provided remote nodes: 300
Job stats:
job                count
---------------  -------
all                    1
estimate_timing       33
total                 34

Select jobs to execute...
Execute 33 jobs...

[Tue Mar  4 17:52:57 2025]
rule estimate_timing:
    input: output/multiplicities/Patient43_multiplicities.tsv
    output: output/timing_results/Patient43_timing.tsv, output/timing_plots/Patient43_timing_plot.pdf
    jobid: 53
    reason: Missing output files: output/timing_plots/Patient43_timing_plot.pdf
    wildcards: sample=Patient43
    resources: mem_mb=1000, mem_mib=954, disk_mb=1000, disk_mib=954, tmpdir=<TBD>, slurm_account=park_contrib, slurm_partition=park, runtime=14400

Job 53 has been submitted with SLURM jobid 61113870 (log: /n/data1/hms/dbmi/park/jbrew/Tau/Tau_github/examples/inform_run/snakemake/.snakemake/slurm_logs/rule_estimate_timing/Patient43/61113870.log).

[Tue Mar  4 17:53:05 2025]
rule estimate_timing:
    input: output/multiplicities/Patient82_multiplicities.tsv
    output: output/timing_results/Patient82_timing.tsv, output/timing_plots/Patient82_timing_plot.pdf
    jobid: 113
    reason: Missing output files: output/timing_plots/Patient82_timing_plot.pdf
    wildcards: sample=Patient82
    resources: mem_mb=1000, mem_mib=954, disk_mb=1000, disk_mib=954, tmpdir=<TBD>, slurm_account=park_contrib, slurm_partition=park, runtime=14400

Job 113 has been submitted with SLURM jobid 61113871 (log: /n/data1/hms/dbmi/park/jbrew/Tau/Tau_github/examples/inform_run/snakemake/.snakemake/slurm_logs/rule_estimate_timing/Patient82/61113871.log).

[Tue Mar  4 17:53:06 2025]
rule estimate_timing:
    input: output/multiplicities/Patient44_multiplicities.tsv
    output: output/timing_results/Patient44_timing.tsv, output/timing_plots/Patient44_timing_plot.pdf
    jobid: 57
    reason: Missing output files: output/timing_plots/Patient44_timing_plot.pdf
    wildcards: sample=Patient44
    resources: mem_mb=1000, mem_mib=954, disk_mb=1000, disk_mib=954, tmpdir=<TBD>, slurm_account=park_contrib, slurm_partition=park, runtime=14400

Job 57 has been submitted with SLURM jobid 61113872 (log: /n/data1/hms/dbmi/park/jbrew/Tau/Tau_github/examples/inform_run/snakemake/.snakemake/slurm_logs/rule_estimate_timing/Patient44/61113872.log).

[Tue Mar  4 17:53:06 2025]
rule estimate_timing:
    input: output/multiplicities/Patient86_multiplicities.tsv
    output: output/timing_results/Patient86_timing.tsv, output/timing_plots/Patient86_timing_plot.pdf
    jobid: 117
    reason: Missing output files: output/timing_plots/Patient86_timing_plot.pdf
    wildcards: sample=Patient86
    resources: mem_mb=1000, mem_mib=954, disk_mb=1000, disk_mib=954, tmpdir=<TBD>, slurm_account=park_contrib, slurm_partition=park, runtime=14400

Job 117 has been submitted with SLURM jobid 61113873 (log: /n/data1/hms/dbmi/park/jbrew/Tau/Tau_github/examples/inform_run/snakemake/.snakemake/slurm_logs/rule_estimate_timing/Patient86/61113873.log).

[Tue Mar  4 17:53:07 2025]
rule estimate_timing:
    input: output/multiplicities/Patient37_multiplicities.tsv
    output: output/timing_results/Patient37_timing.tsv, output/timing_plots/Patient37_timing_plot.pdf
    jobid: 49
    reason: Missing output files: output/timing_plots/Patient37_timing_plot.pdf
    wildcards: sample=Patient37
    resources: mem_mb=1000, mem_mib=954, disk_mb=1000, disk_mib=954, tmpdir=<TBD>, slurm_account=park_contrib, slurm_partition=park, runtime=14400

Job 49 has been submitted with SLURM jobid 61113874 (log: /n/data1/hms/dbmi/park/jbrew/Tau/Tau_github/examples/inform_run/snakemake/.snakemake/slurm_logs/rule_estimate_timing/Patient37/61113874.log).

[Tue Mar  4 17:53:07 2025]
rule estimate_timing:
    input: output/multiplicities/Patient101_multiplicities.tsv
    output: output/timing_results/Patient101_timing.tsv, output/timing_plots/Patient101_timing_plot.pdf
    jobid: 1
    reason: Missing output files: output/timing_plots/Patient101_timing_plot.pdf
    wildcards: sample=Patient101
    resources: mem_mb=1000, mem_mib=954, disk_mb=1000, disk_mib=954, tmpdir=<TBD>, slurm_account=park_contrib, slurm_partition=park, runtime=14400

Job 1 has been submitted with SLURM jobid 61113875 (log: /n/data1/hms/dbmi/park/jbrew/Tau/Tau_github/examples/inform_run/snakemake/.snakemake/slurm_logs/rule_estimate_timing/Patient101/61113875.log).

[Tue Mar  4 17:53:08 2025]
rule estimate_timing:
    input: output/multiplicities/Patient47_multiplicities.tsv
    output: output/timing_results/Patient47_timing.tsv, output/timing_plots/Patient47_timing_plot.pdf
    jobid: 61
    reason: Missing output files: output/timing_plots/Patient47_timing_plot.pdf
    wildcards: sample=Patient47
    resources: mem_mb=1000, mem_mib=954, disk_mb=1000, disk_mib=954, tmpdir=<TBD>, slurm_account=park_contrib, slurm_partition=park, runtime=14400

Job 61 has been submitted with SLURM jobid 61113876 (log: /n/data1/hms/dbmi/park/jbrew/Tau/Tau_github/examples/inform_run/snakemake/.snakemake/slurm_logs/rule_estimate_timing/Patient47/61113876.log).

[Tue Mar  4 17:53:09 2025]
rule estimate_timing:
    input: output/multiplicities/Patient87_multiplicities.tsv
    output: output/timing_results/Patient87_timing.tsv, output/timing_plots/Patient87_timing_plot.pdf
    jobid: 121
    reason: Missing output files: output/timing_plots/Patient87_timing_plot.pdf
    wildcards: sample=Patient87
    resources: mem_mb=1000, mem_mib=954, disk_mb=1000, disk_mib=954, tmpdir=<TBD>, slurm_account=park_contrib, slurm_partition=park, runtime=14400

Job 121 has been submitted with SLURM jobid 61113877 (log: /n/data1/hms/dbmi/park/jbrew/Tau/Tau_github/examples/inform_run/snakemake/.snakemake/slurm_logs/rule_estimate_timing/Patient87/61113877.log).

[Tue Mar  4 17:53:09 2025]
rule estimate_timing:
    input: output/multiplicities/Patient90_multiplicities.tsv
    output: output/timing_results/Patient90_timing.tsv, output/timing_plots/Patient90_timing_plot.pdf
    jobid: 125
    reason: Missing output files: output/timing_plots/Patient90_timing_plot.pdf
    wildcards: sample=Patient90
    resources: mem_mb=1000, mem_mib=954, disk_mb=1000, disk_mib=954, tmpdir=<TBD>, slurm_account=park_contrib, slurm_partition=park, runtime=14400

Job 125 has been submitted with SLURM jobid 61113878 (log: /n/data1/hms/dbmi/park/jbrew/Tau/Tau_github/examples/inform_run/snakemake/.snakemake/slurm_logs/rule_estimate_timing/Patient90/61113878.log).

[Tue Mar  4 17:53:09 2025]
rule estimate_timing:
    input: output/multiplicities/Patient50_multiplicities.tsv
    output: output/timing_results/Patient50_timing.tsv, output/timing_plots/Patient50_timing_plot.pdf
    jobid: 65
    reason: Missing output files: output/timing_plots/Patient50_timing_plot.pdf
    wildcards: sample=Patient50
    resources: mem_mb=1000, mem_mib=954, disk_mb=1000, disk_mib=954, tmpdir=<TBD>, slurm_account=park_contrib, slurm_partition=park, runtime=14400

Job 65 has been submitted with SLURM jobid 61113879 (log: /n/data1/hms/dbmi/park/jbrew/Tau/Tau_github/examples/inform_run/snakemake/.snakemake/slurm_logs/rule_estimate_timing/Patient50/61113879.log).

[Tue Mar  4 17:53:10 2025]
rule estimate_timing:
    input: output/multiplicities/Patient109_multiplicities.tsv
    output: output/timing_results/Patient109_timing.tsv, output/timing_plots/Patient109_timing_plot.pdf
    jobid: 5
    reason: Missing output files: output/timing_plots/Patient109_timing_plot.pdf
    wildcards: sample=Patient109
    resources: mem_mb=1000, mem_mib=954, disk_mb=1000, disk_mib=954, tmpdir=<TBD>, slurm_account=park_contrib, slurm_partition=park, runtime=14400

Job 5 has been submitted with SLURM jobid 61113880 (log: /n/data1/hms/dbmi/park/jbrew/Tau/Tau_github/examples/inform_run/snakemake/.snakemake/slurm_logs/rule_estimate_timing/Patient109/61113880.log).

[Tue Mar  4 17:53:10 2025]
rule estimate_timing:
    input: output/multiplicities/Patient113_multiplicities.tsv
    output: output/timing_results/Patient113_timing.tsv, output/timing_plots/Patient113_timing_plot.pdf
    jobid: 9
    reason: Missing output files: output/timing_plots/Patient113_timing_plot.pdf
    wildcards: sample=Patient113
    resources: mem_mb=1000, mem_mib=954, disk_mb=1000, disk_mib=954, tmpdir=<TBD>, slurm_account=park_contrib, slurm_partition=park, runtime=14400

Job 9 has been submitted with SLURM jobid 61113881 (log: /n/data1/hms/dbmi/park/jbrew/Tau/Tau_github/examples/inform_run/snakemake/.snakemake/slurm_logs/rule_estimate_timing/Patient113/61113881.log).

[Tue Mar  4 17:53:11 2025]
rule estimate_timing:
    input: output/multiplicities/Patient55_multiplicities.tsv
    output: output/timing_results/Patient55_timing.tsv, output/timing_plots/Patient55_timing_plot.pdf
    jobid: 69
    reason: Missing output files: output/timing_plots/Patient55_timing_plot.pdf
    wildcards: sample=Patient55
    resources: mem_mb=1000, mem_mib=954, disk_mb=1000, disk_mib=954, tmpdir=<TBD>, slurm_account=park_contrib, slurm_partition=park, runtime=14400

Job 69 has been submitted with SLURM jobid 61113882 (log: /n/data1/hms/dbmi/park/jbrew/Tau/Tau_github/examples/inform_run/snakemake/.snakemake/slurm_logs/rule_estimate_timing/Patient55/61113882.log).

[Tue Mar  4 17:53:11 2025]
rule estimate_timing:
    input: output/multiplicities/Patient94_multiplicities.tsv
    output: output/timing_results/Patient94_timing.tsv, output/timing_plots/Patient94_timing_plot.pdf
    jobid: 129
    reason: Missing output files: output/timing_plots/Patient94_timing_plot.pdf
    wildcards: sample=Patient94
    resources: mem_mb=1000, mem_mib=954, disk_mb=1000, disk_mib=954, tmpdir=<TBD>, slurm_account=park_contrib, slurm_partition=park, runtime=14400

Job 129 has been submitted with SLURM jobid 61113883 (log: /n/data1/hms/dbmi/park/jbrew/Tau/Tau_github/examples/inform_run/snakemake/.snakemake/slurm_logs/rule_estimate_timing/Patient94/61113883.log).

[Tue Mar  4 17:53:12 2025]
rule estimate_timing:
    input: output/multiplicities/Patient15_multiplicities.tsv
    output: output/timing_results/Patient15_timing.tsv, output/timing_plots/Patient15_timing_plot.pdf
    jobid: 13
    reason: Missing output files: output/timing_plots/Patient15_timing_plot.pdf
    wildcards: sample=Patient15
    resources: mem_mb=1000, mem_mib=954, disk_mb=1000, disk_mib=954, tmpdir=<TBD>, slurm_account=park_contrib, slurm_partition=park, runtime=14400

Job 13 has been submitted with SLURM jobid 61113884 (log: /n/data1/hms/dbmi/park/jbrew/Tau/Tau_github/examples/inform_run/snakemake/.snakemake/slurm_logs/rule_estimate_timing/Patient15/61113884.log).

[Tue Mar  4 17:53:12 2025]
rule estimate_timing:
    input: output/multiplicities/Patient57_multiplicities.tsv
    output: output/timing_results/Patient57_timing.tsv, output/timing_plots/Patient57_timing_plot.pdf
    jobid: 73
    reason: Missing output files: output/timing_plots/Patient57_timing_plot.pdf
    wildcards: sample=Patient57
    resources: mem_mb=1000, mem_mib=954, disk_mb=1000, disk_mib=954, tmpdir=<TBD>, slurm_account=park_contrib, slurm_partition=park, runtime=14400

Job 73 has been submitted with SLURM jobid 61113885 (log: /n/data1/hms/dbmi/park/jbrew/Tau/Tau_github/examples/inform_run/snakemake/.snakemake/slurm_logs/rule_estimate_timing/Patient57/61113885.log).

[Tue Mar  4 17:53:13 2025]
rule estimate_timing:
    input: output/multiplicities/Patient17_multiplicities.tsv
    output: output/timing_results/Patient17_timing.tsv, output/timing_plots/Patient17_timing_plot.pdf
    jobid: 17
    reason: Missing output files: output/timing_plots/Patient17_timing_plot.pdf
    wildcards: sample=Patient17
    resources: mem_mb=1000, mem_mib=954, disk_mb=1000, disk_mib=954, tmpdir=<TBD>, slurm_account=park_contrib, slurm_partition=park, runtime=14400

Job 17 has been submitted with SLURM jobid 61113886 (log: /n/data1/hms/dbmi/park/jbrew/Tau/Tau_github/examples/inform_run/snakemake/.snakemake/slurm_logs/rule_estimate_timing/Patient17/61113886.log).

[Tue Mar  4 17:53:13 2025]
rule estimate_timing:
    input: output/multiplicities/Patient58_multiplicities.tsv
    output: output/timing_results/Patient58_timing.tsv, output/timing_plots/Patient58_timing_plot.pdf
    jobid: 77
    reason: Missing output files: output/timing_plots/Patient58_timing_plot.pdf
    wildcards: sample=Patient58
    resources: mem_mb=1000, mem_mib=954, disk_mb=1000, disk_mib=954, tmpdir=<TBD>, slurm_account=park_contrib, slurm_partition=park, runtime=14400

Job 77 has been submitted with SLURM jobid 61113888 (log: /n/data1/hms/dbmi/park/jbrew/Tau/Tau_github/examples/inform_run/snakemake/.snakemake/slurm_logs/rule_estimate_timing/Patient58/61113888.log).

[Tue Mar  4 17:53:13 2025]
rule estimate_timing:
    input: output/multiplicities/Patient18_multiplicities.tsv
    output: output/timing_results/Patient18_timing.tsv, output/timing_plots/Patient18_timing_plot.pdf
    jobid: 21
    reason: Missing output files: output/timing_plots/Patient18_timing_plot.pdf
    wildcards: sample=Patient18
    resources: mem_mb=1000, mem_mib=954, disk_mb=1000, disk_mib=954, tmpdir=<TBD>, slurm_account=park_contrib, slurm_partition=park, runtime=14400

Job 21 has been submitted with SLURM jobid 61113889 (log: /n/data1/hms/dbmi/park/jbrew/Tau/Tau_github/examples/inform_run/snakemake/.snakemake/slurm_logs/rule_estimate_timing/Patient18/61113889.log).

[Tue Mar  4 17:53:14 2025]
rule estimate_timing:
    input: output/multiplicities/Patient64_multiplicities.tsv
    output: output/timing_results/Patient64_timing.tsv, output/timing_plots/Patient64_timing_plot.pdf
    jobid: 81
    reason: Missing output files: output/timing_plots/Patient64_timing_plot.pdf
    wildcards: sample=Patient64
    resources: mem_mb=1000, mem_mib=954, disk_mb=1000, disk_mib=954, tmpdir=<TBD>, slurm_account=park_contrib, slurm_partition=park, runtime=14400

Job 81 has been submitted with SLURM jobid 61113890 (log: /n/data1/hms/dbmi/park/jbrew/Tau/Tau_github/examples/inform_run/snakemake/.snakemake/slurm_logs/rule_estimate_timing/Patient64/61113890.log).

[Tue Mar  4 17:53:15 2025]
rule estimate_timing:
    input: output/multiplicities/Patient1_multiplicities.tsv
    output: output/timing_results/Patient1_timing.tsv, output/timing_plots/Patient1_timing_plot.pdf
    jobid: 25
    reason: Missing output files: output/timing_plots/Patient1_timing_plot.pdf
    wildcards: sample=Patient1
    resources: mem_mb=1000, mem_mib=954, disk_mb=1000, disk_mib=954, tmpdir=<TBD>, slurm_account=park_contrib, slurm_partition=park, runtime=14400

Job 25 has been submitted with SLURM jobid 61113891 (log: /n/data1/hms/dbmi/park/jbrew/Tau/Tau_github/examples/inform_run/snakemake/.snakemake/slurm_logs/rule_estimate_timing/Patient1/61113891.log).

[Tue Mar  4 17:53:15 2025]
rule estimate_timing:
    input: output/multiplicities/Patient65_multiplicities.tsv
    output: output/timing_results/Patient65_timing.tsv, output/timing_plots/Patient65_timing_plot.pdf
    jobid: 85
    reason: Missing output files: output/timing_plots/Patient65_timing_plot.pdf
    wildcards: sample=Patient65
    resources: mem_mb=1000, mem_mib=954, disk_mb=1000, disk_mib=954, tmpdir=<TBD>, slurm_account=park_contrib, slurm_partition=park, runtime=14400

Job 85 has been submitted with SLURM jobid 61113892 (log: /n/data1/hms/dbmi/park/jbrew/Tau/Tau_github/examples/inform_run/snakemake/.snakemake/slurm_logs/rule_estimate_timing/Patient65/61113892.log).

[Tue Mar  4 17:53:16 2025]
rule estimate_timing:
    input: output/multiplicities/Patient20_multiplicities.tsv
    output: output/timing_results/Patient20_timing.tsv, output/timing_plots/Patient20_timing_plot.pdf
    jobid: 29
    reason: Missing output files: output/timing_plots/Patient20_timing_plot.pdf
    wildcards: sample=Patient20
    resources: mem_mb=1000, mem_mib=954, disk_mb=1000, disk_mib=954, tmpdir=<TBD>, slurm_account=park_contrib, slurm_partition=park, runtime=14400

Job 29 has been submitted with SLURM jobid 61113893 (log: /n/data1/hms/dbmi/park/jbrew/Tau/Tau_github/examples/inform_run/snakemake/.snakemake/slurm_logs/rule_estimate_timing/Patient20/61113893.log).

[Tue Mar  4 17:53:16 2025]
rule estimate_timing:
    input: output/multiplicities/Patient68_multiplicities.tsv
    output: output/timing_results/Patient68_timing.tsv, output/timing_plots/Patient68_timing_plot.pdf
    jobid: 89
    reason: Missing output files: output/timing_plots/Patient68_timing_plot.pdf
    wildcards: sample=Patient68
    resources: mem_mb=1000, mem_mib=954, disk_mb=1000, disk_mib=954, tmpdir=<TBD>, slurm_account=park_contrib, slurm_partition=park, runtime=14400

Job 89 has been submitted with SLURM jobid 61113894 (log: /n/data1/hms/dbmi/park/jbrew/Tau/Tau_github/examples/inform_run/snakemake/.snakemake/slurm_logs/rule_estimate_timing/Patient68/61113894.log).

[Tue Mar  4 17:53:17 2025]
rule estimate_timing:
    input: output/multiplicities/Patient25_multiplicities.tsv
    output: output/timing_results/Patient25_timing.tsv, output/timing_plots/Patient25_timing_plot.pdf
    jobid: 33
    reason: Missing output files: output/timing_plots/Patient25_timing_plot.pdf
    wildcards: sample=Patient25
    resources: mem_mb=1000, mem_mib=954, disk_mb=1000, disk_mib=954, tmpdir=<TBD>, slurm_account=park_contrib, slurm_partition=park, runtime=14400

Job 33 has been submitted with SLURM jobid 61113895 (log: /n/data1/hms/dbmi/park/jbrew/Tau/Tau_github/examples/inform_run/snakemake/.snakemake/slurm_logs/rule_estimate_timing/Patient25/61113895.log).

[Tue Mar  4 17:53:17 2025]
rule estimate_timing:
    input: output/multiplicities/Patient76_multiplicities.tsv
    output: output/timing_results/Patient76_timing.tsv, output/timing_plots/Patient76_timing_plot.pdf
    jobid: 93
    reason: Missing output files: output/timing_plots/Patient76_timing_plot.pdf
    wildcards: sample=Patient76
    resources: mem_mb=1000, mem_mib=954, disk_mb=1000, disk_mib=954, tmpdir=<TBD>, slurm_account=park_contrib, slurm_partition=park, runtime=14400

Job 93 has been submitted with SLURM jobid 61113896 (log: /n/data1/hms/dbmi/park/jbrew/Tau/Tau_github/examples/inform_run/snakemake/.snakemake/slurm_logs/rule_estimate_timing/Patient76/61113896.log).

[Tue Mar  4 17:53:18 2025]
rule estimate_timing:
    input: output/multiplicities/Patient26_multiplicities.tsv
    output: output/timing_results/Patient26_timing.tsv, output/timing_plots/Patient26_timing_plot.pdf
    jobid: 37
    reason: Missing output files: output/timing_plots/Patient26_timing_plot.pdf
    wildcards: sample=Patient26
    resources: mem_mb=1000, mem_mib=954, disk_mb=1000, disk_mib=954, tmpdir=<TBD>, slurm_account=park_contrib, slurm_partition=park, runtime=14400

Job 37 has been submitted with SLURM jobid 61113897 (log: /n/data1/hms/dbmi/park/jbrew/Tau/Tau_github/examples/inform_run/snakemake/.snakemake/slurm_logs/rule_estimate_timing/Patient26/61113897.log).

[Tue Mar  4 17:53:18 2025]
rule estimate_timing:
    input: output/multiplicities/Patient77_multiplicities.tsv
    output: output/timing_results/Patient77_timing.tsv, output/timing_plots/Patient77_timing_plot.pdf
    jobid: 97
    reason: Missing output files: output/timing_plots/Patient77_timing_plot.pdf
    wildcards: sample=Patient77
    resources: mem_mb=1000, mem_mib=954, disk_mb=1000, disk_mib=954, tmpdir=<TBD>, slurm_account=park_contrib, slurm_partition=park, runtime=14400

Job 97 has been submitted with SLURM jobid 61113898 (log: /n/data1/hms/dbmi/park/jbrew/Tau/Tau_github/examples/inform_run/snakemake/.snakemake/slurm_logs/rule_estimate_timing/Patient77/61113898.log).

[Tue Mar  4 17:53:19 2025]
rule estimate_timing:
    input: output/multiplicities/Patient33_multiplicities.tsv
    output: output/timing_results/Patient33_timing.tsv, output/timing_plots/Patient33_timing_plot.pdf
    jobid: 41
    reason: Missing output files: output/timing_plots/Patient33_timing_plot.pdf
    wildcards: sample=Patient33
    resources: mem_mb=1000, mem_mib=954, disk_mb=1000, disk_mib=954, tmpdir=<TBD>, slurm_account=park_contrib, slurm_partition=park, runtime=14400

Job 41 has been submitted with SLURM jobid 61113899 (log: /n/data1/hms/dbmi/park/jbrew/Tau/Tau_github/examples/inform_run/snakemake/.snakemake/slurm_logs/rule_estimate_timing/Patient33/61113899.log).

[Tue Mar  4 17:53:19 2025]
rule estimate_timing:
    input: output/multiplicities/Patient7_multiplicities.tsv
    output: output/timing_results/Patient7_timing.tsv, output/timing_plots/Patient7_timing_plot.pdf
    jobid: 101
    reason: Missing output files: output/timing_plots/Patient7_timing_plot.pdf
    wildcards: sample=Patient7
    resources: mem_mb=1000, mem_mib=954, disk_mb=1000, disk_mib=954, tmpdir=<TBD>, slurm_account=park_contrib, slurm_partition=park, runtime=14400

Job 101 has been submitted with SLURM jobid 61113900 (log: /n/data1/hms/dbmi/park/jbrew/Tau/Tau_github/examples/inform_run/snakemake/.snakemake/slurm_logs/rule_estimate_timing/Patient7/61113900.log).

[Tue Mar  4 17:53:19 2025]
rule estimate_timing:
    input: output/multiplicities/Patient34_multiplicities.tsv
    output: output/timing_results/Patient34_timing.tsv, output/timing_plots/Patient34_timing_plot.pdf
    jobid: 45
    reason: Missing output files: output/timing_plots/Patient34_timing_plot.pdf
    wildcards: sample=Patient34
    resources: mem_mb=1000, mem_mib=954, disk_mb=1000, disk_mib=954, tmpdir=<TBD>, slurm_account=park_contrib, slurm_partition=park, runtime=14400

Job 45 has been submitted with SLURM jobid 61113901 (log: /n/data1/hms/dbmi/park/jbrew/Tau/Tau_github/examples/inform_run/snakemake/.snakemake/slurm_logs/rule_estimate_timing/Patient34/61113901.log).

[Tue Mar  4 17:53:20 2025]
rule estimate_timing:
    input: output/multiplicities/Patient80_multiplicities.tsv
    output: output/timing_results/Patient80_timing.tsv, output/timing_plots/Patient80_timing_plot.pdf
    jobid: 105
    reason: Missing output files: output/timing_plots/Patient80_timing_plot.pdf
    wildcards: sample=Patient80
    resources: mem_mb=1000, mem_mib=954, disk_mb=1000, disk_mib=954, tmpdir=<TBD>, slurm_account=park_contrib, slurm_partition=park, runtime=14400

Job 105 has been submitted with SLURM jobid 61113902 (log: /n/data1/hms/dbmi/park/jbrew/Tau/Tau_github/examples/inform_run/snakemake/.snakemake/slurm_logs/rule_estimate_timing/Patient80/61113902.log).

[Tue Mar  4 17:53:20 2025]
rule estimate_timing:
    input: output/multiplicities/Patient81_multiplicities.tsv
    output: output/timing_results/Patient81_timing.tsv, output/timing_plots/Patient81_timing_plot.pdf
    jobid: 109
    reason: Missing output files: output/timing_plots/Patient81_timing_plot.pdf
    wildcards: sample=Patient81
    resources: mem_mb=1000, mem_mib=954, disk_mb=1000, disk_mib=954, tmpdir=<TBD>, slurm_account=park_contrib, slurm_partition=park, runtime=14400

Job 109 has been submitted with SLURM jobid 61113903 (log: /n/data1/hms/dbmi/park/jbrew/Tau/Tau_github/examples/inform_run/snakemake/.snakemake/slurm_logs/rule_estimate_timing/Patient81/61113903.log).
[Tue Mar  4 18:02:33 2025]
Finished job 113.
1 of 34 steps (3%) done
[Tue Mar  4 18:04:14 2025]
Finished job 57.
2 of 34 steps (6%) done
[Tue Mar  4 18:05:55 2025]
Finished job 117.
3 of 34 steps (9%) done
[Tue Mar  4 18:06:05 2025]
Finished job 49.
4 of 34 steps (12%) done
[Tue Mar  4 18:08:36 2025]
Finished job 1.
5 of 34 steps (15%) done
[Tue Mar  4 18:09:06 2025]
Finished job 53.
6 of 34 steps (18%) done
[Tue Mar  4 18:09:36 2025]
Finished job 121.
7 of 34 steps (21%) done
[Tue Mar  4 18:10:07 2025]
Finished job 61.
8 of 34 steps (24%) done
[Tue Mar  4 18:11:47 2025]
Finished job 65.
9 of 34 steps (26%) done
[Tue Mar  4 18:11:57 2025]
Finished job 125.
10 of 34 steps (29%) done
[Tue Mar  4 18:14:28 2025]
Finished job 5.
11 of 34 steps (32%) done
[Tue Mar  4 18:14:29 2025]
Finished job 69.
12 of 34 steps (35%) done
[Tue Mar  4 18:15:29 2025]
Finished job 9.
13 of 34 steps (38%) done
[Tue Mar  4 18:15:59 2025]
Error in rule estimate_timing:
    message: SLURM-job '61113884' failed, SLURM status is: 'FAILED'. For further error details see the cluster/cloud log and the log files of the involved rule(s).
    jobid: 13
    input: output/multiplicities/Patient15_multiplicities.tsv
    output: output/timing_results/Patient15_timing.tsv, output/timing_plots/Patient15_timing_plot.pdf
    log: /n/data1/hms/dbmi/park/jbrew/Tau/Tau_github/examples/inform_run/snakemake/.snakemake/slurm_logs/rule_estimate_timing/Patient15/61113884.log (check log file(s) for error details)
    shell:
        
        python scripts/estimate_timing.py             --sample Patient15             --multiplicities output/multiplicities/Patient15_multiplicities.tsv             --output_tsv output/timing_results/Patient15_timing.tsv             --output_plot output/timing_plots/Patient15_timing_plot.pdf
        
        (one of the commands exited with non-zero exit code; note that snakemake uses bash strict mode!)
    external_jobid: 61113884

Trying to restart job 13.
Select jobs to execute...
Execute 1 jobs...

[Tue Mar  4 18:15:59 2025]
rule estimate_timing:
    input: output/multiplicities/Patient15_multiplicities.tsv
    output: output/timing_results/Patient15_timing.tsv, output/timing_plots/Patient15_timing_plot.pdf
    jobid: 13
    reason: Missing output files: output/timing_plots/Patient15_timing_plot.pdf
    wildcards: sample=Patient15
    resources: mem_mb=1000, mem_mib=954, disk_mb=1000, disk_mib=954, tmpdir=<TBD>, slurm_account=park_contrib, slurm_partition=park, runtime=14400

Job 13 has been submitted with SLURM jobid 61114826 (log: /n/data1/hms/dbmi/park/jbrew/Tau/Tau_github/examples/inform_run/snakemake/.snakemake/slurm_logs/rule_estimate_timing/Patient15/61114826.log).
[Tue Mar  4 18:17:10 2025]
Finished job 73.
14 of 34 steps (41%) done
[Tue Mar  4 18:20:41 2025]
Finished job 17.
15 of 34 steps (44%) done
[Tue Mar  4 18:20:41 2025]
Finished job 81.
16 of 34 steps (47%) done
[Tue Mar  4 18:20:51 2025]
Finished job 129.
17 of 34 steps (50%) done
[Tue Mar  4 18:22:32 2025]
Finished job 25.
18 of 34 steps (53%) done
[Tue Mar  4 18:22:42 2025]
Finished job 85.
19 of 34 steps (56%) done
[Tue Mar  4 18:24:23 2025]
Finished job 77.
20 of 34 steps (59%) done
[Tue Mar  4 18:24:24 2025]
Finished job 89.
21 of 34 steps (62%) done
[Tue Mar  4 18:26:55 2025]
Finished job 33.
22 of 34 steps (65%) done
[Tue Mar  4 18:26:55 2025]
Finished job 93.
23 of 34 steps (68%) done
[Tue Mar  4 18:27:25 2025]
Finished job 21.
24 of 34 steps (71%) done
[Tue Mar  4 18:28:26 2025]
Finished job 37.
25 of 34 steps (74%) done
[Tue Mar  4 18:30:06 2025]
Finished job 101.
26 of 34 steps (76%) done
[Tue Mar  4 18:31:07 2025]
Finished job 97.
27 of 34 steps (79%) done
[Tue Mar  4 18:31:07 2025]
Finished job 41.
28 of 34 steps (82%) done
[Tue Mar  4 18:32:08 2025]
Error in rule estimate_timing:
    message: SLURM-job '61113893' failed, SLURM status is: 'OUT_OF_MEMORY'. For further error details see the cluster/cloud log and the log files of the involved rule(s).
    jobid: 29
    input: output/multiplicities/Patient20_multiplicities.tsv
    output: output/timing_results/Patient20_timing.tsv, output/timing_plots/Patient20_timing_plot.pdf
    log: /n/data1/hms/dbmi/park/jbrew/Tau/Tau_github/examples/inform_run/snakemake/.snakemake/slurm_logs/rule_estimate_timing/Patient20/61113893.log (check log file(s) for error details)
    shell:
        
        python scripts/estimate_timing.py             --sample Patient20             --multiplicities output/multiplicities/Patient20_multiplicities.tsv             --output_tsv output/timing_results/Patient20_timing.tsv             --output_plot output/timing_plots/Patient20_timing_plot.pdf
        
        (one of the commands exited with non-zero exit code; note that snakemake uses bash strict mode!)
    external_jobid: 61113893

Trying to restart job 29.
Select jobs to execute...
Execute 1 jobs...

[Tue Mar  4 18:32:08 2025]
rule estimate_timing:
    input: output/multiplicities/Patient20_multiplicities.tsv
    output: output/timing_results/Patient20_timing.tsv, output/timing_plots/Patient20_timing_plot.pdf
    jobid: 29
    reason: Missing output files: output/timing_plots/Patient20_timing_plot.pdf
    wildcards: sample=Patient20
    resources: mem_mb=1000, mem_mib=954, disk_mb=1000, disk_mib=954, tmpdir=<TBD>, slurm_account=park_contrib, slurm_partition=park, runtime=14400

Job 29 has been submitted with SLURM jobid 61115225 (log: /n/data1/hms/dbmi/park/jbrew/Tau/Tau_github/examples/inform_run/snakemake/.snakemake/slurm_logs/rule_estimate_timing/Patient20/61115225.log).
[Tue Mar  4 18:32:48 2025]
Finished job 105.
29 of 34 steps (85%) done
[Tue Mar  4 18:34:29 2025]
Finished job 45.
30 of 34 steps (88%) done
[Tue Mar  4 18:34:29 2025]
Finished job 109.
31 of 34 steps (91%) done
[Tue Mar  4 18:38:00 2025]
Error in rule estimate_timing:
    message: SLURM-job '61114826' failed, SLURM status is: 'FAILED'. For further error details see the cluster/cloud log and the log files of the involved rule(s).
    jobid: 13
    input: output/multiplicities/Patient15_multiplicities.tsv
    output: output/timing_results/Patient15_timing.tsv, output/timing_plots/Patient15_timing_plot.pdf
    log: /n/data1/hms/dbmi/park/jbrew/Tau/Tau_github/examples/inform_run/snakemake/.snakemake/slurm_logs/rule_estimate_timing/Patient15/61114826.log (check log file(s) for error details)
    shell:
        
        python scripts/estimate_timing.py             --sample Patient15             --multiplicities output/multiplicities/Patient15_multiplicities.tsv             --output_tsv output/timing_results/Patient15_timing.tsv             --output_plot output/timing_plots/Patient15_timing_plot.pdf
        
        (one of the commands exited with non-zero exit code; note that snakemake uses bash strict mode!)
    external_jobid: 61114826

Trying to restart job 13.
Select jobs to execute...
Execute 1 jobs...

[Tue Mar  4 18:38:00 2025]
rule estimate_timing:
    input: output/multiplicities/Patient15_multiplicities.tsv
    output: output/timing_results/Patient15_timing.tsv, output/timing_plots/Patient15_timing_plot.pdf
    jobid: 13
    reason: Missing output files: output/timing_plots/Patient15_timing_plot.pdf
    wildcards: sample=Patient15
    resources: mem_mb=1000, mem_mib=954, disk_mb=1000, disk_mib=954, tmpdir=<TBD>, slurm_account=park_contrib, slurm_partition=park, runtime=14400

Job 13 has been submitted with SLURM jobid 61115428 (log: /n/data1/hms/dbmi/park/jbrew/Tau/Tau_github/examples/inform_run/snakemake/.snakemake/slurm_logs/rule_estimate_timing/Patient15/61115428.log).
[Tue Mar  4 18:39:10 2025]
Error in rule estimate_timing:
    message: SLURM-job '61115428' failed, SLURM status is: 'FAILED'. For further error details see the cluster/cloud log and the log files of the involved rule(s).
    jobid: 13
    input: output/multiplicities/Patient15_multiplicities.tsv
    output: output/timing_results/Patient15_timing.tsv, output/timing_plots/Patient15_timing_plot.pdf
    log: /n/data1/hms/dbmi/park/jbrew/Tau/Tau_github/examples/inform_run/snakemake/.snakemake/slurm_logs/rule_estimate_timing/Patient15/61115428.log (check log file(s) for error details)
    shell:
        
        python scripts/estimate_timing.py             --sample Patient15             --multiplicities output/multiplicities/Patient15_multiplicities.tsv             --output_tsv output/timing_results/Patient15_timing.tsv             --output_plot output/timing_plots/Patient15_timing_plot.pdf
        
        (one of the commands exited with non-zero exit code; note that snakemake uses bash strict mode!)
    external_jobid: 61115428

Trying to restart job 13.
Select jobs to execute...
Execute 1 jobs...

[Tue Mar  4 18:39:10 2025]
rule estimate_timing:
    input: output/multiplicities/Patient15_multiplicities.tsv
    output: output/timing_results/Patient15_timing.tsv, output/timing_plots/Patient15_timing_plot.pdf
    jobid: 13
    reason: Missing output files: output/timing_plots/Patient15_timing_plot.pdf
    wildcards: sample=Patient15
    resources: mem_mb=1000, mem_mib=954, disk_mb=1000, disk_mib=954, tmpdir=<TBD>, slurm_account=park_contrib, slurm_partition=park, runtime=14400

Job 13 has been submitted with SLURM jobid 61115497 (log: /n/data1/hms/dbmi/park/jbrew/Tau/Tau_github/examples/inform_run/snakemake/.snakemake/slurm_logs/rule_estimate_timing/Patient15/61115497.log).
[Tue Mar  4 18:45:31 2025]
Error in rule estimate_timing:
    message: SLURM-job '61115497' failed, SLURM status is: 'FAILED'. For further error details see the cluster/cloud log and the log files of the involved rule(s).
    jobid: 13
    input: output/multiplicities/Patient15_multiplicities.tsv
    output: output/timing_results/Patient15_timing.tsv, output/timing_plots/Patient15_timing_plot.pdf
    log: /n/data1/hms/dbmi/park/jbrew/Tau/Tau_github/examples/inform_run/snakemake/.snakemake/slurm_logs/rule_estimate_timing/Patient15/61115497.log (check log file(s) for error details)
    shell:
        
        python scripts/estimate_timing.py             --sample Patient15             --multiplicities output/multiplicities/Patient15_multiplicities.tsv             --output_tsv output/timing_results/Patient15_timing.tsv             --output_plot output/timing_plots/Patient15_timing_plot.pdf
        
        (one of the commands exited with non-zero exit code; note that snakemake uses bash strict mode!)
    external_jobid: 61115497

[Tue Mar  4 18:47:31 2025]
Error in rule estimate_timing:
    message: SLURM-job '61115225' failed, SLURM status is: 'OUT_OF_MEMORY'. For further error details see the cluster/cloud log and the log files of the involved rule(s).
    jobid: 29
    input: output/multiplicities/Patient20_multiplicities.tsv
    output: output/timing_results/Patient20_timing.tsv, output/timing_plots/Patient20_timing_plot.pdf
    log: /n/data1/hms/dbmi/park/jbrew/Tau/Tau_github/examples/inform_run/snakemake/.snakemake/slurm_logs/rule_estimate_timing/Patient20/61115225.log (check log file(s) for error details)
    shell:
        
        python scripts/estimate_timing.py             --sample Patient20             --multiplicities output/multiplicities/Patient20_multiplicities.tsv             --output_tsv output/timing_results/Patient20_timing.tsv             --output_plot output/timing_plots/Patient20_timing_plot.pdf
        
        (one of the commands exited with non-zero exit code; note that snakemake uses bash strict mode!)
    external_jobid: 61115225

Trying to restart job 29.
Shutting down, this might take some time.
Exiting because a job execution failed. Look above for error message
Complete log: .snakemake/log/2025-03-04T175247.236386.snakemake.log
WorkflowError:
At least one job did not complete successfully.
