host: compute-a-16-171.o2.rc.hms.harvard.edu
Building DAG of jobs...
Using shell: /usr/bin/bash
Provided cores: 1 (use --cores to define parallelism)
Rules claiming more threads will be scaled down.
Job stats:
job                count
---------------  -------
all                    1
estimate_timing       27
total                 28

Select jobs to execute...
Execute 1 jobs...

[Tue Mar  4 15:48:24 2025]
localrule estimate_timing:
    input: output/multiplicities/Patient82_multiplicities.tsv
    output: output/timing_results/Patient82_timing.tsv, output/timing_plots/Patient82_timing_plot.pdf
    jobid: 113
    reason: Missing output files: output/timing_plots/Patient82_timing_plot.pdf
    wildcards: sample=Patient82
    resources: tmpdir=/tmp

[Tue Mar  4 15:49:48 2025]
Finished job 113.
1 of 28 steps (4%) done
Select jobs to execute...
Execute 1 jobs...

[Tue Mar  4 15:49:48 2025]
localrule estimate_timing:
    input: output/multiplicities/Patient44_multiplicities.tsv
    output: output/timing_results/Patient44_timing.tsv, output/timing_plots/Patient44_timing_plot.pdf
    jobid: 57
    reason: Missing output files: output/timing_plots/Patient44_timing_plot.pdf
    wildcards: sample=Patient44
    resources: tmpdir=/tmp

[Tue Mar  4 15:50:02 2025]
Finished job 57.
2 of 28 steps (7%) done
Select jobs to execute...
Execute 1 jobs...

[Tue Mar  4 15:50:02 2025]
localrule estimate_timing:
    input: output/multiplicities/Patient86_multiplicities.tsv
    output: output/timing_results/Patient86_timing.tsv, output/timing_plots/Patient86_timing_plot.pdf
    jobid: 117
    reason: Missing output files: output/timing_plots/Patient86_timing_plot.pdf
    wildcards: sample=Patient86
    resources: tmpdir=/tmp

Terminating processes on user request, this might take some time.
[Tue Mar  4 15:50:09 2025]
Error in rule estimate_timing:
    jobid: 117
    input: output/multiplicities/Patient86_multiplicities.tsv
    output: output/timing_results/Patient86_timing.tsv, output/timing_plots/Patient86_timing_plot.pdf
    shell:
        
        python scripts/estimate_timing.py             --sample Patient86             --multiplicities output/multiplicities/Patient86_multiplicities.tsv             --output_tsv output/timing_results/Patient86_timing.tsv             --output_plot output/timing_plots/Patient86_timing_plot.pdf
        
        (one of the commands exited with non-zero exit code; note that snakemake uses bash strict mode!)

Complete log: .snakemake/log/2025-03-04T154824.179463.snakemake.log
WorkflowError:
At least one job did not complete successfully.
