host: compute-a-16-45.o2.rc.hms.harvard.edu
Building DAG of jobs...
Using shell: /usr/bin/bash
Provided cores: 1 (use --cores to define parallelism)
Rules claiming more threads will be scaled down.
Job stats:
job                      count
---------------------  -------
all                          1
calculate_likelihoods       33
count_multiplicities        33
estimate_timing             33
preprocess                   3
total                      103

Select jobs to execute...
Execute 1 jobs...

[Wed Feb 26 16:20:01 2025]
localrule calculate_likelihoods:
    input: output/preprocessed/Patient43_preprocessed.tsv, ../inform_data/all_exposures_aligned_0.01_0.05_0.05_0.001_0.001_0.001_0.001_0.001_sub0.005.txt, ../inform_data/COSMIC_v3p2_SBS_WGS_MuSiCal.csv, /n/data1/hms/dbmi/park/jbrew/ref/hg19_decoy/human_g1k_v37_decoy.fasta
    output: output/likelihoods/Patient43_likelihoods.tsv
    jobid: 55
    reason: Missing output files: output/likelihoods/Patient43_likelihoods.tsv; Code has changed since last execution; Params have changed since last execution: Union of exclusive params before and now across all output: before: <nothing exclusive> now: 'participant' 
    wildcards: sample=Patient43
    resources: tmpdir=/tmp, mem_mb=1000, mem_mib=954, time=5:00

[Wed Feb 26 16:20:14 2025]
Error in rule calculate_likelihoods:
    jobid: 55
    input: output/preprocessed/Patient43_preprocessed.tsv, ../inform_data/all_exposures_aligned_0.01_0.05_0.05_0.001_0.001_0.001_0.001_0.001_sub0.005.txt, ../inform_data/COSMIC_v3p2_SBS_WGS_MuSiCal.csv, /n/data1/hms/dbmi/park/jbrew/ref/hg19_decoy/human_g1k_v37_decoy.fasta
    output: output/likelihoods/Patient43_likelihoods.tsv
    shell:
        
        python scripts/calculate_likelihoods.py             --sample Patient43             --preprocessed_file output/preprocessed/Patient43_preprocessed.tsv             --exposure ../inform_data/all_exposures_aligned_0.01_0.05_0.05_0.001_0.001_0.001_0.001_0.001_sub0.005.txt             --signature ../inform_data/COSMIC_v3p2_SBS_WGS_MuSiCal.csv             --output output/likelihoods/Patient43_likelihoods.tsv             --ref_genome /n/data1/hms/dbmi/park/jbrew/ref/hg19_decoy/human_g1k_v37_decoy.fasta             --sample_column participant
        
        (one of the commands exited with non-zero exit code; note that snakemake uses bash strict mode!)

Shutting down, this might take some time.
Exiting because a job execution failed. Look above for error message
Complete log: .snakemake/log/2025-02-26T162001.504134.snakemake.log
WorkflowError:
At least one job did not complete successfully.
