host: compute-a-16-109.o2.rc.hms.harvard.edu
Building DAG of jobs...
Using shell: /usr/bin/bash
Provided cores: 1 (use --cores to define parallelism)
Rules claiming more threads will be scaled down.
Job stats:
job                      count
---------------------  -------
all                          1
calculate_likelihoods       33
count_multiplicities        33
estimate_timing             33
preprocess                  33
total                      133

Select jobs to execute...
Execute 1 jobs...

[Wed Feb 26 15:18:04 2025]
localrule preprocess:
    input: /n/data1/hms/dbmi/park/jbrew/Tau/Tau_github/examples/inform_run/inform_data/INFORM_snv/Patient65.vcf, /n/data1/hms/dbmi/park/jbrew/Tau/Tau_github/examples/inform_run/inform_data/INFORM_cn/Patient65.tsv, ../inform_data/purity_ploidy_inform.txt
    output: output/preprocessed/Patient65_preprocessed.tsv
    jobid: 88
    reason: Missing output files: output/preprocessed/Patient65_preprocessed.tsv
    wildcards: sample=Patient65
    resources: tmpdir=/tmp, mem_mb=1000, mem_mib=954, time=5:00

[Wed Feb 26 15:18:30 2025]
Finished job 88.
1 of 133 steps (1%) done
Select jobs to execute...
Execute 1 jobs...

[Wed Feb 26 15:18:30 2025]
localrule preprocess:
    input: /n/data1/hms/dbmi/park/jbrew/Tau/Tau_github/examples/inform_run/inform_data/INFORM_snv/Patient1.vcf, /n/data1/hms/dbmi/park/jbrew/Tau/Tau_github/examples/inform_run/inform_data/INFORM_cn/Patient1.tsv, ../inform_data/purity_ploidy_inform.txt
    output: output/preprocessed/Patient1_preprocessed.tsv
    jobid: 28
    reason: Missing output files: output/preprocessed/Patient1_preprocessed.tsv
    wildcards: sample=Patient1
    resources: tmpdir=/tmp, mem_mb=1000, mem_mib=954, time=5:00

Terminating processes on user request, this might take some time.
[Wed Feb 26 15:18:44 2025]
Error in rule preprocess:
    jobid: 28
    input: /n/data1/hms/dbmi/park/jbrew/Tau/Tau_github/examples/inform_run/inform_data/INFORM_snv/Patient1.vcf, /n/data1/hms/dbmi/park/jbrew/Tau/Tau_github/examples/inform_run/inform_data/INFORM_cn/Patient1.tsv, ../inform_data/purity_ploidy_inform.txt
    output: output/preprocessed/Patient1_preprocessed.tsv
    shell:
        
        python scripts/preprocess.py             --sample Patient1             --snv /n/data1/hms/dbmi/park/jbrew/Tau/Tau_github/examples/inform_run/inform_data/INFORM_snv/Patient1.vcf             --cnv /n/data1/hms/dbmi/park/jbrew/Tau/Tau_github/examples/inform_run/inform_data/INFORM_cn/Patient1.tsv             --purity ../inform_data/purity_ploidy_inform.txt             --output output/preprocessed/Patient1_preprocessed.tsv
        
        (one of the commands exited with non-zero exit code; note that snakemake uses bash strict mode!)

Complete log: .snakemake/log/2025-02-26T151804.151514.snakemake.log
WorkflowError:
At least one job did not complete successfully.
