host: compute-p-17-181.o2.rc.hms.harvard.edu
Building DAG of jobs...
You are running snakemake in a SLURM job context. This is not recommended, as it may lead to unexpected behavior. Please run Snakemake directly on the login node.
SLURM run ID: befaffdd-ef22-428b-beae-e1fcb30e6171
Using shell: /usr/bin/bash
Provided remote nodes: 300
Job stats:
job                count
---------------  -------
all                    1
estimate_timing       30
total                 31

Select jobs to execute...
Execute 30 jobs...

[Fri Mar  7 15:43:51 2025]
rule estimate_timing:
    input: output/multiplicities/Patient43_multiplicities.tsv
    output: output/timing_results/Patient43_timing.tsv, output/timing_plots/Patient43_timing_plot.pdf
    jobid: 53
    reason: Missing output files: output/timing_plots/Patient43_timing_plot.pdf
    wildcards: sample=Patient43
    resources: mem_mb=1000, mem_mib=954, disk_mb=1000, disk_mib=954, tmpdir=<TBD>, slurm_account=park_contrib, slurm_partition=park, runtime=14400

Job 53 has been submitted with SLURM jobid 61322316 (log: /n/data1/hms/dbmi/park/jbrew/Tau/Tau_github/examples/inform_run/snakemake/.snakemake/slurm_logs/rule_estimate_timing/Patient43/61322316.log).

[Fri Mar  7 15:44:14 2025]
rule estimate_timing:
    input: output/multiplicities/Patient86_multiplicities.tsv
    output: output/timing_results/Patient86_timing.tsv, output/timing_plots/Patient86_timing_plot.pdf
    jobid: 117
    reason: Missing output files: output/timing_plots/Patient86_timing_plot.pdf
    wildcards: sample=Patient86
    resources: mem_mb=1000, mem_mib=954, disk_mb=1000, disk_mib=954, tmpdir=<TBD>, slurm_account=park_contrib, slurm_partition=park, runtime=14400

Job 117 has been submitted with SLURM jobid 61322322 (log: /n/data1/hms/dbmi/park/jbrew/Tau/Tau_github/examples/inform_run/snakemake/.snakemake/slurm_logs/rule_estimate_timing/Patient86/61322322.log).

[Fri Mar  7 15:44:14 2025]
rule estimate_timing:
    input: output/multiplicities/Patient47_multiplicities.tsv
    output: output/timing_results/Patient47_timing.tsv, output/timing_plots/Patient47_timing_plot.pdf
    jobid: 61
    reason: Missing output files: output/timing_plots/Patient47_timing_plot.pdf
    wildcards: sample=Patient47
    resources: mem_mb=1000, mem_mib=954, disk_mb=1000, disk_mib=954, tmpdir=<TBD>, slurm_account=park_contrib, slurm_partition=park, runtime=14400

Job 61 has been submitted with SLURM jobid 61322327 (log: /n/data1/hms/dbmi/park/jbrew/Tau/Tau_github/examples/inform_run/snakemake/.snakemake/slurm_logs/rule_estimate_timing/Patient47/61322327.log).

[Fri Mar  7 15:44:15 2025]
rule estimate_timing:
    input: output/multiplicities/Patient87_multiplicities.tsv
    output: output/timing_results/Patient87_timing.tsv, output/timing_plots/Patient87_timing_plot.pdf
    jobid: 121
    reason: Missing output files: output/timing_plots/Patient87_timing_plot.pdf
    wildcards: sample=Patient87
    resources: mem_mb=1000, mem_mib=954, disk_mb=1000, disk_mib=954, tmpdir=<TBD>, slurm_account=park_contrib, slurm_partition=park, runtime=14400

Job 121 has been submitted with SLURM jobid 61322331 (log: /n/data1/hms/dbmi/park/jbrew/Tau/Tau_github/examples/inform_run/snakemake/.snakemake/slurm_logs/rule_estimate_timing/Patient87/61322331.log).

[Fri Mar  7 15:44:15 2025]
rule estimate_timing:
    input: output/multiplicities/Patient101_multiplicities.tsv
    output: output/timing_results/Patient101_timing.tsv, output/timing_plots/Patient101_timing_plot.pdf
    jobid: 1
    reason: Missing output files: output/timing_plots/Patient101_timing_plot.pdf
    wildcards: sample=Patient101
    resources: mem_mb=1000, mem_mib=954, disk_mb=1000, disk_mib=954, tmpdir=<TBD>, slurm_account=park_contrib, slurm_partition=park, runtime=14400

Job 1 has been submitted with SLURM jobid 61322332 (log: /n/data1/hms/dbmi/park/jbrew/Tau/Tau_github/examples/inform_run/snakemake/.snakemake/slurm_logs/rule_estimate_timing/Patient101/61322332.log).

[Fri Mar  7 15:44:16 2025]
rule estimate_timing:
    input: output/multiplicities/Patient50_multiplicities.tsv
    output: output/timing_results/Patient50_timing.tsv, output/timing_plots/Patient50_timing_plot.pdf
    jobid: 65
    reason: Missing output files: output/timing_plots/Patient50_timing_plot.pdf
    wildcards: sample=Patient50
    resources: mem_mb=1000, mem_mib=954, disk_mb=1000, disk_mib=954, tmpdir=<TBD>, slurm_account=park_contrib, slurm_partition=park, runtime=14400

Job 65 has been submitted with SLURM jobid 61322333 (log: /n/data1/hms/dbmi/park/jbrew/Tau/Tau_github/examples/inform_run/snakemake/.snakemake/slurm_logs/rule_estimate_timing/Patient50/61322333.log).

[Fri Mar  7 15:44:16 2025]
rule estimate_timing:
    input: output/multiplicities/Patient109_multiplicities.tsv
    output: output/timing_results/Patient109_timing.tsv, output/timing_plots/Patient109_timing_plot.pdf
    jobid: 5
    reason: Missing output files: output/timing_plots/Patient109_timing_plot.pdf
    wildcards: sample=Patient109
    resources: mem_mb=1000, mem_mib=954, disk_mb=1000, disk_mib=954, tmpdir=<TBD>, slurm_account=park_contrib, slurm_partition=park, runtime=14400

Job 5 has been submitted with SLURM jobid 61322334 (log: /n/data1/hms/dbmi/park/jbrew/Tau/Tau_github/examples/inform_run/snakemake/.snakemake/slurm_logs/rule_estimate_timing/Patient109/61322334.log).

[Fri Mar  7 15:44:17 2025]
rule estimate_timing:
    input: output/multiplicities/Patient90_multiplicities.tsv
    output: output/timing_results/Patient90_timing.tsv, output/timing_plots/Patient90_timing_plot.pdf
    jobid: 125
    reason: Missing output files: output/timing_plots/Patient90_timing_plot.pdf
    wildcards: sample=Patient90
    resources: mem_mb=1000, mem_mib=954, disk_mb=1000, disk_mib=954, tmpdir=<TBD>, slurm_account=park_contrib, slurm_partition=park, runtime=14400

Job 125 has been submitted with SLURM jobid 61322335 (log: /n/data1/hms/dbmi/park/jbrew/Tau/Tau_github/examples/inform_run/snakemake/.snakemake/slurm_logs/rule_estimate_timing/Patient90/61322335.log).

[Fri Mar  7 15:44:17 2025]
rule estimate_timing:
    input: output/multiplicities/Patient113_multiplicities.tsv
    output: output/timing_results/Patient113_timing.tsv, output/timing_plots/Patient113_timing_plot.pdf
    jobid: 9
    reason: Missing output files: output/timing_plots/Patient113_timing_plot.pdf
    wildcards: sample=Patient113
    resources: mem_mb=1000, mem_mib=954, disk_mb=1000, disk_mib=954, tmpdir=<TBD>, slurm_account=park_contrib, slurm_partition=park, runtime=14400

Job 9 has been submitted with SLURM jobid 61322336 (log: /n/data1/hms/dbmi/park/jbrew/Tau/Tau_github/examples/inform_run/snakemake/.snakemake/slurm_logs/rule_estimate_timing/Patient113/61322336.log).

[Fri Mar  7 15:44:18 2025]
rule estimate_timing:
    input: output/multiplicities/Patient55_multiplicities.tsv
    output: output/timing_results/Patient55_timing.tsv, output/timing_plots/Patient55_timing_plot.pdf
    jobid: 69
    reason: Missing output files: output/timing_plots/Patient55_timing_plot.pdf
    wildcards: sample=Patient55
    resources: mem_mb=1000, mem_mib=954, disk_mb=1000, disk_mib=954, tmpdir=<TBD>, slurm_account=park_contrib, slurm_partition=park, runtime=14400

Job 69 has been submitted with SLURM jobid 61322337 (log: /n/data1/hms/dbmi/park/jbrew/Tau/Tau_github/examples/inform_run/snakemake/.snakemake/slurm_logs/rule_estimate_timing/Patient55/61322337.log).

[Fri Mar  7 15:44:18 2025]
rule estimate_timing:
    input: output/multiplicities/Patient94_multiplicities.tsv
    output: output/timing_results/Patient94_timing.tsv, output/timing_plots/Patient94_timing_plot.pdf
    jobid: 129
    reason: Missing output files: output/timing_plots/Patient94_timing_plot.pdf
    wildcards: sample=Patient94
    resources: mem_mb=1000, mem_mib=954, disk_mb=1000, disk_mib=954, tmpdir=<TBD>, slurm_account=park_contrib, slurm_partition=park, runtime=14400

Job 129 has been submitted with SLURM jobid 61322338 (log: /n/data1/hms/dbmi/park/jbrew/Tau/Tau_github/examples/inform_run/snakemake/.snakemake/slurm_logs/rule_estimate_timing/Patient94/61322338.log).

[Fri Mar  7 15:44:19 2025]
rule estimate_timing:
    input: output/multiplicities/Patient15_multiplicities.tsv
    output: output/timing_results/Patient15_timing.tsv, output/timing_plots/Patient15_timing_plot.pdf
    jobid: 13
    reason: Missing output files: output/timing_plots/Patient15_timing_plot.pdf
    wildcards: sample=Patient15
    resources: mem_mb=1000, mem_mib=954, disk_mb=1000, disk_mib=954, tmpdir=<TBD>, slurm_account=park_contrib, slurm_partition=park, runtime=14400

Job 13 has been submitted with SLURM jobid 61322339 (log: /n/data1/hms/dbmi/park/jbrew/Tau/Tau_github/examples/inform_run/snakemake/.snakemake/slurm_logs/rule_estimate_timing/Patient15/61322339.log).

[Fri Mar  7 15:44:19 2025]
rule estimate_timing:
    input: output/multiplicities/Patient57_multiplicities.tsv
    output: output/timing_results/Patient57_timing.tsv, output/timing_plots/Patient57_timing_plot.pdf
    jobid: 73
    reason: Missing output files: output/timing_plots/Patient57_timing_plot.pdf
    wildcards: sample=Patient57
    resources: mem_mb=1000, mem_mib=954, disk_mb=1000, disk_mib=954, tmpdir=<TBD>, slurm_account=park_contrib, slurm_partition=park, runtime=14400

Job 73 has been submitted with SLURM jobid 61322340 (log: /n/data1/hms/dbmi/park/jbrew/Tau/Tau_github/examples/inform_run/snakemake/.snakemake/slurm_logs/rule_estimate_timing/Patient57/61322340.log).

[Fri Mar  7 15:44:20 2025]
rule estimate_timing:
    input: output/multiplicities/Patient17_multiplicities.tsv
    output: output/timing_results/Patient17_timing.tsv, output/timing_plots/Patient17_timing_plot.pdf
    jobid: 17
    reason: Missing output files: output/timing_plots/Patient17_timing_plot.pdf
    wildcards: sample=Patient17
    resources: mem_mb=1000, mem_mib=954, disk_mb=1000, disk_mib=954, tmpdir=<TBD>, slurm_account=park_contrib, slurm_partition=park, runtime=14400

Job 17 has been submitted with SLURM jobid 61322341 (log: /n/data1/hms/dbmi/park/jbrew/Tau/Tau_github/examples/inform_run/snakemake/.snakemake/slurm_logs/rule_estimate_timing/Patient17/61322341.log).

[Fri Mar  7 15:44:20 2025]
rule estimate_timing:
    input: output/multiplicities/Patient58_multiplicities.tsv
    output: output/timing_results/Patient58_timing.tsv, output/timing_plots/Patient58_timing_plot.pdf
    jobid: 77
    reason: Missing output files: output/timing_plots/Patient58_timing_plot.pdf
    wildcards: sample=Patient58
    resources: mem_mb=1000, mem_mib=954, disk_mb=1000, disk_mib=954, tmpdir=<TBD>, slurm_account=park_contrib, slurm_partition=park, runtime=14400

Job 77 has been submitted with SLURM jobid 61322342 (log: /n/data1/hms/dbmi/park/jbrew/Tau/Tau_github/examples/inform_run/snakemake/.snakemake/slurm_logs/rule_estimate_timing/Patient58/61322342.log).

[Fri Mar  7 15:44:21 2025]
rule estimate_timing:
    input: output/multiplicities/Patient18_multiplicities.tsv
    output: output/timing_results/Patient18_timing.tsv, output/timing_plots/Patient18_timing_plot.pdf
    jobid: 21
    reason: Missing output files: output/timing_plots/Patient18_timing_plot.pdf
    wildcards: sample=Patient18
    resources: mem_mb=1000, mem_mib=954, disk_mb=1000, disk_mib=954, tmpdir=<TBD>, slurm_account=park_contrib, slurm_partition=park, runtime=14400

Job 21 has been submitted with SLURM jobid 61322343 (log: /n/data1/hms/dbmi/park/jbrew/Tau/Tau_github/examples/inform_run/snakemake/.snakemake/slurm_logs/rule_estimate_timing/Patient18/61322343.log).

[Fri Mar  7 15:44:21 2025]
rule estimate_timing:
    input: output/multiplicities/Patient64_multiplicities.tsv
    output: output/timing_results/Patient64_timing.tsv, output/timing_plots/Patient64_timing_plot.pdf
    jobid: 81
    reason: Missing output files: output/timing_plots/Patient64_timing_plot.pdf
    wildcards: sample=Patient64
    resources: mem_mb=1000, mem_mib=954, disk_mb=1000, disk_mib=954, tmpdir=<TBD>, slurm_account=park_contrib, slurm_partition=park, runtime=14400

Job 81 has been submitted with SLURM jobid 61322344 (log: /n/data1/hms/dbmi/park/jbrew/Tau/Tau_github/examples/inform_run/snakemake/.snakemake/slurm_logs/rule_estimate_timing/Patient64/61322344.log).

[Fri Mar  7 15:44:22 2025]
rule estimate_timing:
    input: output/multiplicities/Patient1_multiplicities.tsv
    output: output/timing_results/Patient1_timing.tsv, output/timing_plots/Patient1_timing_plot.pdf
    jobid: 25
    reason: Missing output files: output/timing_plots/Patient1_timing_plot.pdf
    wildcards: sample=Patient1
    resources: mem_mb=1000, mem_mib=954, disk_mb=1000, disk_mib=954, tmpdir=<TBD>, slurm_account=park_contrib, slurm_partition=park, runtime=14400

Job 25 has been submitted with SLURM jobid 61322345 (log: /n/data1/hms/dbmi/park/jbrew/Tau/Tau_github/examples/inform_run/snakemake/.snakemake/slurm_logs/rule_estimate_timing/Patient1/61322345.log).

[Fri Mar  7 15:44:23 2025]
rule estimate_timing:
    input: output/multiplicities/Patient65_multiplicities.tsv
    output: output/timing_results/Patient65_timing.tsv, output/timing_plots/Patient65_timing_plot.pdf
    jobid: 85
    reason: Missing output files: output/timing_plots/Patient65_timing_plot.pdf
    wildcards: sample=Patient65
    resources: mem_mb=1000, mem_mib=954, disk_mb=1000, disk_mib=954, tmpdir=<TBD>, slurm_account=park_contrib, slurm_partition=park, runtime=14400

Job 85 has been submitted with SLURM jobid 61322346 (log: /n/data1/hms/dbmi/park/jbrew/Tau/Tau_github/examples/inform_run/snakemake/.snakemake/slurm_logs/rule_estimate_timing/Patient65/61322346.log).

[Fri Mar  7 15:44:23 2025]
rule estimate_timing:
    input: output/multiplicities/Patient20_multiplicities.tsv
    output: output/timing_results/Patient20_timing.tsv, output/timing_plots/Patient20_timing_plot.pdf
    jobid: 29
    reason: Missing output files: output/timing_plots/Patient20_timing_plot.pdf
    wildcards: sample=Patient20
    resources: mem_mb=1000, mem_mib=954, disk_mb=1000, disk_mib=954, tmpdir=<TBD>, slurm_account=park_contrib, slurm_partition=park, runtime=14400

Job 29 has been submitted with SLURM jobid 61322347 (log: /n/data1/hms/dbmi/park/jbrew/Tau/Tau_github/examples/inform_run/snakemake/.snakemake/slurm_logs/rule_estimate_timing/Patient20/61322347.log).

[Fri Mar  7 15:44:24 2025]
rule estimate_timing:
    input: output/multiplicities/Patient68_multiplicities.tsv
    output: output/timing_results/Patient68_timing.tsv, output/timing_plots/Patient68_timing_plot.pdf
    jobid: 89
    reason: Missing output files: output/timing_plots/Patient68_timing_plot.pdf
    wildcards: sample=Patient68
    resources: mem_mb=1000, mem_mib=954, disk_mb=1000, disk_mib=954, tmpdir=<TBD>, slurm_account=park_contrib, slurm_partition=park, runtime=14400

Job 89 has been submitted with SLURM jobid 61322348 (log: /n/data1/hms/dbmi/park/jbrew/Tau/Tau_github/examples/inform_run/snakemake/.snakemake/slurm_logs/rule_estimate_timing/Patient68/61322348.log).

[Fri Mar  7 15:44:24 2025]
rule estimate_timing:
    input: output/multiplicities/Patient25_multiplicities.tsv
    output: output/timing_results/Patient25_timing.tsv, output/timing_plots/Patient25_timing_plot.pdf
    jobid: 33
    reason: Missing output files: output/timing_plots/Patient25_timing_plot.pdf
    wildcards: sample=Patient25
    resources: mem_mb=1000, mem_mib=954, disk_mb=1000, disk_mib=954, tmpdir=<TBD>, slurm_account=park_contrib, slurm_partition=park, runtime=14400

Job 33 has been submitted with SLURM jobid 61322350 (log: /n/data1/hms/dbmi/park/jbrew/Tau/Tau_github/examples/inform_run/snakemake/.snakemake/slurm_logs/rule_estimate_timing/Patient25/61322350.log).

[Fri Mar  7 15:44:25 2025]
rule estimate_timing:
    input: output/multiplicities/Patient76_multiplicities.tsv
    output: output/timing_results/Patient76_timing.tsv, output/timing_plots/Patient76_timing_plot.pdf
    jobid: 93
    reason: Missing output files: output/timing_plots/Patient76_timing_plot.pdf
    wildcards: sample=Patient76
    resources: mem_mb=1000, mem_mib=954, disk_mb=1000, disk_mib=954, tmpdir=<TBD>, slurm_account=park_contrib, slurm_partition=park, runtime=14400

Job 93 has been submitted with SLURM jobid 61322352 (log: /n/data1/hms/dbmi/park/jbrew/Tau/Tau_github/examples/inform_run/snakemake/.snakemake/slurm_logs/rule_estimate_timing/Patient76/61322352.log).

[Fri Mar  7 15:44:33 2025]
rule estimate_timing:
    input: output/multiplicities/Patient26_multiplicities.tsv
    output: output/timing_results/Patient26_timing.tsv, output/timing_plots/Patient26_timing_plot.pdf
    jobid: 37
    reason: Missing output files: output/timing_plots/Patient26_timing_plot.pdf
    wildcards: sample=Patient26
    resources: mem_mb=1000, mem_mib=954, disk_mb=1000, disk_mib=954, tmpdir=<TBD>, slurm_account=park_contrib, slurm_partition=park, runtime=14400

Job 37 has been submitted with SLURM jobid 61322354 (log: /n/data1/hms/dbmi/park/jbrew/Tau/Tau_github/examples/inform_run/snakemake/.snakemake/slurm_logs/rule_estimate_timing/Patient26/61322354.log).

[Fri Mar  7 15:44:34 2025]
rule estimate_timing:
    input: output/multiplicities/Patient77_multiplicities.tsv
    output: output/timing_results/Patient77_timing.tsv, output/timing_plots/Patient77_timing_plot.pdf
    jobid: 97
    reason: Missing output files: output/timing_plots/Patient77_timing_plot.pdf
    wildcards: sample=Patient77
    resources: mem_mb=1000, mem_mib=954, disk_mb=1000, disk_mib=954, tmpdir=<TBD>, slurm_account=park_contrib, slurm_partition=park, runtime=14400

Job 97 has been submitted with SLURM jobid 61322355 (log: /n/data1/hms/dbmi/park/jbrew/Tau/Tau_github/examples/inform_run/snakemake/.snakemake/slurm_logs/rule_estimate_timing/Patient77/61322355.log).

[Fri Mar  7 15:44:34 2025]
rule estimate_timing:
    input: output/multiplicities/Patient33_multiplicities.tsv
    output: output/timing_results/Patient33_timing.tsv, output/timing_plots/Patient33_timing_plot.pdf
    jobid: 41
    reason: Missing output files: output/timing_plots/Patient33_timing_plot.pdf
    wildcards: sample=Patient33
    resources: mem_mb=1000, mem_mib=954, disk_mb=1000, disk_mib=954, tmpdir=<TBD>, slurm_account=park_contrib, slurm_partition=park, runtime=14400

Job 41 has been submitted with SLURM jobid 61322356 (log: /n/data1/hms/dbmi/park/jbrew/Tau/Tau_github/examples/inform_run/snakemake/.snakemake/slurm_logs/rule_estimate_timing/Patient33/61322356.log).

[Fri Mar  7 15:44:35 2025]
rule estimate_timing:
    input: output/multiplicities/Patient7_multiplicities.tsv
    output: output/timing_results/Patient7_timing.tsv, output/timing_plots/Patient7_timing_plot.pdf
    jobid: 101
    reason: Missing output files: output/timing_plots/Patient7_timing_plot.pdf
    wildcards: sample=Patient7
    resources: mem_mb=1000, mem_mib=954, disk_mb=1000, disk_mib=954, tmpdir=<TBD>, slurm_account=park_contrib, slurm_partition=park, runtime=14400

Job 101 has been submitted with SLURM jobid 61322357 (log: /n/data1/hms/dbmi/park/jbrew/Tau/Tau_github/examples/inform_run/snakemake/.snakemake/slurm_logs/rule_estimate_timing/Patient7/61322357.log).

[Fri Mar  7 15:44:36 2025]
rule estimate_timing:
    input: output/multiplicities/Patient34_multiplicities.tsv
    output: output/timing_results/Patient34_timing.tsv, output/timing_plots/Patient34_timing_plot.pdf
    jobid: 45
    reason: Missing output files: output/timing_plots/Patient34_timing_plot.pdf
    wildcards: sample=Patient34
    resources: mem_mb=1000, mem_mib=954, disk_mb=1000, disk_mib=954, tmpdir=<TBD>, slurm_account=park_contrib, slurm_partition=park, runtime=14400

Job 45 has been submitted with SLURM jobid 61322358 (log: /n/data1/hms/dbmi/park/jbrew/Tau/Tau_github/examples/inform_run/snakemake/.snakemake/slurm_logs/rule_estimate_timing/Patient34/61322358.log).

[Fri Mar  7 15:44:36 2025]
rule estimate_timing:
    input: output/multiplicities/Patient80_multiplicities.tsv
    output: output/timing_results/Patient80_timing.tsv, output/timing_plots/Patient80_timing_plot.pdf
    jobid: 105
    reason: Missing output files: output/timing_plots/Patient80_timing_plot.pdf
    wildcards: sample=Patient80
    resources: mem_mb=1000, mem_mib=954, disk_mb=1000, disk_mib=954, tmpdir=<TBD>, slurm_account=park_contrib, slurm_partition=park, runtime=14400

Job 105 has been submitted with SLURM jobid 61322359 (log: /n/data1/hms/dbmi/park/jbrew/Tau/Tau_github/examples/inform_run/snakemake/.snakemake/slurm_logs/rule_estimate_timing/Patient80/61322359.log).

[Fri Mar  7 15:44:37 2025]
rule estimate_timing:
    input: output/multiplicities/Patient37_multiplicities.tsv
    output: output/timing_results/Patient37_timing.tsv, output/timing_plots/Patient37_timing_plot.pdf
    jobid: 49
    reason: Missing output files: output/timing_plots/Patient37_timing_plot.pdf
    wildcards: sample=Patient37
    resources: mem_mb=1000, mem_mib=954, disk_mb=1000, disk_mib=954, tmpdir=<TBD>, slurm_account=park_contrib, slurm_partition=park, runtime=14400

Job 49 has been submitted with SLURM jobid 61322360 (log: /n/data1/hms/dbmi/park/jbrew/Tau/Tau_github/examples/inform_run/snakemake/.snakemake/slurm_logs/rule_estimate_timing/Patient37/61322360.log).
[Fri Mar  7 15:46:46 2025]
Finished job 53.
1 of 31 steps (3%) done
[Fri Mar  7 15:46:46 2025]
Finished job 121.
2 of 31 steps (6%) done
[Fri Mar  7 15:46:46 2025]
Finished job 1.
3 of 31 steps (10%) done
[Fri Mar  7 15:46:46 2025]
Finished job 65.
4 of 31 steps (13%) done
[Fri Mar  7 15:46:47 2025]
Finished job 125.
5 of 31 steps (16%) done
[Fri Mar  7 15:46:47 2025]
Finished job 129.
6 of 31 steps (19%) done
[Fri Mar  7 15:46:48 2025]
Finished job 13.
7 of 31 steps (23%) done
[Fri Mar  7 15:46:48 2025]
Finished job 73.
8 of 31 steps (26%) done
[Fri Mar  7 15:46:58 2025]
Finished job 61.
9 of 31 steps (29%) done
[Fri Mar  7 15:46:59 2025]
Finished job 69.
10 of 31 steps (32%) done
[Fri Mar  7 15:47:09 2025]
Finished job 5.
11 of 31 steps (35%) done
[Fri Mar  7 15:47:09 2025]
Finished job 9.
12 of 31 steps (39%) done
[Fri Mar  7 15:47:19 2025]
Finished job 117.
13 of 31 steps (42%) done
[Fri Mar  7 15:47:49 2025]
Finished job 89.
14 of 31 steps (45%) done
[Fri Mar  7 15:47:50 2025]
Finished job 17.
15 of 31 steps (48%) done
[Fri Mar  7 15:47:50 2025]
Finished job 81.
16 of 31 steps (52%) done
[Fri Mar  7 15:47:50 2025]
Finished job 25.
17 of 31 steps (55%) done
[Fri Mar  7 15:47:50 2025]
Finished job 85.
18 of 31 steps (58%) done
[Fri Mar  7 15:47:51 2025]
Finished job 33.
19 of 31 steps (61%) done
[Fri Mar  7 15:47:51 2025]
Finished job 93.
20 of 31 steps (65%) done
[Fri Mar  7 15:48:01 2025]
Finished job 77.
21 of 31 steps (68%) done
[Fri Mar  7 15:48:02 2025]
Finished job 21.
22 of 31 steps (71%) done
[Fri Mar  7 15:49:02 2025]
Finished job 41.
23 of 31 steps (74%) done
[Fri Mar  7 15:49:02 2025]
Finished job 105.
24 of 31 steps (77%) done
[Fri Mar  7 15:49:03 2025]
Finished job 49.
25 of 31 steps (81%) done
[Fri Mar  7 15:49:13 2025]
Finished job 97.
26 of 31 steps (84%) done
[Fri Mar  7 15:49:43 2025]
Finished job 37.
27 of 31 steps (87%) done
[Fri Mar  7 15:49:53 2025]
Finished job 101.
28 of 31 steps (90%) done
[Fri Mar  7 15:50:23 2025]
Finished job 45.
29 of 31 steps (94%) done
[Fri Mar  7 15:53:55 2025]
Finished job 29.
30 of 31 steps (97%) done
Select jobs to execute...
Execute 1 jobs...

[Fri Mar  7 15:53:55 2025]
localrule all:
    input: output/timing_plots/Patient101_timing_plot.pdf, output/timing_plots/Patient109_timing_plot.pdf, output/timing_plots/Patient113_timing_plot.pdf, output/timing_plots/Patient15_timing_plot.pdf, output/timing_plots/Patient17_timing_plot.pdf, output/timing_plots/Patient18_timing_plot.pdf, output/timing_plots/Patient1_timing_plot.pdf, output/timing_plots/Patient20_timing_plot.pdf, output/timing_plots/Patient25_timing_plot.pdf, output/timing_plots/Patient26_timing_plot.pdf, output/timing_plots/Patient33_timing_plot.pdf, output/timing_plots/Patient34_timing_plot.pdf, output/timing_plots/Patient37_timing_plot.pdf, output/timing_plots/Patient43_timing_plot.pdf, output/timing_plots/Patient44_timing_plot.pdf, output/timing_plots/Patient47_timing_plot.pdf, output/timing_plots/Patient50_timing_plot.pdf, output/timing_plots/Patient55_timing_plot.pdf, output/timing_plots/Patient57_timing_plot.pdf, output/timing_plots/Patient58_timing_plot.pdf, output/timing_plots/Patient64_timing_plot.pdf, output/timing_plots/Patient65_timing_plot.pdf, output/timing_plots/Patient68_timing_plot.pdf, output/timing_plots/Patient76_timing_plot.pdf, output/timing_plots/Patient77_timing_plot.pdf, output/timing_plots/Patient7_timing_plot.pdf, output/timing_plots/Patient80_timing_plot.pdf, output/timing_plots/Patient81_timing_plot.pdf, output/timing_plots/Patient82_timing_plot.pdf, output/timing_plots/Patient86_timing_plot.pdf, output/timing_plots/Patient87_timing_plot.pdf, output/timing_plots/Patient90_timing_plot.pdf, output/timing_plots/Patient94_timing_plot.pdf
    jobid: 0
    reason: Input files updated by another job: output/timing_plots/Patient90_timing_plot.pdf, output/timing_plots/Patient55_timing_plot.pdf, output/timing_plots/Patient86_timing_plot.pdf, output/timing_plots/Patient26_timing_plot.pdf, output/timing_plots/Patient20_timing_plot.pdf, output/timing_plots/Patient50_timing_plot.pdf, output/timing_plots/Patient37_timing_plot.pdf, output/timing_plots/Patient76_timing_plot.pdf, output/timing_plots/Patient113_timing_plot.pdf, output/timing_plots/Patient15_timing_plot.pdf, output/timing_plots/Patient68_timing_plot.pdf, output/timing_plots/Patient101_timing_plot.pdf, output/timing_plots/Patient87_timing_plot.pdf, output/timing_plots/Patient77_timing_plot.pdf, output/timing_plots/Patient94_timing_plot.pdf, output/timing_plots/Patient58_timing_plot.pdf, output/timing_plots/Patient65_timing_plot.pdf, output/timing_plots/Patient109_timing_plot.pdf, output/timing_plots/Patient7_timing_plot.pdf, output/timing_plots/Patient47_timing_plot.pdf, output/timing_plots/Patient80_timing_plot.pdf, output/timing_plots/Patient57_timing_plot.pdf, output/timing_plots/Patient1_timing_plot.pdf, output/timing_plots/Patient17_timing_plot.pdf, output/timing_plots/Patient33_timing_plot.pdf, output/timing_plots/Patient64_timing_plot.pdf, output/timing_plots/Patient43_timing_plot.pdf, output/timing_plots/Patient34_timing_plot.pdf, output/timing_plots/Patient25_timing_plot.pdf, output/timing_plots/Patient18_timing_plot.pdf
    resources: mem_mb=1000, mem_mib=954, disk_mb=1000, disk_mib=954, tmpdir=/tmp, slurm_account=park_contrib, slurm_partition=park, runtime=14400

[Fri Mar  7 15:53:55 2025]
Finished job 0.
31 of 31 steps (100%) done
Complete log: .snakemake/log/2025-03-07T154340.644944.snakemake.log
