host: compute-a-16-109.o2.rc.hms.harvard.edu
Building DAG of jobs...
Using shell: /usr/bin/bash
Provided cores: 1 (use --cores to define parallelism)
Rules claiming more threads will be scaled down.
Job stats:
job                      count
---------------------  -------
all                          1
calculate_likelihoods       33
count_multiplicities        33
estimate_timing             33
preprocess                  33
total                      133

Select jobs to execute...
Execute 1 jobs...

[Wed Feb 26 15:17:03 2025]
localrule preprocess:
    input: /n/data1/hms/dbmi/park/jbrew/Tau/Tau_github/examples/inform_run/inform_data/INFORM_snv/Patient65.vcf, /n/data1/hms/dbmi/park/jbrew/Tau/Tau_github/examples/inform_run/inform_data/INFORM_cn/Patient65.tsv, ../inform_data/purity_ploidy_inform.txt
    output: output/preprocessed/Patient65_preprocessed.tsv
    jobid: 88
    reason: Missing output files: output/preprocessed/Patient65_preprocessed.tsv
    wildcards: sample=Patient65
    resources: tmpdir=/tmp, mem_mb=1000, mem_mib=954, time=5:00

[Wed Feb 26 15:17:09 2025]
Error in rule preprocess:
    jobid: 88
    input: /n/data1/hms/dbmi/park/jbrew/Tau/Tau_github/examples/inform_run/inform_data/INFORM_snv/Patient65.vcf, /n/data1/hms/dbmi/park/jbrew/Tau/Tau_github/examples/inform_run/inform_data/INFORM_cn/Patient65.tsv, ../inform_data/purity_ploidy_inform.txt
    output: output/preprocessed/Patient65_preprocessed.tsv
    shell:
        
        python scripts/preprocess.py             --sample Patient65             --snv /n/data1/hms/dbmi/park/jbrew/Tau/Tau_github/examples/inform_run/inform_data/INFORM_snv/Patient65.vcf             --cnv /n/data1/hms/dbmi/park/jbrew/Tau/Tau_github/examples/inform_run/inform_data/INFORM_cn/Patient65.tsv             --purity ../inform_data/purity_ploidy_inform.txt             --output output/preprocessed/Patient65_preprocessed.tsv
        
        (one of the commands exited with non-zero exit code; note that snakemake uses bash strict mode!)

Shutting down, this might take some time.
Exiting because a job execution failed. Look above for error message
Complete log: .snakemake/log/2025-02-26T151703.482388.snakemake.log
WorkflowError:
At least one job did not complete successfully.
