host: compute-a-16-45.o2.rc.hms.harvard.edu
Building DAG of jobs...
Using shell: /usr/bin/bash
Provided cores: 1 (use --cores to define parallelism)
Rules claiming more threads will be scaled down.
Job stats:
job                      count
---------------------  -------
all                          1
calculate_likelihoods       33
count_multiplicities        33
estimate_timing             33
preprocess                   3
total                      103

Select jobs to execute...
Execute 1 jobs...

[Wed Feb 26 16:46:43 2025]
localrule calculate_likelihoods:
    input: output/preprocessed/Patient43_preprocessed.tsv, ../inform_data/all_exposures_aligned_0.01_0.05_0.05_0.001_0.001_0.001_0.001_0.001_sub0.005.txt, ../inform_data/COSMIC_v3p2_SBS_WGS_MuSiCal.csv, /n/data1/hms/dbmi/park/SOFTWARE/REFERENCE/hg38/Homo_sapiens_assembly38.fasta
    output: output/likelihoods/Patient43_likelihoods.tsv
    jobid: 55
    reason: Missing output files: output/likelihoods/Patient43_likelihoods.tsv
    wildcards: sample=Patient43
    resources: tmpdir=/tmp, mem_mb=1000, mem_mib=954, time=5:00

[Wed Feb 26 16:46:52 2025]
Finished job 55.
1 of 103 steps (1%) done
Select jobs to execute...
Execute 1 jobs...

[Wed Feb 26 16:46:53 2025]
localrule calculate_likelihoods:
    input: output/preprocessed/Patient82_preprocessed.tsv, ../inform_data/all_exposures_aligned_0.01_0.05_0.05_0.001_0.001_0.001_0.001_0.001_sub0.005.txt, ../inform_data/COSMIC_v3p2_SBS_WGS_MuSiCal.csv, /n/data1/hms/dbmi/park/SOFTWARE/REFERENCE/hg38/Homo_sapiens_assembly38.fasta
    output: output/likelihoods/Patient82_likelihoods.tsv
    jobid: 115
    reason: Missing output files: output/likelihoods/Patient82_likelihoods.tsv; Set of input files has changed since last execution; Code has changed since last execution; Params have changed since last execution: Union of exclusive params before and now across all output: before: <nothing exclusive> now: 'sample' 
    wildcards: sample=Patient82
    resources: tmpdir=/tmp, mem_mb=1000, mem_mib=954, time=5:00

[Wed Feb 26 16:47:00 2025]
Finished job 115.
2 of 103 steps (2%) done
Select jobs to execute...
Execute 1 jobs...

[Wed Feb 26 16:47:00 2025]
localrule calculate_likelihoods:
    input: output/preprocessed/Patient34_preprocessed.tsv, ../inform_data/all_exposures_aligned_0.01_0.05_0.05_0.001_0.001_0.001_0.001_0.001_sub0.005.txt, ../inform_data/COSMIC_v3p2_SBS_WGS_MuSiCal.csv, /n/data1/hms/dbmi/park/SOFTWARE/REFERENCE/hg38/Homo_sapiens_assembly38.fasta
    output: output/likelihoods/Patient34_likelihoods.tsv
    jobid: 47
    reason: Missing output files: output/likelihoods/Patient34_likelihoods.tsv; Set of input files has changed since last execution; Code has changed since last execution; Params have changed since last execution: Union of exclusive params before and now across all output: before: <nothing exclusive> now: 'sample' 
    wildcards: sample=Patient34
    resources: tmpdir=/tmp, mem_mb=1000, mem_mib=954, time=5:00

[Wed Feb 26 16:47:07 2025]
Finished job 47.
3 of 103 steps (3%) done
Select jobs to execute...
Execute 1 jobs...

[Wed Feb 26 16:47:07 2025]
localrule count_multiplicities:
    input: output/likelihoods/Patient43_likelihoods.tsv
    output: output/multiplicities/Patient43_multiplicities.tsv
    jobid: 54
    reason: Missing output files: output/multiplicities/Patient43_multiplicities.tsv; Input files updated by another job: output/likelihoods/Patient43_likelihoods.tsv
    wildcards: sample=Patient43
    resources: tmpdir=/tmp, mem_mb=1000, mem_mib=954, time=5:00

Terminating processes on user request, this might take some time.
[Wed Feb 26 16:47:12 2025]
Error in rule count_multiplicities:
    jobid: 54
    input: output/likelihoods/Patient43_likelihoods.tsv
    output: output/multiplicities/Patient43_multiplicities.tsv
    shell:
        
        python scripts/count_multiplicities.py             --likelihood_file output/likelihoods/Patient43_likelihoods.tsv             --output output/multiplicities/Patient43_multiplicities.tsv
        
        (one of the commands exited with non-zero exit code; note that snakemake uses bash strict mode!)

Complete log: .snakemake/log/2025-02-26T164643.398045.snakemake.log
WorkflowError:
At least one job did not complete successfully.
