host: compute-a-16-160.o2.rc.hms.harvard.edu
Building DAG of jobs...
Using shell: /usr/bin/bash
Provided cores: 1 (use --cores to define parallelism)
Rules claiming more threads will be scaled down.
Job stats:
job                count
---------------  -------
all                    1
estimate_timing        2
total                  3

Select jobs to execute...
Execute 1 jobs...

[Wed Mar  5 09:23:11 2025]
localrule estimate_timing:
    input: output/multiplicities/Patient20_multiplicities.tsv
    output: output/timing_results/Patient20_timing.tsv, output/timing_plots/Patient20_timing_plot.pdf
    jobid: 29
    reason: Missing output files: output/timing_plots/Patient20_timing_plot.pdf
    wildcards: sample=Patient20
    resources: tmpdir=/tmp

Terminating processes on user request, this might take some time.
