host: compute-a-16-169.o2.rc.hms.harvard.edu
Building DAG of jobs...
Using shell: /usr/bin/bash
Provided cores: 1 (use --cores to define parallelism)
Rules claiming more threads will be scaled down.
Job stats:
job                count
---------------  -------
all                    1
estimate_timing       33
total                 34

Select jobs to execute...
Execute 1 jobs...

[Mon Mar  3 16:31:48 2025]
localrule estimate_timing:
    input: output/multiplicities/Patient77_multiplicities.tsv
    output: output/timing_results/Patient77_timing.tsv, output/timing_plots/Patient77_timing_plot.pdf
    jobid: 97
    reason: Missing output files: output/timing_plots/Patient77_timing_plot.pdf
    wildcards: sample=Patient77
    resources: tmpdir=/tmp

[Mon Mar  3 16:32:12 2025]
Finished job 97.
1 of 34 steps (3%) done
Select jobs to execute...
Execute 1 jobs...

[Mon Mar  3 16:32:12 2025]
localrule estimate_timing:
    input: output/multiplicities/Patient47_multiplicities.tsv
    output: output/timing_results/Patient47_timing.tsv, output/timing_plots/Patient47_timing_plot.pdf
    jobid: 61
    reason: Missing output files: output/timing_plots/Patient47_timing_plot.pdf
    wildcards: sample=Patient47
    resources: tmpdir=/tmp

[Mon Mar  3 16:32:18 2025]
Error in rule estimate_timing:
    jobid: 61
    input: output/multiplicities/Patient47_multiplicities.tsv
    output: output/timing_results/Patient47_timing.tsv, output/timing_plots/Patient47_timing_plot.pdf
    shell:
        
        python scripts/estimate_timing.py             --sample Patient47             --multiplicities output/multiplicities/Patient47_multiplicities.tsv             --output_tsv output/timing_results/Patient47_timing.tsv             --output_plot output/timing_plots/Patient47_timing_plot.pdf
        
        (one of the commands exited with non-zero exit code; note that snakemake uses bash strict mode!)

Removing output files of failed job estimate_timing since they might be corrupted:
output/timing_results/Patient47_timing.tsv
Shutting down, this might take some time.
Exiting because a job execution failed. Look above for error message
Complete log: .snakemake/log/2025-03-03T163147.492685.snakemake.log
WorkflowError:
At least one job did not complete successfully.
