host: compute-a-16-160.o2.rc.hms.harvard.edu
Building DAG of jobs...
Using shell: /usr/bin/bash
Provided cores: 1 (use --cores to define parallelism)
Rules claiming more threads will be scaled down.
Job stats:
job                count
---------------  -------
all                    1
estimate_timing       33
total                 34

Select jobs to execute...
Execute 1 jobs...

[Thu Feb 27 13:57:38 2025]
localrule estimate_timing:
    input: output/multiplicities/Patient68_multiplicities.tsv
    output: output/timing_results/Patient68_timing.tsv, output/timing_plots/Patient68_timing_plot.pdf
    jobid: 89
    reason: Missing output files: output/timing_plots/Patient68_timing_plot.pdf
    wildcards: sample=Patient68
    resources: tmpdir=/tmp

[Thu Feb 27 13:57:48 2025]
Finished job 89.
1 of 34 steps (3%) done
Select jobs to execute...
Execute 1 jobs...

[Thu Feb 27 13:57:48 2025]
localrule estimate_timing:
    input: output/multiplicities/Patient82_multiplicities.tsv
    output: output/timing_results/Patient82_timing.tsv, output/timing_plots/Patient82_timing_plot.pdf
    jobid: 113
    reason: Missing output files: output/timing_plots/Patient82_timing_plot.pdf
    wildcards: sample=Patient82
    resources: tmpdir=/tmp

[Thu Feb 27 13:58:00 2025]
Finished job 113.
2 of 34 steps (6%) done
Select jobs to execute...
Execute 1 jobs...

[Thu Feb 27 13:58:00 2025]
localrule estimate_timing:
    input: output/multiplicities/Patient44_multiplicities.tsv
    output: output/timing_results/Patient44_timing.tsv, output/timing_plots/Patient44_timing_plot.pdf
    jobid: 57
    reason: Missing output files: output/timing_plots/Patient44_timing_plot.pdf
    wildcards: sample=Patient44
    resources: tmpdir=/tmp

Terminating processes on user request, this might take some time.
[Thu Feb 27 13:58:02 2025]
Error in rule estimate_timing:
    jobid: 57
    input: output/multiplicities/Patient44_multiplicities.tsv
    output: output/timing_results/Patient44_timing.tsv, output/timing_plots/Patient44_timing_plot.pdf
    shell:
        
        python scripts/estimate_timing.py             --multiplicities output/multiplicities/Patient44_multiplicities.tsv             --output_tsv output/timing_results/Patient44_timing.tsv             --output_plot output/timing_plots/Patient44_timing_plot.pdf
        
        (one of the commands exited with non-zero exit code; note that snakemake uses bash strict mode!)

Complete log: .snakemake/log/2025-02-27T135737.960352.snakemake.log
WorkflowError:
At least one job did not complete successfully.
